Component: ARM Compiler 5.06 update 4 (build 422) Tool: armlink [4d35d2]

==============================================================================

Section Cross References

    startup_stm32f10x_cl.o(RESET) refers to startup_stm32f10x_cl.o(STACK) for __initial_sp
    startup_stm32f10x_cl.o(RESET) refers to startup_stm32f10x_cl.o(.text) for Reset_Handler
    startup_stm32f10x_cl.o(RESET) refers to stm32f10x_it.o(.text) for NMI_Handler
    startup_stm32f10x_cl.o(RESET) refers to port.o(.emb_text) for vPortSVCHandler
    startup_stm32f10x_cl.o(RESET) refers to port.o(.text) for xPortSysTickHandler
    startup_stm32f10x_cl.o(.text) refers to system_stm32f10x.o(.text) for SystemInit
    startup_stm32f10x_cl.o(.text) refers to entry.o(.ARM.Collect$$$$00000000) for __main
    system_stm32f10x.o(.text) refers to system_stm32f10x.o(.data) for SystemCoreClock
    main.o(.text) refers to queue.o(.text) for xQueueGenericReceive
    main.o(.text) refers to stm32f10x_can.o(.text) for CAN_Transmit
    main.o(.text) refers to tasks.o(.text) for vTaskDelay
    main.o(.text) refers to stm32f10x_tim.o(.text) for TIM_ITConfig
    main.o(.text) refers to states.o(.text) for canDispatch
    main.o(.text) refers to printf8.o(i.__0printf$8) for __2printf
    main.o(.text) refers to bsp.o(.text) for BSP_Init
    main.o(.text) refers to app_flash.o(.text) for app_flash_LoadSysConfig
    main.o(.text) refers to netinit.o(.text) for Eth_config
    main.o(.text) refers to netconfig.o(.text) for LwIP_Init
    main.o(.text) refers to timer.o(.text) for TimeDispatch
    main.o(.text) refers to main.o(.bss) for TxMsg
    main.o(.text) refers to main.o(.data) for xCANSendQueue
    main.o(.text) refers to testmaster.o(.data) for TestMaster_Data
    main.o(.text) refers to tcp_client.o(.text) for Task_TCP_Client
    netconfig.o(.text) refers to mem.o(.text) for mem_init
    netconfig.o(.text) refers to memp.o(.text) for memp_init
    netconfig.o(.text) refers to ethernetif.o(.text) for Set_MAC_Address
    netconfig.o(.text) refers to netif.o(.text) for netif_add
    netconfig.o(.text) refers to tasks.o(.text) for vTaskDelay
    netconfig.o(.text) refers to tcp.o(.text) for tcp_tmr
    netconfig.o(.text) refers to etharp.o(.text) for etharp_tmr
    netconfig.o(.text) refers to netconfig.o(.bss) for netif
    netconfig.o(.text) refers to netconfig.o(.data) for TCPTimer
    netinit.o(.text) refers to misc.o(.text) for NVIC_SetVectorTable
    netinit.o(.text) refers to stm32f10x_gpio.o(.text) for GPIO_Init
    netinit.o(.text) refers to stm32f10x_rcc.o(.text) for RCC_APB2PeriphClockCmd
    netinit.o(.text) refers to stm32_eth.o(.text) for ETH_DeInit
    stm32f10x_it.o(.text) refers to printf8.o(i.__0printf$8) for __2printf
    stm32f10x_it.o(.text) refers to stm32f10x_usart.o(.text) for USART_GetITStatus
    stm32f10x_it.o(.text) refers to port.o(.text) for vPortEnterCritical
    stm32f10x_it.o(.text) refers to netconfig.o(.text) for LwIP_Pkt_Handle
    stm32f10x_it.o(.text) refers to stm32_eth.o(.text) for ETH_GetRxPktSize
    stm32f10x_it.o(.text) refers to stm32f10x_can.o(.text) for CAN_Receive
    stm32f10x_it.o(.text) refers to main.o(.text) for CANRcv_DateFromISR
    stm32f10x_it.o(.text) refers to stm32f10x_tim.o(.text) for TIM_GetITStatus
    stm32f10x_it.o(.text) refers to stm32f10x_it.o(.data) for Data
    stm32f10x_it.o(.text) refers to stm32f10x_it.o(.bss) for RxMsg
    tcp_client.o(.text) refers to tcp_out.o(.text) for tcp_write
    tcp_client.o(.text) refers to memseta.o(.text) for __aeabi_memclr4
    tcp_client.o(.text) refers to mqttconnectclient.o(.text) for MQTTSerialize_disconnect
    tcp_client.o(.text) refers to printf8.o(i.__0printf$8) for __2printf
    tcp_client.o(.text) refers to memcpya.o(.text) for __aeabi_memcpy4
    tcp_client.o(.text) refers to mqttserializepublish.o(.text) for MQTTSerialize_publish
    tcp_client.o(.text) refers to mqttsubscribeclient.o(.text) for MQTTSerialize_subscribe
    tcp_client.o(.text) refers to stm32f10x_rcc.o(.text) for RCC_ClearFlag
    tcp_client.o(.text) refers to printf8.o(i.__0sprintf$8) for __2sprintf
    tcp_client.o(.text) refers to strlen.o(.text) for strlen
    tcp_client.o(.text) refers to tcp.o(.text) for tcp_recved
    tcp_client.o(.text) refers to tcp_client.o(.constdata) for .constdata
    tcp_client.o(.text) refers to app_flash.o(.bss) for sysCfg
    tcp_client.o(.text) refers to tcp_client.o(.conststring) for .conststring
    tcp_client.o(.text) refers to app_plat.o(.data) for gateupdata_topic
    tcp_client.o(.text) refers to app_plat.o(.text) for app_palt_Receicedata
    tcp_client.o(.text) refers to pbuf.o(.text) for pbuf_free
    tcp_client.o(.text) refers to tasks.o(.text) for vTaskDelay
    tcp_client.o(.text) refers to app_flash.o(.data) for default_server_pass
    tcp_client.o(.text) refers to ip_addr.o(.constdata) for ip_addr_any
    tcp_client.o(.text) refers to tcp_client.o(.data) for connect_flag
[...]
    ETH_DMATxDescTimeStampCmd                0x08004f87   Thumb Code    22  stm32_eth.o(.text)
    ETH_DMATxDescBufferSizeConfig            0x08004f9d   Thumb Code    14  stm32_eth.o(.text)
    ETH_DMARxDescChainInit                   0x08004fab   Thumb Code    76  stm32_eth.o(.text)
    ETH_DMARxDescRingInit                    0x08004ff7   Thumb Code    86  stm32_eth.o(.text)
    ETH_GetDMARxDescFlagStatus               0x0800504d   Thumb Code    18  stm32_eth.o(.text)
    ETH_SetDMARxDescOwnBit                   0x0800505f   Thumb Code    10  stm32_eth.o(.text)
    ETH_DMARxDescReceiveITConfig             0x08005069   Thumb Code    22  stm32_eth.o(.text)
    ETH_DMARxDescEndOfRingCmd                0x0800507f   Thumb Code    22  stm32_eth.o(.text)
    ETH_DMARxDescSecondAddressChainedCmd     0x08005095   Thumb Code    22  stm32_eth.o(.text)
    ETH_GetDMARxDescBufferSize               0x080050ab   Thumb Code    20  stm32_eth.o(.text)
    ETH_SoftwareReset                        0x080050bf   Thumb Code    14  stm32_eth.o(.text)
    ETH_GetSoftwareResetStatus               0x080050cd   Thumb Code    20  stm32_eth.o(.text)
    ETH_GetDMAFlagStatus                     0x080050e1   Thumb Code    20  stm32_eth.o(.text)
    ETH_DMAClearFlag                         0x080050f5   Thumb Code     6  stm32_eth.o(.text)
    ETH_GetDMAITStatus                       0x080050fb   Thumb Code    20  stm32_eth.o(.text)
    ETH_DMAClearITPendingBit                 0x0800510f   Thumb Code     6  stm32_eth.o(.text)
    ETH_GetTransmitProcessState              0x08005115   Thumb Code    10  stm32_eth.o(.text)
    ETH_GetReceiveProcessState               0x0800511f   Thumb Code    10  stm32_eth.o(.text)
    ETH_GetFlushTransmitFIFOStatus           0x08005129   Thumb Code    20  stm32_eth.o(.text)
    ETH_DMAITConfig                          0x0800513d   Thumb Code    26  stm32_eth.o(.text)
    ETH_GetDMAOverflowStatus                 0x08005157   Thumb Code    20  stm32_eth.o(.text)
    ETH_GetRxOverflowMissedFrameCounter      0x0800516b   Thumb Code    10  stm32_eth.o(.text)
    ETH_GetBufferUnavailableMissedFrameCounter 0x08005175   Thumb Code     8  stm32_eth.o(.text)
    ETH_GetCurrentTxDescStartAddress         0x0800517d   Thumb Code     6  stm32_eth.o(.text)
    ETH_GetCurrentRxDescStartAddress         0x08005183   Thumb Code     6  stm32_eth.o(.text)
    ETH_GetCurrentTxBufferAddress            0x08005189   Thumb Code     6  stm32_eth.o(.text)
    ETH_GetCurrentRxBufferAddress            0x0800518f   Thumb Code     6  stm32_eth.o(.text)
    ETH_ResumeDMATransmission                0x08005195   Thumb Code     8  stm32_eth.o(.text)
    ETH_ResumeDMAReception                   0x0800519d   Thumb Code     8  stm32_eth.o(.text)
    ETH_ResetWakeUpFrameFilterRegisterPointer 0x080051a5   Thumb Code    14  stm32_eth.o(.text)
    ETH_SetWakeUpFrameFilterRegister         0x080051b3   Thumb Code    24  stm32_eth.o(.text)
    ETH_GlobalUnicastWakeUpCmd               0x080051cb   Thumb Code    30  stm32_eth.o(.text)
    ETH_GetPMTFlagStatus                     0x080051e9   Thumb Code    20  stm32_eth.o(.text)
    ETH_WakeUpFrameDetectionCmd              0x080051fd   Thumb Code    30  stm32_eth.o(.text)
    ETH_MagicPacketDetectionCmd              0x0800521b   Thumb Code    46  stm32_eth.o(.text)
    ETH_PowerDownCmd                         0x08005249   Thumb Code    30  stm32_eth.o(.text)
    ETH_MMCCounterFreezeCmd                  0x08005267   Thumb Code    34  stm32_eth.o(.text)
    ETH_MMCResetOnReadCmd                    0x08005289   Thumb Code    34  stm32_eth.o(.text)
    ETH_MMCCounterRolloverCmd                0x080052ab   Thumb Code    34  stm32_eth.o(.text)
    ETH_MMCCountersReset                     0x080052cd   Thumb Code    16  stm32_eth.o(.text)
    ETH_MMCITConfig                          0x080052dd   Thumb Code    78  stm32_eth.o(.text)
    ETH_GetMMCITStatus                       0x0800532b   Thumb Code    66  stm32_eth.o(.text)
    ETH_GetMMCRegister                       0x0800536d   Thumb Code     8  stm32_eth.o(.text)
    ETH_EnablePTPTimeStampAddend             0x08005375   Thumb Code    14  stm32_eth.o(.text)
    ETH_EnablePTPTimeStampInterruptTrigger   0x08005383   Thumb Code    14  stm32_eth.o(.text)
    ETH_EnablePTPTimeStampUpdate             0x08005391   Thumb Code    14  stm32_eth.o(.text)
    ETH_InitializePTPTimeStamp               0x0800539f   Thumb Code    14  stm32_eth.o(.text)
    ETH_PTPUpdateMethodConfig                0x080053ad   Thumb Code    30  stm32_eth.o(.text)
    ETH_PTPTimeStampCmd                      0x080053cb   Thumb Code    30  stm32_eth.o(.text)
    ETH_GetPTPFlagStatus                     0x080053e9   Thumb Code    20  stm32_eth.o(.text)
    ETH_SetPTPSubSecondIncrement             0x080053fd   Thumb Code     8  stm32_eth.o(.text)
    ETH_SetPTPTimeStampUpdate                0x08005405   Thumb Code    20  stm32_eth.o(.text)
    ETH_SetPTPTimeStampAddend                0x08005419   Thumb Code     8  stm32_eth.o(.text)
    ETH_SetPTPTargetTime                     0x08005421   Thumb Code    12  stm32_eth.o(.text)
    ETH_GetPTPRegister                       0x0800542d   Thumb Code     8  stm32_eth.o(.text)
    ETH_DMAPTPTxDescChainInit                0x08005435   Thumb Code    98  stm32_eth.o(.text)
    ETH_DMAPTPRxDescChainInit                0x08005497   Thumb Code   104  stm32_eth.o(.text)
    ETH_HandlePTPTxPkt                       0x080054ff   Thumb Code   338  stm32_eth.o(.text)
    ETH_HandlePTPRxPkt                       0x08005651   Thumb Code   248  stm32_eth.o(.text)
    FLASH_SetLatency                         0x08005755   Thumb Code    18  stm32f10x_flash.o(.text)
    FLASH_HalfCycleAccessCmd                 0x08005767   Thumb Code    22  stm32f10x_flash.o(.text)
    FLASH_PrefetchBufferCmd                  0x0800577d   Thumb Code    22  stm32f10x_flash.o(.text)
    FLASH_Unlock                             0x08005793   Thumb Code    12  stm32f10x_flash.o(.text)
    FLASH_UnlockBank1                        0x0800579f   Thumb Code    12  stm32f10x_flash.o(.text)
    FLASH_Lock                               0x080057ab   Thumb Code    14  stm32f10x_flash.o(.text)
    FLASH_LockBank1                          0x080057b9   Thumb Code    14  stm32f10x_flash.o(.text)
    FLASH_GetBank1Status                     0x080057c7   Thumb Code    48  stm32f10x_flash.o(.text)
    FLASH_WaitForLastOperation               0x080057f7   Thumb Code    38  stm32f10x_flash.o(.text)
    FLASH_ErasePage                          0x0800581d   Thumb Code    72  stm32f10x_flash.o(.text)
    FLASH_EraseAllPages                      0x08005865   Thumb Code    68  stm32f10x_flash.o(.text)
    FLASH_WaitForLastBank1Operation          0x080058a9   Thumb Code    38  stm32f10x_flash.o(.text)
    FLASH_EraseAllBank1Pages                 0x080058cf   Thumb Code    68  stm32f10x_flash.o(.text)
    FLASH_GetReadOutProtectionStatus         0x08005913   Thumb Code    20  stm32f10x_flash.o(.text)
    FLASH_EraseOptionBytes                   0x08005927   Thumb Code   150  stm32f10x_flash.o(.text)
    FLASH_ProgramWord                        0x080059bd   Thumb Code   102  stm32f10x_flash.o(.text)
    FLASH_ProgramHalfWord                    0x08005a23   Thumb Code    60  stm32f10x_flash.o(.text)
    FLASH_ProgramOptionByteData              0x08005a5f   Thumb Code    72  stm32f10x_flash.o(.text)
    FLASH_EnableWriteProtection              0x08005aa7   Thumb Code   200  stm32f10x_flash.o(.text)
    FLASH_ReadOutProtection                  0x08005b6f   Thumb Code   156  stm32f10x_flash.o(.text)
    FLASH_UserOptionByteConfig               0x08005c0b   Thumb Code    88  stm32f10x_flash.o(.text)
    FLASH_GetUserOptionByte                  0x08005c63   Thumb Code     8  stm32f10x_flash.o(.text)
    FLASH_GetWriteProtectionOptionByte       0x08005c6b   Thumb Code     6  stm32f10x_flash.o(.text)
    FLASH_GetPrefetchBufferStatus            0x08005c71   Thumb Code    20  stm32f10x_flash.o(.text)
    FLASH_ITConfig                           0x08005c85   Thumb Code    26  stm32f10x_flash.o(.text)
    FLASH_GetFlagStatus                      0x08005c9f   Thumb Code    42  stm32f10x_flash.o(.text)
    FLASH_ClearFlag                          0x08005cc9   Thumb Code     6  stm32f10x_flash.o(.text)
    FLASH_GetStatus                          0x08005ccf   Thumb Code    48  stm32f10x_flash.o(.text)
    vListInitialise                          0x08005d11   Thumb Code    26  list.o(.text)
    vListInitialiseItem                      0x08005d2b   Thumb Code     6  list.o(.text)
    vListInsertEnd                           0x08005d31   Thumb Code    24  list.o(.text)
    vListInsert                              0x08005d49   Thumb Code    52  list.o(.text)
    uxListRemove                             0x08005d7d   Thumb Code    40  list.o(.text)
    xQueueGenericReset                       0x08005da5   Thumb Code   110  queue.o(.text)
    xQueueGenericCreate                      0x08005e13   Thumb Code    72  queue.o(.text)
    xQueueGenericSend                        0x08005f65   Thumb Code   234  queue.o(.text)
    xQueueGenericSendFromISR                 0x0800604f   Thumb Code   114  queue.o(.text)
    xQueueGenericReceive                     0x08006105   Thumb Code   254  queue.o(.text)
    xQueueReceiveFromISR                     0x08006203   Thumb Code    96  queue.o(.text)
    xQueuePeekFromISR                        0x08006263   Thumb Code    50  queue.o(.text)
    uxQueueMessagesWaiting                   0x08006295   Thumb Code    18  queue.o(.text)
    uxQueueSpacesAvailable                   0x080062a7   Thumb Code    24  queue.o(.text)
    uxQueueMessagesWaitingFromISR            0x080062bf   Thumb Code     6  queue.o(.text)
    vQueueDelete                             0x080062c5   Thumb Code    24  queue.o(.text)
    xQueueIsQueueEmptyFromISR                0x080062dd   Thumb Code    14  queue.o(.text)
    xQueueIsQueueFullFromISR                 0x080062eb   Thumb Code    18  queue.o(.text)
    xTaskGenericCreate                       0x080063c5   Thumb Code   226  tasks.o(.text)
    vTaskDelete                              0x080064d1   Thumb Code   138  tasks.o(.text)
    xTaskIncrementTick                       0x0800655b   Thumb Code   242  tasks.o(.text)
    xTaskResumeAll                           0x0800664d   Thumb Code   268  tasks.o(.text)
    vTaskSuspendAll                          0x08006797   Thumb Code    12  tasks.o(.text)
    vTaskDelayUntil                          0x080067a3   Thumb Code   126  tasks.o(.text)
    vTaskDelay                               0x08006821   Thumb Code    72  tasks.o(.text)
    uxTaskPriorityGet                        0x08006869   Thumb Code    30  tasks.o(.text)
    vTaskPrioritySet                         0x08006887   Thumb Code   204  tasks.o(.text)
    vTaskSwitchContext                       0x08006953   Thumb Code    76  tasks.o(.text)
    vTaskSuspend                             0x0800699f   Thumb Code   150  tasks.o(.text)
    vTaskResume                              0x08006a6d   Thumb Code    94  tasks.o(.text)
    xTaskResumeFromISR                       0x08006acb   Thumb Code   166  tasks.o(.text)
    vTaskStartScheduler                      0x08006bed   Thumb Code    52  tasks.o(.text)
    vTaskEndScheduler                        0x08006c21   Thumb Code    18  tasks.o(.text)
    xTaskGetTickCount                        0x08006c33   Thumb Code    18  tasks.o(.text)
    xTaskGetTickCountFromISR                 0x08006c45   Thumb Code    22  tasks.o(.text)
    uxTaskGetNumberOfTasks                   0x08006c5b   Thumb Code     6  tasks.o(.text)
    vTaskPlaceOnEventList                    0x08006c61   Thumb Code    84  tasks.o(.text)
    vTaskPlaceOnUnorderedEventList           0x08006cb5   Thumb Code   100  tasks.o(.text)
    xTaskRemoveFromEventList                 0x08006d19   Thumb Code   104  tasks.o(.text)
    xTaskRemoveFromUnorderedEventList        0x08006d81   Thumb Code    94  tasks.o(.text)
    vTaskSetTimeOutState                     0x08006ddf   Thumb Code    14  tasks.o(.text)
    xTaskCheckForTimeOut                     0x08006ded   Thumb Code    84  tasks.o(.text)
    vTaskMissedYield                         0x08006e41   Thumb Code     8  tasks.o(.text)
    uxTaskResetEventItemValue                0x08006e49   Thumb Code    24  tasks.o(.text)
    pvPortMalloc                             0x08006f63   Thumb Code   188  heap_4.o(.text)
    vPortFree                                0x0800701f   Thumb Code    64  heap_4.o(.text)
    xPortGetFreeHeapSize                     0x0800705f   Thumb Code     6  heap_4.o(.text)
    xPortGetMinimumEverFreeHeapSize          0x08007065   Thumb Code     6  heap_4.o(.text)
    vPortInitialiseBlocks                    0x0800706b   Thumb Code     2  heap_4.o(.text)
    pxPortInitialiseStack                    0x0800708d   Thumb Code    26  port.o(.text)
    vPortSetupTimerInterrupt                 0x080070a7   Thumb Code    14  port.o(.text)
    xPortStartScheduler                      0x080070b5   Thumb Code    42  port.o(.text)
    vPortEndScheduler                        0x080070df   Thumb Code     2  port.o(.text)
    vPortYield                               0x080070e1   Thumb Code    20  port.o(.text)
    vPortEnterCritical                       0x080070f5   Thumb Code    26  port.o(.text)
    vPortExitCritical                        0x0800710f   Thumb Code    26  port.o(.text)
    xPortSysTickHandler                      0x08007129   Thumb Code    30  port.o(.text)
    Set_MAC_Address                          0x08007159   Thumb Code    40  ethernetif.o(.text)
    ETH_TxPkt_ChainMode                      0x0800720f   Thumb Code    94  ethernetif.o(.text)
    ETH_GetCurrentTxBuffer                   0x0800726d   Thumb Code     8  ethernetif.o(.text)
    ETH_RxPkt_ChainMode                      0x080072a9   Thumb Code   148  ethernetif.o(.text)
    ethernetif_input                         0x080073ab   Thumb Code    48  ethernetif.o(.text)
    ethernetif_init                          0x080073db   Thumb Code    66  ethernetif.o(.text)
    sys_mbox_new                             0x08007445   Thumb Code    32  sys_arch.o(.text)
    sys_mbox_free                            0x08007465   Thumb Code    18  sys_arch.o(.text)
    sys_mbox_post                            0x08007477   Thumb Code    24  sys_arch.o(.text)
    sys_mbox_trypost                         0x0800748f   Thumb Code    32  sys_arch.o(.text)
    sys_arch_mbox_fetch                      0x080074af   Thumb Code    98  sys_arch.o(.text)
    sys_arch_mbox_tryfetch                   0x08007511   Thumb Code    36  sys_arch.o(.text)
    sys_mbox_valid                           0x08007535   Thumb Code    14  sys_arch.o(.text)
    sys_mbox_set_invalid                     0x08007543   Thumb Code     6  sys_arch.o(.text)
    sys_sem_new                              0x08007549   Thumb Code    62  sys_arch.o(.text)
    sys_arch_sem_wait                        0x08007587   Thumb Code    86  sys_arch.o(.text)
    sys_sem_signal                           0x080075dd   Thumb Code    18  sys_arch.o(.text)
    sys_sem_free                             0x080075ef   Thumb Code    12  sys_arch.o(.text)
    sys_sem_valid                            0x080075fb   Thumb Code    14  sys_arch.o(.text)
    sys_sem_set_invalid                      0x08007609   Thumb Code     6  sys_arch.o(.text)
    sys_init                                 0x0800760f   Thumb Code     8  sys_arch.o(.text)
    sys_thread_new                           0x08007617   Thumb Code    76  sys_arch.o(.text)
    sys_arch_protect                         0x08007663   Thumb Code    10  sys_arch.o(.text)
    sys_arch_unprotect                       0x0800766d   Thumb Code    10  sys_arch.o(.text)
    sys_assert                               0x08007677   Thumb Code     8  sys_arch.o(.text)
    lwip_htons                               0x08007685   Thumb Code    12  def.o(.text)
    lwip_ntohs                               0x08007691   Thumb Code    12  def.o(.text)
    lwip_htonl                               0x0800769d   Thumb Code    26  def.o(.text)
    lwip_ntohl                               0x080076b7   Thumb Code    12  def.o(.text)
    mem_init                                 0x08007741   Thumb Code    90  mem.o(.text)
    mem_free                                 0x0800779b   Thumb Code    90  mem.o(.text)
    mem_trim                                 0x080077f5   Thumb Code   270  mem.o(.text)
    mem_malloc                               0x08007903   Thumb Code   258  mem.o(.text)
    mem_calloc                               0x08007a05   Thumb Code    34  mem.o(.text)
    memp_init                                0x08007a3d   Thumb Code    82  memp.o(.text)
    memp_malloc                              0x08007a8f   Thumb Code    44  memp.o(.text)
    memp_free                                0x08007abb   Thumb Code    28  memp.o(.text)
    netif_init                               0x08007ae9   Thumb Code     2  netif.o(.text)
    netif_set_gw                             0x08007aeb   Thumb Code    16  netif.o(.text)
    netif_set_netmask                        0x08007afb   Thumb Code    16  netif.o(.text)
    netif_set_ipaddr                         0x08007b0b   Thumb Code   124  netif.o(.text)
    netif_set_addr                           0x08007b87   Thumb Code    40  netif.o(.text)
    netif_add                                0x08007baf   Thumb Code   130  netif.o(.text)
    netif_set_default                        0x08007c31   Thumb Code    10  netif.o(.text)
    netif_set_down                           0x08007c3b   Thumb Code    42  netif.o(.text)
    netif_remove                             0x08007c65   Thumb Code    94  netif.o(.text)
    netif_find                               0x08007cc3   Thumb Code    72  netif.o(.text)
    netif_set_up                             0x08007d0b   Thumb Code    54  netif.o(.text)
    netif_set_link_up                        0x08007d41   Thumb Code    68  netif.o(.text)
    netif_set_link_down                      0x08007d85   Thumb Code    42  netif.o(.text)
    netif_set_link_callback                  0x08007daf   Thumb Code     6  netif.o(.text)
    pbuf_free                                0x08007dc9   Thumb Code   126  pbuf.o(.text)
    pbuf_alloc                               0x08007e47   Thumb Code   418  pbuf.o(.text)
    pbuf_realloc                             0x08007fe9   Thumb Code   120  pbuf.o(.text)
    pbuf_header                              0x08008061   Thumb Code   134  pbuf.o(.text)
    pbuf_clen                                0x080080e7   Thumb Code    18  pbuf.o(.text)
    pbuf_ref                                 0x080080f9   Thumb Code    10  pbuf.o(.text)
    pbuf_cat                                 0x08008103   Thumb Code    56  pbuf.o(.text)
    pbuf_chain                               0x0800813b   Thumb Code    26  pbuf.o(.text)
    pbuf_dechain                             0x08008155   Thumb Code    66  pbuf.o(.text)
    pbuf_copy                                0x08008197   Thumb Code   200  pbuf.o(.text)
    pbuf_copy_partial                        0x0800825f   Thumb Code   146  pbuf.o(.text)
    pbuf_take                                0x080082f1   Thumb Code   116  pbuf.o(.text)
    pbuf_coalesce                            0x08008365   Thumb Code    60  pbuf.o(.text)
    pbuf_get_at                              0x080083a1   Thumb Code    46  pbuf.o(.text)
    pbuf_memcmp                              0x080083cf   Thumb Code    96  pbuf.o(.text)
    pbuf_memfind                             0x0800842f   Thumb Code    76  pbuf.o(.text)
    pbuf_strstr                              0x0800847b   Thumb Code    60  pbuf.o(.text)
    raw_input                                0x080084b9   Thumb Code   102  raw.o(.text)
    raw_bind                                 0x0800851f   Thumb Code    16  raw.o(.text)
    raw_connect                              0x0800852f   Thumb Code    16  raw.o(.text)
    raw_recv                                 0x0800853f   Thumb Code     6  raw.o(.text)
    raw_sendto                               0x08008545   Thumb Code   172  raw.o(.text)
    raw_send                                 0x080085f1   Thumb Code    18  raw.o(.text)
    raw_remove                               0x08008603   Thumb Code    60  raw.o(.text)
    raw_new                                  0x0800863f   Thumb Code    46  raw.o(.text)
    tcp_init                                 0x08008679   Thumb Code     2  tcp.o(.text)
    tcp_seg_free                             0x0800867b   Thumb Code    26  tcp.o(.text)
    tcp_segs_free                            0x08008695   Thumb Code    24  tcp.o(.text)
    tcp_pcb_purge                            0x080086ad   Thumb Code    88  tcp.o(.text)
    tcp_slowtmr                              0x08008705   Thumb Code   830  tcp.o(.text)
    tcp_pcb_remove                           0x08008a43   Thumb Code   140  tcp.o(.text)
    tcp_close                                0x08008ca7   Thumb Code    28  tcp.o(.text)
    tcp_update_rcv_ann_wnd                   0x08008cc3   Thumb Code    78  tcp.o(.text)
    tcp_recved                               0x08008d11   Thumb Code    74  tcp.o(.text)
    tcp_recv_null                            0x08008d5b   Thumb Code    46  tcp.o(.text)
    tcp_process_refused_data                 0x08008d89   Thumb Code   148  tcp.o(.text)
    tcp_fasttmr                              0x08008e1d   Thumb Code   114  tcp.o(.text)
    tcp_tmr                                  0x08008e8f   Thumb Code    30  tcp.o(.text)
    tcp_shutdown                             0x08008ead   Thumb Code    98  tcp.o(.text)
    tcp_abandon                              0x08008f0f   Thumb Code   174  tcp.o(.text)
    tcp_abort                                0x08008fbd   Thumb Code    14  tcp.o(.text)
    tcp_bind                                 0x0800902b   Thumb Code   146  tcp.o(.text)
    tcp_listen_with_backlog                  0x080090c5   Thumb Code   198  tcp.o(.text)
    tcp_eff_send_mss                         0x0800918b   Thumb Code    46  tcp.o(.text)
    tcp_next_iss                             0x080091b9   Thumb Code    20  tcp.o(.text)
    tcp_connect                              0x080091cd   Thumb Code   328  tcp.o(.text)
    tcp_setprio                              0x08009315   Thumb Code     4  tcp.o(.text)
    tcp_alloc                                0x080093c9   Thumb Code   182  tcp.o(.text)
    tcp_new                                  0x0800947f   Thumb Code    10  tcp.o(.text)
    tcp_arg                                  0x08009489   Thumb Code     4  tcp.o(.text)
    tcp_recv                                 0x0800948d   Thumb Code     8  tcp.o(.text)
    tcp_sent                                 0x08009495   Thumb Code     8  tcp.o(.text)
    tcp_err                                  0x0800949d   Thumb Code    10  tcp.o(.text)
    tcp_accept                               0x080094a7   Thumb Code     4  tcp.o(.text)
    tcp_poll                                 0x080094ab   Thumb Code    14  tcp.o(.text)
    tcp_debug_state_str                      0x080094b9   Thumb Code    10  tcp.o(.text)
    tcp_input                                0x0800a361   Thumb Code  1154  tcp_in.o(.text)
    tcp_enqueue_flags                        0x0800a949   Thumb Code   294  tcp_out.o(.text)
    tcp_send_fin                             0x0800aa6f   Thumb Code    74  tcp_out.o(.text)
    tcp_write                                0x0800abb1   Thumb Code   976  tcp_out.o(.text)
    tcp_send_empty_ack                       0x0800af81   Thumb Code    86  tcp_out.o(.text)
    tcp_output                               0x0800b0a9   Thumb Code   444  tcp_out.o(.text)
    tcp_rst                                  0x0800b265   Thumb Code   132  tcp_out.o(.text)
    tcp_rexmit_rto                           0x0800b2e9   Thumb Code    58  tcp_out.o(.text)
    tcp_rexmit                               0x0800b323   Thumb Code    90  tcp_out.o(.text)
    tcp_rexmit_fast                          0x0800b37d   Thumb Code   120  tcp_out.o(.text)
    tcp_keepalive                            0x0800b3f5   Thumb Code    92  tcp_out.o(.text)
    tcp_zero_window_probe                    0x0800b451   Thumb Code   180  tcp_out.o(.text)
    sys_timeout                              0x0800b505   Thumb Code   152  timers.o(.text)
    tcp_timer_needed                         0x0800b5c5   Thumb Code    38  timers.o(.text)
    sys_timeouts_init                        0x0800b605   Thumb Code    16  timers.o(.text)
    sys_untimeout                            0x0800b615   Thumb Code    90  timers.o(.text)
    sys_timeouts_mbox_fetch                  0x0800b66f   Thumb Code   132  timers.o(.text)
    udp_init                                 0x0800b70d   Thumb Code     2  udp.o(.text)
    udp_input                                0x0800b75f   Thumb Code   412  udp.o(.text)
    udp_bind                                 0x0800b8fb   Thumb Code   146  udp.o(.text)
    udp_sendto_if                            0x0800b98d   Thumb Code   240  udp.o(.text)
    udp_sendto                               0x0800ba7d   Thumb Code    54  udp.o(.text)
    udp_send                                 0x0800bab3   Thumb Code    20  udp.o(.text)
    udp_connect                              0x0800bac7   Thumb Code   114  udp.o(.text)
    udp_disconnect                           0x0800bb39   Thumb Code    16  udp.o(.text)
    udp_recv                                 0x0800bb49   Thumb Code     6  udp.o(.text)
    udp_remove                               0x0800bb4f   Thumb Code    60  udp.o(.text)
    udp_new                                  0x0800bb8b   Thumb Code    28  udp.o(.text)
    icmp_input                               0x0800bbad   Thumb Code   380  icmp.o(.text)
    icmp_dest_unreach                        0x0800bdb1   Thumb Code    18  icmp.o(.text)
    inet_chksum_pseudo                       0x0800be2b   Thumb Code   170  inet_chksum.o(.text)
    inet_chksum_pseudo_partial               0x0800bed5   Thumb Code   192  inet_chksum.o(.text)
    inet_chksum                              0x0800bf95   Thumb Code    20  inet_chksum.o(.text)
    inet_chksum_pbuf                         0x0800bfa9   Thumb Code    86  inet_chksum.o(.text)
    ip_route                                 0x0800c001   Thumb Code    80  ip.o(.text)
    ip_input                                 0x0800c051   Thumb Code   428  ip.o(.text)
    ip_output_if                             0x0800c1fd   Thumb Code   182  ip.o(.text)
    ip_output                                0x0800c2b3   Thumb Code    60  ip.o(.text)
    ip4_addr_isbroadcast                     0x0800c30d   Thumb Code    78  ip_addr.o(.text)
    ip4_addr_netmask_valid                   0x0800c35b   Thumb Code    56  ip_addr.o(.text)
    ipaddr_aton                              0x0800c393   Thumb Code   348  ip_addr.o(.text)
    ipaddr_addr                              0x0800c4ef   Thumb Code    24  ip_addr.o(.text)
    ipaddr_ntoa_r                            0x0800c507   Thumb Code   168  ip_addr.o(.text)
    ipaddr_ntoa                              0x0800c5af   Thumb Code    16  ip_addr.o(.text)
    etharp_tmr                               0x0800c635   Thumb Code   144  etharp.o(.text)
    etharp_cleanup_netif                     0x0800c935   Thumb Code    52  etharp.o(.text)
    etharp_find_addr                         0x0800c969   Thumb Code    90  etharp.o(.text)
    etharp_request                           0x0800cba7   Thumb Code    40  etharp.o(.text)
    etharp_query                             0x0800cc37   Thumb Code   362  etharp.o(.text)
    etharp_output                            0x0800cda1   Thumb Code   318  etharp.o(.text)
    ethernet_input                           0x0800cedf   Thumb Code   198  etharp.o(.text)
    LED_Initializes                          0x0800cfa5   Thumb Code    46  bsp.o(.text)
    delay_ms                                 0x0800cfd3   Thumb Code    32  bsp.o(.text)
    BSP_Init                                 0x0800cff3   Thumb Code    78  bsp.o(.text)
    CAN_GPIO_Configuration                   0x0800d081   Thumb Code    72  bsp_can.o(.text)
    CAN_Configuration                        0x0800d0c9   Thumb Code   166  bsp_can.o(.text)
    CAN_Initializes                          0x0800d16f   Thumb Code    12  bsp_can.o(.text)
    bsp_GetSector                            0x0800d185   Thumb Code     8  bsp_cpu_flash.o(.text)
    bsp_ReadCpuFlash                         0x0800d18d   Thumb Code    44  bsp_cpu_flash.o(.text)
    bsp_CmpCpuFlash                          0x0800d1b9   Thumb Code    68  bsp_cpu_flash.o(.text)
    bsp_WriteCpuFlash                        0x0800d1fd   Thumb Code   182  bsp_cpu_flash.o(.text)
    CANOpen_TIM_Configuration                0x0800d2b9   Thumb Code   126  bsp_timer.o(.text)
    TIM_Initializes                          0x0800d337   Thumb Code     8  bsp_timer.o(.text)
    UART_DEBUG_Configuration                 0x0800d349   Thumb Code   170  bsp_usart.o(.text)
    DEBUG_SendByte                           0x0800d3f3   Thumb Code    28  bsp_usart.o(.text)
    DEBUG_SendNByte                          0x0800d40f   Thumb Code    28  bsp_usart.o(.text)
    fputc                                    0x0800d42b   Thumb Code    16  bsp_usart.o(.text)
    fgetc                                    0x0800d43b   Thumb Code    26  bsp_usart.o(.text)
    USART_Initializes                        0x0800d455   Thumb Code     8  bsp_usart.o(.text)
    app_plat_usMBCRC16                       0x0800d465   Thumb Code    48  bsp_mqtt_ota.o(.text)
    bsp_ota_UpdataGateway                    0x0800d523   Thumb Code  1258  bsp_mqtt_ota.o(.text)
    OnNumberOfErrorsUpdate                   0x0800da21   Thumb Code    44  emcy.o(.text)
    emergencyInit                            0x0800da4d   Thumb Code    30  emcy.o(.text)
    emergencyStop                            0x0800da6b   Thumb Code     2  emcy.o(.text)
    sendEMCY                                 0x0800da6d   Thumb Code   116  emcy.o(.text)
    EMCY_setError                            0x0800dae1   Thumb Code   298  emcy.o(.text)
    EMCY_errorRecovered                      0x0800dc0b   Thumb Code   156  emcy.o(.text)
    proceedEMCY                              0x0800dca7   Thumb Code    54  emcy.o(.text)
    _post_emcy                               0x0800dcdd   Thumb Code     2  emcy.o(.text)
    getNodeState                             0x0800dce1   Thumb Code    16  lifegrd.o(.text)
    ConsumerHeartbeatAlarm                   0x0800dcf1   Thumb Code    50  lifegrd.o(.text)
    proceedNODE_GUARD                        0x0800dd23   Thumb Code   276  lifegrd.o(.text)
    ProducerHeartbeatAlarm                   0x0800de37   Thumb Code    72  lifegrd.o(.text)
    GuardTimeAlarm                           0x0800de7f   Thumb Code   118  lifegrd.o(.text)
    nodeguardInit                            0x0800def5   Thumb Code   128  lifegrd.o(.text)
    nodeguardStop                            0x0800df75   Thumb Code    18  lifegrd.o(.text)
    OnNodeGuardUpdate                        0x0800df87   Thumb Code    24  lifegrd.o(.text)
    heartbeatInit                            0x0800df9f   Thumb Code   130  lifegrd.o(.text)
    heartbeatStop                            0x0800e021   Thumb Code    56  lifegrd.o(.text)
    OnHeartbeatProducerUpdate                0x0800e059   Thumb Code    24  lifegrd.o(.text)
    lifeGuardInit                            0x0800e071   Thumb Code    18  lifegrd.o(.text)
    lifeGuardStop                            0x0800e083   Thumb Code    18  lifegrd.o(.text)
    _heartbeatError                          0x0800e15d   Thumb Code     2  lifegrd.o(.text)
    _post_SlaveBootup                        0x0800e15f   Thumb Code    16  lifegrd.o(.text)
    _post_SlaveStateChange                   0x0800e16f   Thumb Code     2  lifegrd.o(.text)
    _nodeguardError                          0x0800e171   Thumb Code     2  lifegrd.o(.text)
    masterSendNMTstateChange                 0x0800e189   Thumb Code    44  nmtmaster.o(.text)
    masterSendNMTnodeguard                   0x0800e1b5   Thumb Code    38  nmtmaster.o(.text)
    masterRequestNodeState                   0x0800e1db   Thumb Code    50  nmtmaster.o(.text)
    proceedNMTstateChange                    0x0800e20d   Thumb Code   224  nmtslave.o(.text)
    slaveSendBootUp                          0x0800e2ed   Thumb Code    46  nmtslave.o(.text)
    accessDictionaryError                    0x0800e31d   Thumb Code    10  objacces.o(.text)
    _getODentry                              0x0800e327   Thumb Code   310  objacces.o(.text)
    _setODentry                              0x0800e45d   Thumb Code   332  objacces.o(.text)
    scanIndexOD                              0x0800e5a9   Thumb Code    28  objacces.o(.text)
    RegisterSetODentryCallBack               0x0800e5c5   Thumb Code    54  objacces.o(.text)
    _storeODSubIndex                         0x0800e5fb   Thumb Code     2  objacces.o(.text)
    CopyBits                                 0x0800e60d   Thumb Code   236  pdo.o(.text)
    buildPDO                                 0x0800e6f9   Thumb Code   242  pdo.o(.text)
    sendPDOrequest                           0x0800e7eb   Thumb Code    94  pdo.o(.text)
    PDOInhibitTimerAlarm                     0x0800e875   Thumb Code    56  pdo.o(.text)
    sendOnePDOevent                          0x0800e8ad   Thumb Code   318  pdo.o(.text)
    PDOEventTimerAlarm                       0x0800e9eb   Thumb Code    46  pdo.o(.text)
    proceedPDO                               0x0800ea19   Thumb Code   734  pdo.o(.text)
    _sendPDOevent                            0x0800ecf7   Thumb Code   412  pdo.o(.text)
    sendPDOevent                             0x0800ee93   Thumb Code    14  pdo.o(.text)
    _RxPDO_EventTimers_Handler               0x0800eea1   Thumb Code     2  pdo.o(.text)
    TPDO_Communication_Parameter_Callback    0x0800eea3   Thumb Code   148  pdo.o(.text)
    PDOInit                                  0x0800ef37   Thumb Code    84  pdo.o(.text)
    PDOStop                                  0x0800ef8b   Thumb Code   120  pdo.o(.text)
    initSDOline                              0x0800f005   Thumb Code   368  sdo.o(.text)
    resetSDOline                             0x0800f175   Thumb Code    84  sdo.o(.text)
    sendSDO                                  0x0800f1c9   Thumb Code   162  sdo.o(.text)
    sendSDOabort                             0x0800f26b   Thumb Code    82  sdo.o(.text)
    SDOTimeoutAlarm                          0x0800f2bd   Thumb Code   256  sdo.o(.text)
    resetSDO                                 0x0800f3bd   Thumb Code    26  sdo.o(.text)
    SDOlineToObjdict                         0x0800f3d7   Thumb Code   158  sdo.o(.text)
    objdictToSDOline                         0x0800f475   Thumb Code   122  sdo.o(.text)
    lineToSDO                                0x0800f4ef   Thumb Code   148  sdo.o(.text)
    SDOtoLine                                0x0800f583   Thumb Code   114  sdo.o(.text)
    getSDOlineOnUse                          0x0800f5f5   Thumb Code   100  sdo.o(.text)
    failedSDO                                0x0800f659   Thumb Code   166  sdo.o(.text)
    getSDOfreeLine                           0x0800f6ff   Thumb Code    58  sdo.o(.text)
    getSDOlineToClose                        0x0800f739   Thumb Code    82  sdo.o(.text)
    GetSDOClientFromNodeId                   0x0800f78b   Thumb Code    84  sdo.o(.text)
    closeSDOtransfer                         0x0800f7df   Thumb Code    64  sdo.o(.text)
    getSDOlineRestBytes                      0x0800f81f   Thumb Code    62  sdo.o(.text)
    setSDOlineRestBytes                      0x0800f85d   Thumb Code    30  sdo.o(.text)
    proceedSDO                               0x0800f87b   Thumb Code 10022  sdo.o(.text)
    _writeNetworkDict                        0x08011fa1   Thumb Code   446  sdo.o(.text)
    writeNetworkDict                         0x0801215f   Thumb Code    54  sdo.o(.text)
    writeNetworkDictCallBack                 0x08012195   Thumb Code    52  sdo.o(.text)
    writeNetworkDictCallBackAI               0x080121c9   Thumb Code   186  sdo.o(.text)
    _readNetworkDict                         0x08012283   Thumb Code   304  sdo.o(.text)
    readNetworkDict                          0x080123b3   Thumb Code    42  sdo.o(.text)
    readNetworkDictCallback                  0x080123dd   Thumb Code    40  sdo.o(.text)
    readNetworkDictCallbackAI                0x08012405   Thumb Code   178  sdo.o(.text)
    getReadResultNetworkDict                 0x080124b7   Thumb Code   342  sdo.o(.text)
    getWriteResultNetworkDict                0x0801260d   Thumb Code   132  sdo.o(.text)
    getState                                 0x08012691   Thumb Code     8  states.o(.text)
    canDispatch                              0x08012699   Thumb Code   152  states.o(.text)
    switchCommunicationState                 0x08012731   Thumb Code   284  states.o(.text)
    setState                                 0x0801284d   Thumb Code   200  states.o(.text)
    getNodeId                                0x08012915   Thumb Code     8  states.o(.text)
    setNodeId                                0x0801291d   Thumb Code   366  states.o(.text)
    _initialisation                          0x08012a8b   Thumb Code     2  states.o(.text)
    _preOperational                          0x08012a8d   Thumb Code    22  states.o(.text)
    _operational                             0x08012aa3   Thumb Code     2  states.o(.text)
    _stopped                                 0x08012aa5   Thumb Code     2  states.o(.text)
    proceedSYNC                              0x08012aad   Thumb Code    44  sync.o(.text)
    sendSYNCMessage                          0x08012ad9   Thumb Code    38  sync.o(.text)
    sendSYNC                                 0x08012aff   Thumb Code    22  sync.o(.text)
    SyncAlarm                                0x08012b15   Thumb Code    14  sync.o(.text)
    stopSYNC                                 0x08012b23   Thumb Code    46  sync.o(.text)
    startSYNC                                0x08012b51   Thumb Code   110  sync.o(.text)
    OnCOB_ID_SyncUpdate                      0x08012bbf   Thumb Code    18  sync.o(.text)
    _post_sync                               0x08012bd1   Thumb Code     2  sync.o(.text)
    _post_TPDO                               0x08012bd3   Thumb Code     2  sync.o(.text)
    SetAlarm                                 0x08012bd9   Thumb Code   170  timer.o(.text)
    DelAlarm                                 0x08012c83   Thumb Code    46  timer.o(.text)
    TimeDispatch                             0x08012cb1   Thumb Code   178  timer.o(.text)
    MQTTSerialize_connectLength              0x08012d71   Thumb Code   118  mqttconnectclient.o(.text)
    MQTTSerialize_connect                    0x08012de7   Thumb Code   342  mqttconnectclient.o(.text)
    MQTTDeserialize_connack                  0x08012f3d   Thumb Code   126  mqttconnectclient.o(.text)
    MQTTSerialize_zero                       0x08012fbb   Thumb Code    76  mqttconnectclient.o(.text)
    MQTTSerialize_disconnect                 0x08013007   Thumb Code    18  mqttconnectclient.o(.text)
    MQTTSerialize_pingreq                    0x08013019   Thumb Code    18  mqttconnectclient.o(.text)
    MQTTDeserialize_publish                  0x0801303d   Thumb Code   170  mqttdeserializepublish.o(.text)
    MQTTDeserialize_ack                      0x080130e7   Thumb Code   110  mqttdeserializepublish.o(.text)
    MQTTPacket_encode                        0x08013155   Thumb Code    54  mqttpacket.o(.text)
    MQTTPacket_decode                        0x0801318b   Thumb Code    92  mqttpacket.o(.text)
    MQTTPacket_len                           0x080131e7   Thumb Code    34  mqttpacket.o(.text)
    bufchar                                  0x08013209   Thumb Code    36  mqttpacket.o(.text)
    MQTTPacket_decodeBuf                     0x0801322d   Thumb Code    26  mqttpacket.o(.text)
    readInt                                  0x08013247   Thumb Code    26  mqttpacket.o(.text)
    readChar                                 0x08013261   Thumb Code    14  mqttpacket.o(.text)
    writeChar                                0x0801326f   Thumb Code    12  mqttpacket.o(.text)
    writeInt                                 0x0801327b   Thumb Code    48  mqttpacket.o(.text)
    writeCString                             0x080132ab   Thumb Code    40  mqttpacket.o(.text)
    getLenStringLen                          0x080132d3   Thumb Code    18  mqttpacket.o(.text)
    writeMQTTString                          0x080132e5   Thumb Code    62  mqttpacket.o(.text)
    readMQTTLenString                        0x08013323   Thumb Code    58  mqttpacket.o(.text)
    MQTTstrlen                               0x0801335d   Thumb Code    24  mqttpacket.o(.text)
    MQTTPacket_equals                        0x08013375   Thumb Code    66  mqttpacket.o(.text)
    MQTTPacket_read                          0x080133b7   Thumb Code   110  mqttpacket.o(.text)
    MQTTPacket_readnb                        0x0801348d   Thumb Code   204  mqttpacket.o(.text)
    MQTTSerialize_publishLength              0x08013561   Thumb Code    34  mqttserializepublish.o(.text)
    MQTTSerialize_publish                    0x08013583   Thumb Code   176  mqttserializepublish.o(.text)
    MQTTSerialize_ack                        0x08013633   Thumb Code   114  mqttserializepublish.o(.text)
    MQTTSerialize_puback                     0x080136a5   Thumb Code    24  mqttserializepublish.o(.text)
    MQTTSerialize_pubrel                     0x080136bd   Thumb Code    26  mqttserializepublish.o(.text)
    MQTTSerialize_pubcomp                    0x080136d7   Thumb Code    24  mqttserializepublish.o(.text)
    MQTTSerialize_subscribeLength            0x080136ef   Thumb Code    46  mqttsubscribeclient.o(.text)
    MQTTSerialize_subscribe                  0x0801371d   Thumb Code   176  mqttsubscribeclient.o(.text)
    MQTTDeserialize_suback                   0x080137cd   Thumb Code   152  mqttsubscribeclient.o(.text)
    __aeabi_memcpy                           0x08013865   Thumb Code    36  memcpya.o(.text)
    __aeabi_memcpy4                          0x08013865   Thumb Code     0  memcpya.o(.text)
    __aeabi_memcpy8                          0x08013865   Thumb Code     0  memcpya.o(.text)
    __aeabi_memset                           0x08013889   Thumb Code    14  memseta.o(.text)
    __aeabi_memset4                          0x08013889   Thumb Code     0  memseta.o(.text)
    __aeabi_memset8                          0x08013889   Thumb Code     0  memseta.o(.text)
    __aeabi_memclr                           0x08013897   Thumb Code     4  memseta.o(.text)
    __aeabi_memclr4                          0x08013897   Thumb Code     0  memseta.o(.text)
    __aeabi_memclr8                          0x08013897   Thumb Code     0  memseta.o(.text)
    _memset$wrapper                          0x0801389b   Thumb Code    18  memseta.o(.text)
    strstr                                   0x080138ad   Thumb Code    36  strstr.o(.text)
    strlen                                   0x080138d1   Thumb Code    14  strlen.o(.text)
    memcmp                                   0x080138df   Thumb Code    26  memcmp.o(.text)
    strncmp                                  0x080138f9   Thumb Code    30  strncmp.o(.text)
    __aeabi_uldivmod                         0x08013917   Thumb Code    98  uldiv.o(.text)
    __scatterload                            0x08013979   Thumb Code    28  init.o(.text)
    __scatterload_rt2                        0x08013979   Thumb Code     0  init.o(.text)
    __aeabi_llsl                             0x0801399d   Thumb Code    30  llshl.o(.text)
    _ll_shift_l                              0x0801399d   Thumb Code     0  llshl.o(.text)
    __aeabi_llsr                             0x080139bb   Thumb Code    32  llushr.o(.text)
    _ll_ushift_r                             0x080139bb   Thumb Code     0  llushr.o(.text)
    __decompress                             0x080139db   Thumb Code     0  __dczerorl2.o(.text)
    __decompress1                            0x080139db   Thumb Code    86  __dczerorl2.o(.text)
    __0printf$8                              0x08013a31   Thumb Code    22  printf8.o(i.__0printf$8)
    __1printf$8                              0x08013a31   Thumb Code     0  printf8.o(i.__0printf$8)
    __2printf                                0x08013a31   Thumb Code     0  printf8.o(i.__0printf$8)
    __0sprintf$8                             0x08013a51   Thumb Code    34  printf8.o(i.__0sprintf$8)
    __1sprintf$8                             0x08013a51   Thumb Code     0  printf8.o(i.__0sprintf$8)
    __2sprintf                               0x08013a51   Thumb Code     0  printf8.o(i.__0sprintf$8)
    __scatterload_copy                       0x08013a79   Thumb Code    14  handlers.o(i.__scatterload_copy)
    __scatterload_null                       0x08013a87   Thumb Code     2  handlers.o(i.__scatterload_null)
    __scatterload_zeroinit                   0x08013a89   Thumb Code    14  handlers.o(i.__scatterload_zeroinit)
    TestMaster_iam_a_slave                   0x08014188   Data           1  testmaster.o(.constdata)
    TestMaster_objdict                       0x0801418c   Data         336  testmaster.o(.constdata)
    TestMaster_firstIndex                    0x080142dc   Data          12  testmaster.o(.constdata)
    TestMaster_lastIndex                     0x080142e8   Data          12  testmaster.o(.constdata)
    TestMaster_ObjdictSize                   0x080142f4   Data           2  testmaster.o(.constdata)
    tcp_state_str                            0x08014328   Data          44  tcp.o(.constdata)
    tcp_backoff                              0x08014354   Data          13  tcp.o(.constdata)
    tcp_persist_backoff                      0x08014361   Data           7  tcp.o(.constdata)
    tcp_pcb_lists                            0x08014368   Data          16  tcp.o(.constdata)
    ip_addr_any                              0x08014378   Data           4  ip_addr.o(.constdata)
    ip_addr_broadcast                        0x0801437c   Data           4  ip_addr.o(.constdata)
    ethbroadcast                             0x08014380   Data           6  etharp.o(.constdata)
    ethzero                                  0x08014386   Data           6  etharp.o(.constdata)
    Region$$Table$$Base                      0x0801476c   Number         0  anon$$obj.o(Region$$Table)
    Region$$Table$$Limit                     0x0801478c   Number         0  anon$$obj.o(Region$$Table)
    SystemCoreClock                          0x20000000   Data           4  system_stm32f10x.o(.data)
    AHBPrescTable                            0x20000004   Data          16  system_stm32f10x.o(.data)
    TCPTimer                                 0x20000038   Data           4  netconfig.o(.data)
    ARPTimer                                 0x2000003c   Data           4  netconfig.o(.data)
    DHCPfineTimer                            0x20000040   Data           4  netconfig.o(.data)
    DHCPcoarseTimer                          0x20000044   Data           4  netconfig.o(.data)
    default_server_user                      0x20000080   Data          10  app_flash.o(.data)
    default_server_pass                      0x2000008a   Data          33  app_flash.o(.data)
    default_server_ip                        0x200000ab   Data           4  app_flash.o(.data)
    devcfgpara_topic                         0x200000e8   Data          39  app_plat.o(.data)
    gatereset_topic                          0x2000010f   Data          38  app_plat.o(.data)
    gateupdata_topic                         0x20000135   Data          39  app_plat.o(.data)
    rrpc_request_topic                       0x2000015c   Data          41  app_plat.o(.data)
    response_request_topic                   0x20000185   Data          44  app_plat.o(.data)
    ID1                                      0x200001b4   Data           4  testmaster.o(.data)
    ID2                                      0x200001b8   Data           4  testmaster.o(.data)
    ID3                                      0x200001bc   Data           4  testmaster.o(.data)
    ID4                                      0x200001c0   Data           4  testmaster.o(.data)
    ID5                                      0x200001c4   Data           4  testmaster.o(.data)
    ID6                                      0x200001c8   Data           4  testmaster.o(.data)
    ID7                                      0x200001cc   Data           4  testmaster.o(.data)
    ID8                                      0x200001d0   Data           4  testmaster.o(.data)
    TestMaster_bDeviceNodeId                 0x200001d4   Data           1  testmaster.o(.data)
    TestMaster_heartBeatTimers               0x200001d6   Data          16  testmaster.o(.data)
    TestMaster_obj1000                       0x200001e8   Data           4  testmaster.o(.data)
    TestMaster_Index1000                     0x200001ec   Data          12  testmaster.o(.data)
    TestMaster_obj1001                       0x200001f8   Data           1  testmaster.o(.data)
    TestMaster_Index1001                     0x200001fc   Data          12  testmaster.o(.data)
    TestMaster_highestSubIndex_obj1003       0x20000208   Data           1  testmaster.o(.data)
    TestMaster_obj1003                       0x2000020c   Data           4  testmaster.o(.data)
    TestMaster_Index1003_callbacks           0x20000210   Data           8  testmaster.o(.data)
    TestMaster_Index1003                     0x20000218   Data          24  testmaster.o(.data)
    TestMaster_obj1005                       0x20000230   Data           4  testmaster.o(.data)
    TestMaster_Index1005_callbacks           0x20000234   Data           4  testmaster.o(.data)
    TestMaster_Index1005                     0x20000238   Data          12  testmaster.o(.data)
    TestMaster_obj1006                       0x20000244   Data           4  testmaster.o(.data)
    TestMaster_Index1006_callbacks           0x20000248   Data           4  testmaster.o(.data)
    TestMaster_Index1006                     0x2000024c   Data          12  testmaster.o(.data)
    TestMaster_obj100C                       0x20000258   Data           2  testmaster.o(.data)
    TestMaster_obj100D                       0x2000025a   Data           1  testmaster.o(.data)
    TestMaster_highestSubIndex_obj1010       0x2000025b   Data           1  testmaster.o(.data)
    TestMaster_obj1010_Save_All_Parameters   0x2000025c   Data           4  testmaster.o(.data)
    TestMaster_obj1010_Save_Communication_Parameters 0x20000260   Data           4  testmaster.o(.data)
    TestMaster_obj1010_Save_Application_Parameters 0x20000264   Data           4  testmaster.o(.data)
    TestMaster_obj1010_Save_Manufacturer_Parameters_1 0x20000268   Data           4  testmaster.o(.data)
    TestMaster_Index1010                     0x2000026c   Data          60  testmaster.o(.data)
    TestMaster_highestSubIndex_obj1011       0x200002a8   Data           1  testmaster.o(.data)
    TestMaster_obj1011_Restore_All_Default_Parameters 0x200002ac   Data           4  testmaster.o(.data)
    TestMaster_obj1011_Restore_Communication_Default_Parameters 0x200002b0   Data           4  testmaster.o(.data)
    TestMaster_obj1011_Restore_Application_Default_Parameters 0x200002b4   Data           4  testmaster.o(.data)
    TestMaster_obj1011_Restore_Manufacturer_Defined_Default_Parameters_1 0x200002b8   Data           4  testmaster.o(.data)
    TestMaster_Index1011                     0x200002bc   Data          60  testmaster.o(.data)
    TestMaster_obj1014                       0x200002f8   Data           4  testmaster.o(.data)
    TestMaster_Index1014                     0x200002fc   Data          12  testmaster.o(.data)
    TestMaster_highestSubIndex_obj1016       0x20000308   Data           1  testmaster.o(.data)
    TestMaster_obj1016                       0x2000030c   Data          32  testmaster.o(.data)
    TestMaster_Index1016                     0x2000032c   Data         108  testmaster.o(.data)
    TestMaster_obj1017                       0x20000398   Data           2  testmaster.o(.data)
    TestMaster_highestSubIndex_obj1018       0x2000039a   Data           1  testmaster.o(.data)
    TestMaster_obj1018_Vendor_ID             0x2000039c   Data           4  testmaster.o(.data)
    TestMaster_obj1018_Product_Code          0x200003a0   Data           4  testmaster.o(.data)
    TestMaster_obj1018_Revision_Number       0x200003a4   Data           4  testmaster.o(.data)
    TestMaster_obj1018_Serial_Number         0x200003a8   Data           4  testmaster.o(.data)
    TestMaster_Index1018                     0x200003ac   Data          60  testmaster.o(.data)
    TestMaster_highestSubIndex_obj1280       0x200003e8   Data           1  testmaster.o(.data)
    TestMaster_obj1280_COB_ID_Client_to_Server_Transmit_SDO 0x200003ec   Data           4  testmaster.o(.data)
    TestMaster_obj1280_COB_ID_Server_to_Client_Receive_SDO 0x200003f0   Data           4  testmaster.o(.data)
    TestMaster_obj1280_Node_ID_of_the_SDO_Server 0x200003f4   Data           1  testmaster.o(.data)
    TestMaster_Index1280                     0x200003f8   Data          48  testmaster.o(.data)
    TestMaster_highestSubIndex_obj1281       0x20000428   Data           1  testmaster.o(.data)
    TestMaster_obj1281_COB_ID_Client_to_Server_Transmit_SDO 0x2000042c   Data           4  testmaster.o(.data)
    TestMaster_obj1281_COB_ID_Server_to_Client_Receive_SDO 0x20000430   Data           4  testmaster.o(.data)
    TestMaster_obj1281_Node_ID_of_the_SDO_Server 0x20000434   Data           1  testmaster.o(.data)
    TestMaster_Index1281                     0x20000438   Data          48  testmaster.o(.data)
    TestMaster_highestSubIndex_obj1282       0x20000468   Data           1  testmaster.o(.data)
    TestMaster_obj1282_COB_ID_Client_to_Server_Transmit_SDO 0x2000046c   Data           4  testmaster.o(.data)
    TestMaster_obj1282_COB_ID_Server_to_Client_Receive_SDO 0x20000470   Data           4  testmaster.o(.data)
    TestMaster_obj1282_Node_ID_of_the_SDO_Server 0x20000474   Data           1  testmaster.o(.data)
    TestMaster_Index1282                     0x20000478   Data          48  testmaster.o(.data)
    TestMaster_highestSubIndex_obj1283       0x200004a8   Data           1  testmaster.o(.data)
    TestMaster_obj1283_COB_ID_Client_to_Server_Transmit_SDO 0x200004ac   Data           4  testmaster.o(.data)
    TestMaster_obj1283_COB_ID_Server_to_Client_Receive_SDO 0x200004b0   Data           4  testmaster.o(.data)
    TestMaster_obj1283_Node_ID_of_the_SDO_Server 0x200004b4   Data           1  testmaster.o(.data)
    TestMaster_Index1283                     0x200004b8   Data          48  testmaster.o(.data)
    TestMaster_highestSubIndex_obj1284       0x200004e8   Data           1  testmaster.o(.data)
    TestMaster_obj1284_COB_ID_Client_to_Server_Transmit_SDO 0x200004ec   Data           4  testmaster.o(.data)
    TestMaster_obj1284_COB_ID_Server_to_Client_Receive_SDO 0x200004f0   Data           4  testmaster.o(.data)
    TestMaster_obj1284_Node_ID_of_the_SDO_Server 0x200004f4   Data           1  testmaster.o(.data)
    TestMaster_Index1284                     0x200004f8   Data          48  testmaster.o(.data)
    TestMaster_highestSubIndex_obj1285       0x20000528   Data           1  testmaster.o(.data)
    TestMaster_obj1285_COB_ID_Client_to_Server_Transmit_SDO 0x2000052c   Data           4  testmaster.o(.data)
    TestMaster_obj1285_COB_ID_Server_to_Client_Receive_SDO 0x20000530   Data           4  testmaster.o(.data)
    TestMaster_obj1285_Node_ID_of_the_SDO_Server 0x20000534   Data           1  testmaster.o(.data)
    TestMaster_Index1285                     0x20000538   Data          48  testmaster.o(.data)
    TestMaster_highestSubIndex_obj1286       0x20000568   Data           1  testmaster.o(.data)
    TestMaster_obj1286_COB_ID_Client_to_Server_Transmit_SDO 0x2000056c   Data           4  testmaster.o(.data)
    TestMaster_obj1286_COB_ID_Server_to_Client_Receive_SDO 0x20000570   Data           4  testmaster.o(.data)
    TestMaster_obj1286_Node_ID_of_the_SDO_Server 0x20000574   Data           1  testmaster.o(.data)
    TestMaster_Index1286                     0x20000578   Data          48  testmaster.o(.data)
    TestMaster_highestSubIndex_obj1287       0x200005a8   Data           1  testmaster.o(.data)
    TestMaster_obj1287_COB_ID_Client_to_Server_Transmit_SDO 0x200005ac   Data           4  testmaster.o(.data)
    TestMaster_obj1287_COB_ID_Server_to_Client_Receive_SDO 0x200005b0   Data           4  testmaster.o(.data)
    TestMaster_obj1287_Node_ID_of_the_SDO_Server 0x200005b4   Data           1  testmaster.o(.data)
    TestMaster_Index1287                     0x200005b8   Data          48  testmaster.o(.data)
    TestMaster_highestSubIndex_obj1400       0x200005e8   Data           1  testmaster.o(.data)
    TestMaster_obj1400_COB_ID_used_by_PDO    0x200005ec   Data           4  testmaster.o(.data)
    TestMaster_obj1400_Transmission_Type     0x200005f0   Data           1  testmaster.o(.data)
    TestMaster_obj1400_Inhibit_Time          0x200005f2   Data           2  testmaster.o(.data)
    TestMaster_obj1400_Compatibility_Entry   0x200005f4   Data           1  testmaster.o(.data)
    TestMaster_obj1400_Event_Timer           0x200005f6   Data           2  testmaster.o(.data)
    TestMaster_obj1400_SYNC_start_value      0x200005f8   Data           1  testmaster.o(.data)
    TestMaster_Index1400                     0x200005fc   Data          84  testmaster.o(.data)
    TestMaster_highestSubIndex_obj1401       0x20000650   Data           1  testmaster.o(.data)
    TestMaster_obj1401_COB_ID_used_by_PDO    0x20000654   Data           4  testmaster.o(.data)
    TestMaster_obj1401_Transmission_Type     0x20000658   Data           1  testmaster.o(.data)
    TestMaster_obj1401_Inhibit_Time          0x2000065a   Data           2  testmaster.o(.data)
    TestMaster_obj1401_Compatibility_Entry   0x2000065c   Data           1  testmaster.o(.data)
    TestMaster_obj1401_Event_Timer           0x2000065e   Data           2  testmaster.o(.data)
    TestMaster_obj1401_SYNC_start_value      0x20000660   Data           1  testmaster.o(.data)
    TestMaster_Index1401                     0x20000664   Data          84  testmaster.o(.data)
    TestMaster_highestSubIndex_obj1402       0x200006b8   Data           1  testmaster.o(.data)
    TestMaster_obj1402_COB_ID_used_by_PDO    0x200006bc   Data           4  testmaster.o(.data)
    TestMaster_obj1402_Transmission_Type     0x200006c0   Data           1  testmaster.o(.data)
    TestMaster_obj1402_Inhibit_Time          0x200006c2   Data           2  testmaster.o(.data)
    TestMaster_obj1402_Compatibility_Entry   0x200006c4   Data           1  testmaster.o(.data)
    TestMaster_obj1402_Event_Timer           0x200006c6   Data           2  testmaster.o(.data)
    TestMaster_obj1402_SYNC_start_value      0x200006c8   Data           1  testmaster.o(.data)
    TestMaster_Index1402                     0x200006cc   Data          84  testmaster.o(.data)
    TestMaster_highestSubIndex_obj1403       0x20000720   Data           1  testmaster.o(.data)
    TestMaster_obj1403_COB_ID_used_by_PDO    0x20000724   Data           4  testmaster.o(.data)
    TestMaster_obj1403_Transmission_Type     0x20000728   Data           1  testmaster.o(.data)
    TestMaster_obj1403_Inhibit_Time          0x2000072a   Data           2  testmaster.o(.data)
    TestMaster_obj1403_Compatibility_Entry   0x2000072c   Data           1  testmaster.o(.data)
    TestMaster_obj1403_Event_Timer           0x2000072e   Data           2  testmaster.o(.data)
    TestMaster_obj1403_SYNC_start_value      0x20000730   Data           1  testmaster.o(.data)
    TestMaster_Index1403                     0x20000734   Data          84  testmaster.o(.data)
    TestMaster_highestSubIndex_obj1404       0x20000788   Data           1  testmaster.o(.data)
    TestMaster_obj1404_COB_ID_used_by_PDO    0x2000078c   Data           4  testmaster.o(.data)
    TestMaster_obj1404_Transmission_Type     0x20000790   Data           1  testmaster.o(.data)
    TestMaster_obj1404_Inhibit_Time          0x20000792   Data           2  testmaster.o(.data)
    TestMaster_obj1404_Compatibility_Entry   0x20000794   Data           1  testmaster.o(.data)
    TestMaster_obj1404_Event_Timer           0x20000796   Data           2  testmaster.o(.data)
    TestMaster_obj1404_SYNC_start_value      0x20000798   Data           1  testmaster.o(.data)
    TestMaster_Index1404                     0x2000079c   Data          84  testmaster.o(.data)
    TestMaster_highestSubIndex_obj1405       0x200007f0   Data           1  testmaster.o(.data)
    TestMaster_obj1405_COB_ID_used_by_PDO    0x200007f4   Data           4  testmaster.o(.data)
    TestMaster_obj1405_Transmission_Type     0x200007f8   Data           1  testmaster.o(.data)
    TestMaster_obj1405_Inhibit_Time          0x200007fa   Data           2  testmaster.o(.data)
    TestMaster_obj1405_Compatibility_Entry   0x200007fc   Data           1  testmaster.o(.data)
    TestMaster_obj1405_Event_Timer           0x200007fe   Data           2  testmaster.o(.data)
    TestMaster_obj1405_SYNC_start_value      0x20000800   Data           1  testmaster.o(.data)
    TestMaster_Index1405                     0x20000804   Data          84  testmaster.o(.data)
    TestMaster_highestSubIndex_obj1406       0x20000858   Data           1  testmaster.o(.data)
    TestMaster_obj1406_COB_ID_used_by_PDO    0x2000085c   Data           4  testmaster.o(.data)
    TestMaster_obj1406_Transmission_Type     0x20000860   Data           1  testmaster.o(.data)
    TestMaster_obj1406_Inhibit_Time          0x20000862   Data           2  testmaster.o(.data)
    TestMaster_obj1406_Compatibility_Entry   0x20000864   Data           1  testmaster.o(.data)
    TestMaster_obj1406_Event_Timer           0x20000866   Data           2  testmaster.o(.data)
    TestMaster_obj1406_SYNC_start_value      0x20000868   Data           1  testmaster.o(.data)
    TestMaster_Index1406                     0x2000086c   Data          84  testmaster.o(.data)
    TestMaster_highestSubIndex_obj1407       0x200008c0   Data           1  testmaster.o(.data)
    TestMaster_obj1407_COB_ID_used_by_PDO    0x200008c4   Data           4  testmaster.o(.data)
    TestMaster_obj1407_Transmission_Type     0x200008c8   Data           1  testmaster.o(.data)
    TestMaster_obj1407_Inhibit_Time          0x200008ca   Data           2  testmaster.o(.data)
    TestMaster_obj1407_Compatibility_Entry   0x200008cc   Data           1  testmaster.o(.data)
    TestMaster_obj1407_Event_Timer           0x200008ce   Data           2  testmaster.o(.data)
    TestMaster_obj1407_SYNC_start_value      0x200008d0   Data           1  testmaster.o(.data)
    TestMaster_Index1407                     0x200008d4   Data          84  testmaster.o(.data)
    TestMaster_highestSubIndex_obj1600       0x20000928   Data           1  testmaster.o(.data)
    TestMaster_obj1600                       0x2000092c   Data           4  testmaster.o(.data)
    TestMaster_Index1600                     0x20000930   Data          24  testmaster.o(.data)
    TestMaster_highestSubIndex_obj1601       0x20000948   Data           1  testmaster.o(.data)
    TestMaster_obj1601                       0x2000094c   Data           4  testmaster.o(.data)
    TestMaster_Index1601                     0x20000950   Data          24  testmaster.o(.data)
    TestMaster_highestSubIndex_obj1602       0x20000968   Data           1  testmaster.o(.data)
    TestMaster_obj1602                       0x2000096c   Data           4  testmaster.o(.data)
    TestMaster_Index1602                     0x20000970   Data          24  testmaster.o(.data)
    TestMaster_highestSubIndex_obj1603       0x20000988   Data           1  testmaster.o(.data)
    TestMaster_obj1603                       0x2000098c   Data           4  testmaster.o(.data)
    TestMaster_Index1603                     0x20000990   Data          24  testmaster.o(.data)
    TestMaster_highestSubIndex_obj1604       0x200009a8   Data           1  testmaster.o(.data)
    TestMaster_obj1604                       0x200009ac   Data           4  testmaster.o(.data)
    TestMaster_Index1604                     0x200009b0   Data          24  testmaster.o(.data)
    TestMaster_highestSubIndex_obj1605       0x200009c8   Data           1  testmaster.o(.data)
    TestMaster_obj1605                       0x200009cc   Data           4  testmaster.o(.data)
    TestMaster_Index1605                     0x200009d0   Data          24  testmaster.o(.data)
    TestMaster_highestSubIndex_obj1606       0x200009e8   Data           1  testmaster.o(.data)
    TestMaster_obj1606                       0x200009ec   Data           4  testmaster.o(.data)
    TestMaster_Index1606                     0x200009f0   Data          24  testmaster.o(.data)
    TestMaster_highestSubIndex_obj1607       0x20000a08   Data           1  testmaster.o(.data)
    TestMaster_obj1607                       0x20000a0c   Data           4  testmaster.o(.data)
    TestMaster_Index1607                     0x20000a10   Data          24  testmaster.o(.data)
    TestMaster_highestSubIndex_obj1F22       0x20000a28   Data           1  testmaster.o(.data)
    TestMaster_obj1F22                       0x20000a2c   Data           8  testmaster.o(.data)
    TestMaster_Index1F22                     0x20000a34   Data          36  testmaster.o(.data)
    ID1_callbacks                            0x20000a58   Data           4  testmaster.o(.data)
    TestMaster_Index2000                     0x20000a5c   Data          12  testmaster.o(.data)
    ID2_callbacks                            0x20000a68   Data           4  testmaster.o(.data)
    TestMaster_Index2001                     0x20000a6c   Data          12  testmaster.o(.data)
    ID3_callbacks                            0x20000a78   Data           4  testmaster.o(.data)
    TestMaster_Index2002                     0x20000a7c   Data          12  testmaster.o(.data)
    ID4_callbacks                            0x20000a88   Data           4  testmaster.o(.data)
    TestMaster_Index2003                     0x20000a8c   Data          12  testmaster.o(.data)
    ID5_callbacks                            0x20000a98   Data           4  testmaster.o(.data)
    TestMaster_Index2004                     0x20000a9c   Data          12  testmaster.o(.data)
    ID6_callbacks                            0x20000aa8   Data           4  testmaster.o(.data)
    TestMaster_Index2005                     0x20000aac   Data          12  testmaster.o(.data)
    ID7_callbacks                            0x20000ab8   Data           4  testmaster.o(.data)
    TestMaster_Index2006                     0x20000abc   Data          12  testmaster.o(.data)
    ID8_callbacks                            0x20000ac8   Data           4  testmaster.o(.data)
    TestMaster_Index2007                     0x20000acc   Data          12  testmaster.o(.data)
    TestMaster_PDO_status                    0x20000ad8   Data          18  testmaster.o(.data)
    TestMaster_Data                          0x20000aec   Data         572  testmaster.o(.data)
    DMATxDescToSet                           0x20000d3c   Data           4  stm32_eth.o(.data)
    DMARxDescToGet                           0x20000d40   Data           4  stm32_eth.o(.data)
    DMAPTPTxDescToSet                        0x20000d44   Data           4  stm32_eth.o(.data)
    DMAPTPRxDescToGet                        0x20000d48   Data           4  stm32_eth.o(.data)
    pxCurrentTCB                             0x20000d4c   Data           4  tasks.o(.data)
    tcp_end_time                             0x20000db0   Data           4  ethernetif.o(.data)
    arp_end_time                             0x20000db4   Data           4  ethernetif.o(.data)
    MACaddr                                  0x20000db8   Data           6  ethernetif.o(.data)
    DMATxDesc                                0x20000dc0   Data           4  ethernetif.o(.data)
    netif_list                               0x20000dd8   Data           4  netif.o(.data)
    netif_default                            0x20000ddc   Data           4  netif.o(.data)
    tcp_ticks                                0x20000dec   Data           4  tcp.o(.data)
    tcp_bound_pcbs                           0x20000df0   Data           4  tcp.o(.data)
    tcp_listen_pcbs                          0x20000df4   Data           4  tcp.o(.data)
    tcp_active_pcbs                          0x20000df8   Data           4  tcp.o(.data)
    tcp_tw_pcbs                              0x20000dfc   Data           4  tcp.o(.data)
    tcp_tmp_pcb                              0x20000e00   Data           4  tcp.o(.data)
    tcp_active_pcbs_changed                  0x20000e04   Data           1  tcp.o(.data)
    tcp_input_pcb                            0x20000e28   Data           4  tcp_in.o(.data)
    udp_pcbs                                 0x20000e38   Data           4  udp.o(.data)
    current_netif                            0x20000e3c   Data           4  ip.o(.data)
    current_header                           0x20000e40   Data           4  ip.o(.data)
    current_iphdr_src                        0x20000e44   Data           4  ip.o(.data)
    current_iphdr_dest                       0x20000e48   Data           4  ip.o(.data)
    total_sleep_time                         0x20000e74   Data           4  timer.o(.data)
    last_timer_raw                           0x20000e78   Data           2  timer.o(.data)
    tdcount                                  0x20000e7c   Data           4  timer.o(.data)
    __stdout                                 0x20000e84   Data           4  stdout.o(.data)
    netif                                    0x20000ed0   Data          52  netconfig.o(.bss)
    sysCfg                                   0x20000f18   Data         236  app_flash.o(.bss)
    DMARxDscrTab                             0x200088cc   Data          64  ethernetif.o(.bss)
    DMATxDscrTab                             0x2000890c   Data          32  ethernetif.o(.bss)
    Rx_Buff                                  0x2000892c   Data        6080  ethernetif.o(.bss)
    Tx_Buff                                  0x2000a0ec   Data        3040  ethernetif.o(.bss)
    ram_heap                                 0x2000accc   Data        5140  mem.o(.bss)
    timers                                   0x2000ecb4   Data         192  timer.o(.bss)
    __initial_sp                             0x2000f578   Data           0  startup_stm32f10x_cl.o(STACK)



==============================================================================

Memory Map of the image

  Image Entry point : 0x08000151

  Load Region LR_IROM1 (Base: 0x08000000, Size: 0x00015614, Max: 0x00040000, ABSOLUTE, COMPRESSED[0x00014be0])

    Execution Region ER_IROM1 (Base: 0x08000000, Size: 0x0001478c, Max: 0x00040000, ABSOLUTE)

    Base Addr    Size         Type   Attr      Idx    E Section Name        Object

    0x08000000   0x00000150   Data   RO           19    RESET               startup_stm32f10x_cl.o
    0x08000150   0x00000000   Code   RO         1805  * .ARM.Collect$$$$00000000  mc_w.l(entry.o)
    0x08000150   0x00000004   Code   RO         2083    .ARM.Collect$$$$00000001  mc_w.l(entry2.o)
    0x08000154   0x00000004   Code   RO         2086    .ARM.Collect$$$$00000004  mc_w.l(entry5.o)
    0x08000158   0x00000000   Code   RO         2088    .ARM.Collect$$$$00000008  mc_w.l(entry7b.o)
    0x08000158   0x00000000   Code   RO         2090    .ARM.Collect$$$$0000000A  mc_w.l(entry8b.o)
    0x08000158   0x00000008   Code   RO         2091    .ARM.Collect$$$$0000000B  mc_w.l(entry9a.o)
    0x08000160   0x00000000   Code   RO         2093    .ARM.Collect$$$$0000000D  mc_w.l(entry10a.o)
    0x08000160   0x00000000   Code   RO         2095    .ARM.Collect$$$$0000000F  mc_w.l(entry11a.o)
    0x08000160   0x00000004   Code   RO         2084    .ARM.Collect$$$$00002712  mc_w.l(entry2.o)
    0x08000164   0x000000a2   Code   RO          770    .emb_text           port.o
    0x08000206   0x00000002   PAD
    0x08000208   0x00000024   Code   RO           20    .text               startup_stm32f10x_cl.o
    0x0800022c   0x00000284   Code   RO           24    .text               system_stm32f10x.o
    0x080004b0   0x000003f4   Code   RO           85    .text               main.o
    0x080008a4   0x000000c4   Code   RO          327    .text               netconfig.o
    0x08000968   0x0000024c   Code   RO          355    .text               netinit.o
    0x08000bb4   0x000000bc   Code   RO          370    .text               stm32f10x_it.o
    0x08000c70   0x000007b4   Code   RO          389    .text               tcp_client.o
    0x08001424   0x00000420   Code   RO          405    .text               app_flash.o
    0x08001844   0x00000610   Code   RO          425    .text               app_plat.o
    0x08001e54   0x00000278   Code   RO          449    .text               testmaster.o
    0x080020cc   0x000000dc   Code   RO          473    .text               misc.o
    0x080021a8   0x000009f0   Code   RO          518    .text               stm32f10x_can.o
    0x08002b98   0x0000035c   Code   RO          578    .text               stm32f10x_gpio.o
    0x08002ef4   0x00000504   Code   RO          608    .text               stm32f10x_rcc.o
    0x080033f8   0x00000e1a   Code   RO          625    .text               stm32f10x_tim.o
    0x08004212   0x00000002   PAD
    0x08004214   0x00000408   Code   RO          640    .text               stm32f10x_usart.o
    0x0800461c   0x00001138   Code   RO          667    .text               stm32_eth.o
    0x08005754   0x000005bc   Code   RO          682    .text               stm32f10x_flash.o
    0x08005d10   0x00000094   Code   RO          697    .text               list.o
    0x08005da4   0x00000558   Code   RO          718    .text               queue.o
    0x080062fc   0x00000ba4   Code   RO          733    .text               tasks.o
    0x08006ea0   0x000001e4   Code   RO          755    .text               heap_4.o
    0x08007084   0x000000d4   Code   RO          771    .text               port.o
    0x08007158   0x000002ec   Code   RO          794    .text               ethernetif.o
    0x08007444   0x00000240   Code   RO          837    .text               sys_arch.o
    0x08007684   0x0000003e   Code   RO          854    .text               def.o
    0x080076c2   0x00000002   PAD
    0x080076c4   0x00000378   Code   RO          930    .text               mem.o
    0x08007a3c   0x000000ac   Code   RO          946    .text               memp.o
    0x08007ae8   0x000002e0   Code   RO          981    .text               netif.o
    0x08007dc8   0x000006ee   Code   RO         1003    .text               pbuf.o
    0x080084b6   0x00000002   PAD
    0x080084b8   0x000001c0   Code   RO         1018    .text               raw.o
    0x08008678   0x00000e60   Code   RO         1050    .text               tcp.o
    0x080094d8   0x00001340   Code   RO         1074    .text               tcp_in.o
    0x0800a818   0x00000cec   Code   RO         1100    .text               tcp_out.o
    0x0800b504   0x00000208   Code   RO         1112    .text               timers.o
    0x0800b70c   0x000004a0   Code   RO         1138    .text               udp.o
    0x0800bbac   0x00000220   Code   RO         1162    .text               icmp.o
    0x0800bdcc   0x00000232   Code   RO         1193    .text               inet_chksum.o
    0x0800bffe   0x00000002   PAD
    0x0800c000   0x0000030c   Code   RO         1205    .text               ip.o
    0x0800c30c   0x000002b8   Code   RO         1223    .text               ip_addr.o
    0x0800c5c4   0x000009e0   Code   RO         1372    .text               etharp.o
    0x0800cfa4   0x000000dc   Code   RO         1392    .text               bsp.o
    0x0800d080   0x00000104   Code   RO         1407    .text               bsp_can.o
    0x0800d184   0x00000134   Code   RO         1419    .text               bsp_cpu_flash.o
    0x0800d2b8   0x00000090   Code   RO         1435    .text               bsp_timer.o
    0x0800d348   0x0000011c   Code   RO         1447    .text               bsp_usart.o
    0x0800d464   0x000005bc   Code   RO         1459    .text               bsp_mqtt_ota.o
    0x0800da20   0x000002be   Code   RO         1496    .text               emcy.o
    0x0800dcde   0x00000002   PAD
    0x0800dce0   0x000004a8   Code   RO         1511    .text               lifegrd.o
    0x0800e188   0x00000084   Code   RO         1535    .text               nmtmaster.o
    0x0800e20c   0x0000010e   Code   RO         1547    .text               nmtslave.o
    0x0800e31a   0x00000002   PAD
    0x0800e31c   0x000002f0   Code   RO         1559    .text               objacces.o
    0x0800e60c   0x000009f6   Code   RO         1571    .text               pdo.o
    0x0800f002   0x00000002   PAD
    0x0800f004   0x0000368c   Code   RO         1583    .text               sdo.o
    0x08012690   0x0000041c   Code   RO         1635    .text               states.o
    0x08012aac   0x0000012c   Code   RO         1648    .text               sync.o
    0x08012bd8   0x00000198   Code   RO         1660    .text               timer.o
    0x08012d70   0x000002cc   Code   RO         1679    .text               mqttconnectclient.o
    0x0801303c   0x00000118   Code   RO         1703    .text               mqttdeserializepublish.o
    0x08013154   0x0000040c   Code   RO         1731    .text               mqttpacket.o
    0x08013560   0x0000018e   Code   RO         1745    .text               mqttserializepublish.o
    0x080136ee   0x00000176   Code   RO         1757    .text               mqttsubscribeclient.o
    0x08013864   0x00000024   Code   RO         1808    .text               mc_w.l(memcpya.o)
    0x08013888   0x00000024   Code   RO         1810    .text               mc_w.l(memseta.o)
    0x080138ac   0x00000024   Code   RO         1812    .text               mc_w.l(strstr.o)
    0x080138d0   0x0000000e   Code   RO         1814    .text               mc_w.l(strlen.o)
    0x080138de   0x0000001a   Code   RO         1816    .text               mc_w.l(memcmp.o)
    0x080138f8   0x0000001e   Code   RO         1818    .text               mc_w.l(strncmp.o)
    0x08013916   0x00000062   Code   RO         2100    .text               mc_w.l(uldiv.o)
    0x08013978   0x00000024   Code   RO         2113    .text               mc_w.l(init.o)
    0x0801399c   0x0000001e   Code   RO         2115    .text               mc_w.l(llshl.o)
    0x080139ba   0x00000020   Code   RO         2117    .text               mc_w.l(llushr.o)
    0x080139da   0x00000056   Code   RO         2131    .text               mc_w.l(__dczerorl2.o)
    0x08013a30   0x00000020   Code   RO         2029    i.__0printf$8       mc_w.l(printf8.o)
    0x08013a50   0x00000028   Code   RO         2031    i.__0sprintf$8      mc_w.l(printf8.o)
    0x08013a78   0x0000000e   Code   RO         2125    i.__scatterload_copy  mc_w.l(handlers.o)
    0x08013a86   0x00000002   Code   RO         2126    i.__scatterload_null  mc_w.l(handlers.o)
    0x08013a88   0x0000000e   Code   RO         2127    i.__scatterload_zeroinit  mc_w.l(handlers.o)
    0x08013a96   0x00000002   PAD
    0x08013a98   0x00000410   Code   RO         2036    i._printf_core      mc_w.l(printf8.o)
    0x08013ea8   0x00000024   Code   RO         2037    i._printf_post_padding  mc_w.l(printf8.o)
    0x08013ecc   0x0000002e   Code   RO         2038    i._printf_pre_padding  mc_w.l(printf8.o)
    0x08013efa   0x0000000a   Code   RO         2040    i._sputc            mc_w.l(printf8.o)
    0x08013f04   0x00000284   Data   RO          390    .constdata          tcp_client.o
    0x08014188   0x0000016e   Data   RO          450    .constdata          testmaster.o
    0x080142f6   0x00000030   Data   RO          948    .constdata          memp.o
    0x08014326   0x00000002   PAD
    0x08014328   0x00000050   Data   RO         1051    .constdata          tcp.o
    0x08014378   0x00000008   Data   RO         1225    .constdata          ip_addr.o
    0x08014380   0x0000000c   Data   RO         1374    .constdata          etharp.o
    0x0801438c   0x00000212   Data   RO         1460    .constdata          bsp_mqtt_ota.o
    0x0801459e   0x00000002   PAD
    0x080145a0   0x00000040   Data   RO         1636    .constdata          states.o
    0x080145e0   0x000000b4   Data   RO          391    .conststring        tcp_client.o
    0x08014694   0x00000001   Data   RO          451    .conststring        testmaster.o
    0x08014695   0x00000003   PAD
    0x08014698   0x00000075   Data   RO         1052    .conststring        tcp.o
    0x0801470d   0x00000003   PAD
    0x08014710   0x00000049   Data   RO         1512    .conststring        lifegrd.o
    0x08014759   0x00000003   PAD
    0x0801475c   0x0000000e   Data   RO          452    .conststrlit        testmaster.o
    0x0801476a   0x00000002   PAD
    0x0801476c   0x00000020   Data   RO         2123    Region$$Table       anon$$obj.o


    Execution Region RW_IRAM1 (Base: 0x20000000, Size: 0x0000f578, Max: 0x00010000, ABSOLUTE, COMPRESSED[0x00000454])

    Base Addr    Size         Type   Attr      Idx    E Section Name        Object

    0x20000000   0x00000014   Data   RW           25    .data               system_stm32f10x.o
    0x20000014   0x00000014   Data   RW           88    .data               main.o
    0x20000028   0x00000020   Data   RW          330    .data               netconfig.o
    0x20000048   0x00000011   Data   RW          373    .data               stm32f10x_it.o
    0x20000059   0x00000003   PAD
    0x2000005c   0x00000011   Data   RW          392    .data               tcp_client.o
    0x2000006d   0x00000003   PAD
    0x20000070   0x00000068   Data   RW          408    .data               app_flash.o
    0x200000d8   0x000000d9   Data   RW          427    .data               app_plat.o
    0x200001b1   0x00000003   PAD
    0x200001b4   0x00000b74   Data   RW          453    .data               testmaster.o
    0x20000d28   0x00000014   Data   RW          609    .data               stm32f10x_rcc.o
    0x20000d3c   0x00000010   Data   RW          668    .data               stm32_eth.o
    0x20000d4c   0x00000038   Data   RW          735    .data               tasks.o
    0x20000d84   0x00000018   Data   RW          757    .data               heap_4.o
    0x20000d9c   0x00000004   Data   RW          772    .data               port.o
    0x20000da0   0x00000024   Data   RW          797    .data               ethernetif.o
    0x20000dc4   0x00000002   Data   RW          838    .data               sys_arch.o
    0x20000dc6   0x00000002   PAD
    0x20000dc8   0x00000010   Data   RW          932    .data               mem.o
    0x20000dd8   0x00000009   Data   RW          982    .data               netif.o
    0x20000de1   0x00000003   PAD
    0x20000de4   0x00000004   Data   RW         1019    .data               raw.o
    0x20000de8   0x00000024   Data   RW         1053    .data               tcp.o
    0x20000e0c   0x00000020   Data   RW         1076    .data               tcp_in.o
    0x20000e2c   0x00000008   Data   RW         1113    .data               timers.o
    0x20000e34   0x00000008   Data   RW         1139    .data               udp.o
    0x20000e3c   0x00000012   Data   RW         1206    .data               ip.o
    0x20000e4e   0x00000001   Data   RW         1375    .data               etharp.o
    0x20000e4f   0x00000001   PAD
    0x20000e50   0x00000020   Data   RW         1461    .data               bsp_mqtt_ota.o
    0x20000e70   0x00000004   Data   RW         1513    .data               lifegrd.o
    0x20000e74   0x0000000c   Data   RW         1662    .data               timer.o
    0x20000e80   0x00000004   Data   RW         1732    .data               mqttpacket.o
    0x20000e84   0x00000004   Data   RW         2097    .data               mc_w.l(stdout.o)
    0x20000e88   0x00000048   Zero   RW           86    .bss                main.o
    0x20000ed0   0x00000034   Zero   RW          328    .bss                netconfig.o
    0x20000f04   0x00000014   Zero   RW          371    .bss                stm32f10x_it.o
    0x20000f18   0x000000ec   Zero   RW          406    .bss                app_flash.o
    0x20001004   0x000000c8   Zero   RW          734    .bss                tasks.o
    0x200010cc   0x00007800   Zero   RW          756    .bss                heap_4.o
    0x200088cc   0x00002400   Zero   RW          795    .bss                ethernetif.o
    0x2000accc   0x00001414   Zero   RW          931    .bss                mem.o
    0x2000c0e0   0x00002ae7   Zero   RW          947    .bss                memp.o
    0x2000ebc7   0x00000001   PAD
    0x2000ebc8   0x00000014   Zero   RW         1075    .bss                tcp_in.o
    0x2000ebdc   0x00000010   Zero   RW         1224    .bss                ip_addr.o
    0x2000ebec   0x000000c8   Zero   RW         1373    .bss                etharp.o
    0x2000ecb4   0x000000c0   Zero   RW         1661    .bss                timer.o
    0x2000ed74   0x00000004   PAD
    0x2000ed78   0x00000800   Zero   RW           17    STACK               startup_stm32f10x_cl.o


==============================================================================

Image component sizes


      Code (inc. data)   RO Data    RW Data    ZI Data      Debug   Object Name

      1056        420          0        104        236       3597   app_flash.o
      1552        492          0        217          0      22022   app_plat.o
       220         64          0          0          0        912   bsp.o
       260         10          0          0          0       1055   bsp_can.o
       308          6          0          0          0      17798   bsp_cpu_flash.o
      1468        414        530         32          0      18862   bsp_mqtt_ota.o
       144         10          0          0          0        752   bsp_timer.o
       284          8          0          0          0       2004   bsp_usart.o
         0          0          0          0          0       4532   core_cm3.o
        62          0          0          0          0       1182   def.o
       702          0          0          0          0       3279   emcy.o
      2528         24         12          1        200      10175   etharp.o
       748         40          0         36       9216      19059   ethernetif.o
       484         24          0         24      30720       3428   heap_4.o
       544         10          0          0          0       2543   icmp.o
         0          0          0          0          0       3876   inet.o
       562          0          0          0          0       3189   inet_chksum.o
         0          0          0          0          0       1388   init.o
       780         30          0         18          0       6359   ip.o
       696         12          8          0         16       9643   ip_addr.o
      1192         22         73          4          0       6007   lifegrd.o
       148          0          0          0          0       3422   list.o
      1012        222          0         20         72      66994   main.o
       888         22          0         16       5140       4066   mem.o
       172         18         48          0      10983       2690   memp.o
       220         22          0          0          0      16965   misc.o
       716         18          0          0          0       3198   mqttconnectclient.o
       280          0          0          0          0       2262   mqttdeserializepublish.o
      1036          8          0          4          0       6456   mqttpacket.o
       398          0          0          0          0       2862   mqttserializepublish.o
       374          0          0          0          0       2523   mqttsubscribeclient.o
       196         38          0         32         52      35156   netconfig.o
       736         20          0          9          0       6765   netif.o
       588         22          0          0          0      33950   netinit.o
       132          0          0          0          0       1377   nmtmaster.o
       270          0          0          0          0       1100   nmtslave.o
       752         16          0          0          0       3980   objacces.o
      1774          0          0          0          0       7809   pbuf.o
      2550          4          0          0          0       8078   pdo.o
       374         30          0          4          0       4651   port.o
      1368          0          0          0          0       8424   queue.o
       448         12          0          4          0       3569   raw.o
     13964        138          0          0          0      32090   sdo.o
        36          8        336          0       2048        860   startup_stm32f10x_cl.o
      1052         22         64          0          0       4107   states.o
      4408        118          0         16          0      24377   stm32_eth.o
      2544         38          0          0          0      16424   stm32f10x_can.o
      1468         34          0          0          0      14686   stm32f10x_flash.o
       860         38          0          0          0      14233   stm32f10x_gpio.o
       188         38          0         17         20       2112   stm32f10x_it.o
      1284         64          0         20          0      24826   stm32f10x_rcc.o
      3610         88          0          0          0      43328   stm32f10x_tim.o
      1032         22          0          0          0      14636   stm32f10x_usart.o
       300          4          0          0          0       2250   sync.o
       576          6          0          2          0       5982   sys_arch.o
       644         48          0         20          0     286435   system_stm32f10x.o
      2980        198          0         56        200      14116   tasks.o
      3680        140        197         36          0      21939   tcp.o
      1972        484        824         17          0       7070   tcp_client.o
      4928        232          0         32         20      15215   tcp_in.o
      3308          8          0          0          0       9839   tcp_out.o
       632         60        381       2932          0      18849   testmaster.o
       408         14          0         12        192       3182   timer.o
       520         26          0          8          0       3291   timers.o
      1184         22          0          8          0       7138   udp.o

    ----------------------------------------------------------------------
     79616       3888       2520       3716      59120     954944   Object Totals
         0          0         32          0          0          0   (incl. Generated)
        16          0         15         15          5          0   (incl. Padding)

    ----------------------------------------------------------------------

      Code (inc. data)   RO Data    RW Data    ZI Data      Debug   Library Member Name

        86          0          0          0          0          0   __dczerorl2.o
         0          0          0          0          0          0   entry.o
         0          0          0          0          0          0   entry10a.o
         0          0          0          0          0          0   entry11a.o
         8          4          0          0          0          0   entry2.o
         4          0          0          0          0          0   entry5.o
         0          0          0          0          0          0   entry7b.o
         0          0          0          0          0          0   entry8b.o
         8          4          0          0          0          0   entry9a.o
        30          0          0          0          0          0   handlers.o
        36          8          0          0          0         68   init.o
        30          0          0          0          0         68   llshl.o
        32          0          0          0          0         68   llushr.o
        26          0          0          0          0         80   memcmp.o
        36          0          0          0          0         68   memcpya.o
        36          0          0          0          0        108   memseta.o
      1204         60          0          0          0        504   printf8.o
         0          0          0          4          0          0   stdout.o
        14          0          0          0          0         68   strlen.o
        30          0          0          0          0         80   strncmp.o
        36          0          0          0          0         80   strstr.o
        98          0          0          0          0         92   uldiv.o

    ----------------------------------------------------------------------
      1716         76          0          4          0       1284   Library Totals
         2          0          0          0          0          0   (incl. Padding)

    ----------------------------------------------------------------------

      Code (inc. data)   RO Data    RW Data    ZI Data      Debug   Library Name

      1714         76          0          4          0       1284   mc_w.l

    ----------------------------------------------------------------------
      1716         76          0          4          0       1284   Library Totals

    ----------------------------------------------------------------------

==============================================================================


      Code (inc. data)   RO Data    RW Data    ZI Data      Debug   

     81332       3964       2520       3720      59120     949648   Grand Totals
     81332       3964       2520       1108      59120     949648   ELF Image Totals (compressed)
     81332       3964       2520       1108          0          0   ROM Totals

==============================================================================

    Total RO  Size (Code + RO Data)                83852 (  81.89kB)
    Total RW  Size (RW Data + ZI Data)             62840 (  61.37kB)
    Total ROM Size (Code + RO Data + RW Data)      84960 (  82.97kB)

==============================================================================

