Component: ARM Compiler 5.06 update 4 (build 422) Tool: armlink [4d35d2]

==============================================================================

Section Cross References

    startup_stm32f10x_cl.o(RESET) refers to startup_stm32f10x_cl.o(STACK) for __initial_sp
    startup_stm32f10x_cl.o(RESET) refers to startup_stm32f10x_cl.o(.text) for Reset_Handler
    startup_stm32f10x_cl.o(RESET) refers to stm32f10x_it.o(i.NMI_Handler) for NMI_Handler
    startup_stm32f10x_cl.o(RESET) refers to stm32f10x_it.o(i.HardFault_Handler) for HardFault_Handler
    startup_stm32f10x_cl.o(RESET) refers to stm32f10x_it.o(i.MemManage_Handler) for MemManage_Handler
    startup_stm32f10x_cl.o(RESET) refers to stm32f10x_it.o(i.BusFault_Handler) for BusFault_Handler
    startup_stm32f10x_cl.o(RESET) refers to stm32f10x_it.o(i.UsageFault_Handler) for UsageFault_Handler
    startup_stm32f10x_cl.o(RESET) refers to port.o(.emb_text) for vPortSVCHandler
    startup_stm32f10x_cl.o(RESET) refers to stm32f10x_it.o(i.DebugMon_Handler) for DebugMon_Handler
    startup_stm32f10x_cl.o(RESET) refers to port.o(i.xPortSysTickHandler) for xPortSysTickHandler
    startup_stm32f10x_cl.o(RESET) refers to stm32f10x_it.o(i.CAN1_RX0_IRQHandler) for CAN1_RX0_IRQHandler
    startup_stm32f10x_cl.o(RESET) refers to main.o(i.EXTI9_5_IRQHandler) for EXTI9_5_IRQHandler
    startup_stm32f10x_cl.o(RESET) refers to stm32f10x_it.o(i.TIM2_IRQHandler) for TIM2_IRQHandler
    startup_stm32f10x_cl.o(RESET) refers to main.o(i.TIM3_IRQHandler) for TIM3_IRQHandler
    startup_stm32f10x_cl.o(RESET) refers to stm32f10x_it.o(i.USART1_IRQHandler) for USART1_IRQHandler
    startup_stm32f10x_cl.o(RESET) refers to stm32f10x_it.o(i.ETH_IRQHandler) for ETH_IRQHandler
    startup_stm32f10x_cl.o(.text) refers to system_stm32f10x.o(i.SystemInit) for SystemInit
    startup_stm32f10x_cl.o(.text) refers to entry.o(.ARM.Collect$$$$00000000) for __main
    system_stm32f10x.o(i.SystemCoreClockUpdate) refers to system_stm32f10x.o(.data) for .data
    system_stm32f10x.o(i.SystemInit) refers to system_stm32f10x.o(i.SetSysClockTo72) for SetSysClockTo72
    main.o(i.AppObjCreate) refers to queue.o(i.xQueueGenericCreate) for xQueueGenericCreate
    main.o(i.AppObjCreate) refers to queue.o(i.xQueueCreateMutex) for xQueueCreateMutex
    main.o(i.AppObjCreate) refers to printfa.o(i.__0printf) for __2printf
    main.o(i.AppObjCreate) refers to main.o(.data) for .data
    main.o(i.AppTaskCreate) refers to tasks.o(i.xTaskGenericCreate) for xTaskGenericCreate
    main.o(i.AppTaskCreate) refers to main.o(i.CANSend_Task) for CANSend_Task
    main.o(i.AppTaskCreate) refers to main.o(i.CANRcv_Task) for CANRcv_Task
    main.o(i.AppTaskCreate) refers to main.o(i.CANOpen_App_Task) for CANOpen_App_Task
    main.o(i.AppTaskCreate) refers to netconfig.o(i.Eth_Task) for Eth_Task
    main.o(i.AppTaskCreate) refers to tcp_client.o(i.Task_TCP_Client) for Task_TCP_Client
    main.o(i.App_Printf) refers to printfa.o(i.__0vsnprintf) for vsnprintf
    main.o(i.App_Printf) refers to queue.o(i.xQueueGenericReceive) for xQueueGenericReceive
    main.o(i.App_Printf) refers to printfa.o(i.__0printf) for __2printf
    main.o(i.App_Printf) refers to queue.o(i.xQueueGenericSend) for xQueueGenericSend
    main.o(i.App_Printf) refers to main.o(.data) for .data
    main.o(i.CANOpen_App_Task) refers to states.o(i.setNodeId) for setNodeId
    main.o(i.CANOpen_App_Task) refers to states.o(i.setState) for setState
    main.o(i.CANOpen_App_Task) refers to tasks.o(i.vTaskDelay) for vTaskDelay
    main.o(i.CANOpen_App_Task) refers to testmaster.o(.data) for TestMaster_Data
    main.o(i.CANRcv_DateFromISR) refers to queue.o(i.xQueueGenericSendFromISR) for xQueueGenericSendFromISR
    main.o(i.CANRcv_DateFromISR) refers to main.o(.data) for .data
    main.o(i.CANRcv_Task) refers to queue.o(i.xQueueGenericReceive) for xQueueGenericReceive
    main.o(i.CANRcv_Task) refers to stm32f10x_tim.o(i.TIM_ITConfig) for TIM_ITConfig
    main.o(i.CANRcv_Task) refers to states.o(i.canDispatch) for canDispatch
    main.o(i.CANRcv_Task) refers to main.o(.data) for .data
    main.o(i.CANRcv_Task) refers to main.o(.bss) for .bss
    main.o(i.CANRcv_Task) refers to testmaster.o(.data) for TestMaster_Data
    main.o(i.CANSend_Task) refers to queue.o(i.xQueueGenericReceive) for xQueueGenericReceive
    main.o(i.CANSend_Task) refers to stm32f10x_can.o(i.CAN_Transmit) for CAN_Transmit
    main.o(i.CANSend_Task) refers to tasks.o(i.vTaskDelay) for vTaskDelay
    main.o(i.CANSend_Task) refers to main.o(.data) for .data
    main.o(i.CANSend_Task) refers to main.o(.bss) for .bss
    main.o(i.EXTI9_5_IRQHandler) refers to stm32f10x_exti.o(i.EXTI_GetITStatus) for EXTI_GetITStatus
    main.o(i.EXTI9_5_IRQHandler) refers to stm32f10x_exti.o(i.EXTI_ClearITPendingBit) for EXTI_ClearITPendingBit
    main.o(i.EXTI9_5_IRQHandler) refers to bsp.o(i.delay_ms) for delay_ms
[...]
    TestMaster_obj1402_Event_Timer           0x2000067e   Data           2  testmaster.o(.data)
    TestMaster_obj1402_SYNC_start_value      0x20000680   Data           1  testmaster.o(.data)
    TestMaster_Index1402                     0x20000684   Data          84  testmaster.o(.data)
    TestMaster_highestSubIndex_obj1403       0x200006d8   Data           1  testmaster.o(.data)
    TestMaster_obj1403_COB_ID_used_by_PDO    0x200006dc   Data           4  testmaster.o(.data)
    TestMaster_obj1403_Transmission_Type     0x200006e0   Data           1  testmaster.o(.data)
    TestMaster_obj1403_Inhibit_Time          0x200006e2   Data           2  testmaster.o(.data)
    TestMaster_obj1403_Compatibility_Entry   0x200006e4   Data           1  testmaster.o(.data)
    TestMaster_obj1403_Event_Timer           0x200006e6   Data           2  testmaster.o(.data)
    TestMaster_obj1403_SYNC_start_value      0x200006e8   Data           1  testmaster.o(.data)
    TestMaster_Index1403                     0x200006ec   Data          84  testmaster.o(.data)
    TestMaster_highestSubIndex_obj1404       0x20000740   Data           1  testmaster.o(.data)
    TestMaster_obj1404_COB_ID_used_by_PDO    0x20000744   Data           4  testmaster.o(.data)
    TestMaster_obj1404_Transmission_Type     0x20000748   Data           1  testmaster.o(.data)
    TestMaster_obj1404_Inhibit_Time          0x2000074a   Data           2  testmaster.o(.data)
    TestMaster_obj1404_Compatibility_Entry   0x2000074c   Data           1  testmaster.o(.data)
    TestMaster_obj1404_Event_Timer           0x2000074e   Data           2  testmaster.o(.data)
    TestMaster_obj1404_SYNC_start_value      0x20000750   Data           1  testmaster.o(.data)
    TestMaster_Index1404                     0x20000754   Data          84  testmaster.o(.data)
    TestMaster_highestSubIndex_obj1405       0x200007a8   Data           1  testmaster.o(.data)
    TestMaster_obj1405_COB_ID_used_by_PDO    0x200007ac   Data           4  testmaster.o(.data)
    TestMaster_obj1405_Transmission_Type     0x200007b0   Data           1  testmaster.o(.data)
    TestMaster_obj1405_Inhibit_Time          0x200007b2   Data           2  testmaster.o(.data)
    TestMaster_obj1405_Compatibility_Entry   0x200007b4   Data           1  testmaster.o(.data)
    TestMaster_obj1405_Event_Timer           0x200007b6   Data           2  testmaster.o(.data)
    TestMaster_obj1405_SYNC_start_value      0x200007b8   Data           1  testmaster.o(.data)
    TestMaster_Index1405                     0x200007bc   Data          84  testmaster.o(.data)
    TestMaster_highestSubIndex_obj1406       0x20000810   Data           1  testmaster.o(.data)
    TestMaster_obj1406_COB_ID_used_by_PDO    0x20000814   Data           4  testmaster.o(.data)
    TestMaster_obj1406_Transmission_Type     0x20000818   Data           1  testmaster.o(.data)
    TestMaster_obj1406_Inhibit_Time          0x2000081a   Data           2  testmaster.o(.data)
    TestMaster_obj1406_Compatibility_Entry   0x2000081c   Data           1  testmaster.o(.data)
    TestMaster_obj1406_Event_Timer           0x2000081e   Data           2  testmaster.o(.data)
    TestMaster_obj1406_SYNC_start_value      0x20000820   Data           1  testmaster.o(.data)
    TestMaster_Index1406                     0x20000824   Data          84  testmaster.o(.data)
    TestMaster_highestSubIndex_obj1407       0x20000878   Data           1  testmaster.o(.data)
    TestMaster_obj1407_COB_ID_used_by_PDO    0x2000087c   Data           4  testmaster.o(.data)
    TestMaster_obj1407_Transmission_Type     0x20000880   Data           1  testmaster.o(.data)
    TestMaster_obj1407_Inhibit_Time          0x20000882   Data           2  testmaster.o(.data)
    TestMaster_obj1407_Compatibility_Entry   0x20000884   Data           1  testmaster.o(.data)
    TestMaster_obj1407_Event_Timer           0x20000886   Data           2  testmaster.o(.data)
    TestMaster_obj1407_SYNC_start_value      0x20000888   Data           1  testmaster.o(.data)
    TestMaster_Index1407                     0x2000088c   Data          84  testmaster.o(.data)
    TestMaster_highestSubIndex_obj1600       0x200008e0   Data           1  testmaster.o(.data)
    TestMaster_obj1600                       0x200008e4   Data           4  testmaster.o(.data)
    TestMaster_Index1600                     0x200008e8   Data          24  testmaster.o(.data)
    TestMaster_highestSubIndex_obj1601       0x20000900   Data           1  testmaster.o(.data)
    TestMaster_obj1601                       0x20000904   Data           4  testmaster.o(.data)
    TestMaster_Index1601                     0x20000908   Data          24  testmaster.o(.data)
    TestMaster_highestSubIndex_obj1602       0x20000920   Data           1  testmaster.o(.data)
    TestMaster_obj1602                       0x20000924   Data           4  testmaster.o(.data)
    TestMaster_Index1602                     0x20000928   Data          24  testmaster.o(.data)
    TestMaster_highestSubIndex_obj1603       0x20000940   Data           1  testmaster.o(.data)
    TestMaster_obj1603                       0x20000944   Data           4  testmaster.o(.data)
    TestMaster_Index1603                     0x20000948   Data          24  testmaster.o(.data)
    TestMaster_highestSubIndex_obj1604       0x20000960   Data           1  testmaster.o(.data)
    TestMaster_obj1604                       0x20000964   Data           4  testmaster.o(.data)
    TestMaster_Index1604                     0x20000968   Data          24  testmaster.o(.data)
    TestMaster_highestSubIndex_obj1605       0x20000980   Data           1  testmaster.o(.data)
    TestMaster_obj1605                       0x20000984   Data           4  testmaster.o(.data)
    TestMaster_Index1605                     0x20000988   Data          24  testmaster.o(.data)
    TestMaster_highestSubIndex_obj1606       0x200009a0   Data           1  testmaster.o(.data)
    TestMaster_obj1606                       0x200009a4   Data           4  testmaster.o(.data)
    TestMaster_Index1606                     0x200009a8   Data          24  testmaster.o(.data)
    TestMaster_highestSubIndex_obj1607       0x200009c0   Data           1  testmaster.o(.data)
    TestMaster_obj1607                       0x200009c4   Data           4  testmaster.o(.data)
    TestMaster_Index1607                     0x200009c8   Data          24  testmaster.o(.data)
    TestMaster_highestSubIndex_obj1F22       0x200009e0   Data           1  testmaster.o(.data)
    TestMaster_obj1F22                       0x200009e4   Data           8  testmaster.o(.data)
    TestMaster_Index1F22                     0x200009ec   Data          36  testmaster.o(.data)
    TestMaster_Index2000                     0x20000a10   Data          12  testmaster.o(.data)
    TestMaster_Index2001                     0x20000a1c   Data          12  testmaster.o(.data)
    TestMaster_Index2002                     0x20000a28   Data          12  testmaster.o(.data)
    TestMaster_Index2003                     0x20000a34   Data          12  testmaster.o(.data)
    TestMaster_Index2004                     0x20000a40   Data          12  testmaster.o(.data)
    TestMaster_Index2005                     0x20000a4c   Data          12  testmaster.o(.data)
    TestMaster_Index2006                     0x20000a58   Data          12  testmaster.o(.data)
    TestMaster_Index2007                     0x20000a64   Data          12  testmaster.o(.data)
    TestMaster_PDO_status                    0x20000a70   Data          18  testmaster.o(.data)
    TestMaster_Data                          0x20000a84   Data         572  testmaster.o(.data)
    DMATxDescToSet                           0x20000cc8   Data           4  stm32_eth.o(.data)
    DMARxDescToGet                           0x20000ccc   Data           4  stm32_eth.o(.data)
    DMAPTPTxDescToSet                        0x20000cd0   Data           4  stm32_eth.o(.data)
    DMAPTPRxDescToGet                        0x20000cd4   Data           4  stm32_eth.o(.data)
    pxCurrentTCB                             0x20000cec   Data           4  tasks.o(.data)
    MACaddr                                  0x20000d40   Data           6  ethernetif.o(.data)
    netif_list                               0x20000d60   Data           4  netif.o(.data)
    netif_default                            0x20000d64   Data           4  netif.o(.data)
    tcp_active_pcbs_changed                  0x20000d6c   Data           1  tcp.o(.data)
    tcp_ticks                                0x20000d78   Data           4  tcp.o(.data)
    tcp_bound_pcbs                           0x20000d7c   Data           4  tcp.o(.data)
    tcp_listen_pcbs                          0x20000d80   Data           4  tcp.o(.data)
    tcp_active_pcbs                          0x20000d84   Data           4  tcp.o(.data)
    tcp_tw_pcbs                              0x20000d88   Data           4  tcp.o(.data)
    tcp_tmp_pcb                              0x20000d8c   Data           4  tcp.o(.data)
    tcp_input_pcb                            0x20000da8   Data           4  tcp_in.o(.data)
    udp_pcbs                                 0x20000db8   Data           4  udp.o(.data)
    current_netif                            0x20000dc0   Data           4  ip.o(.data)
    current_header                           0x20000dc4   Data           4  ip.o(.data)
    current_iphdr_src                        0x20000dc8   Data           4  ip.o(.data)
    current_iphdr_dest                       0x20000dcc   Data           4  ip.o(.data)
    last_timer_raw                           0x20000de8   Data           2  timer.o(.data)
    total_sleep_time                         0x20000dec   Data           4  timer.o(.data)
    __stdout                                 0x20000df4   Data           4  stdout.o(.data)
    netif                                    0x20000e40   Data          56  netconfig.o(.bss)
    sysCfg                                   0x20000e8c   Data         236  app_flash.o(.bss)
    DMARxDscrTab                             0x20006040   Data          64  ethernetif.o(.bss)
    DMATxDscrTab                             0x20006080   Data          32  ethernetif.o(.bss)
    Rx_Buff                                  0x200060a0   Data        6080  ethernetif.o(.bss)
    Tx_Buff                                  0x20007860   Data        3040  ethernetif.o(.bss)
    dhcp_rx_options_val                      0x20008440   Data          40  dhcp.o(.bss)
    dhcp_rx_options_given                    0x20008468   Data          10  dhcp.o(.bss)
    ram_heap                                 0x20008472   Data        5140  mem.o(.bss)
    timers                                   0x2000c44c   Data         192  timer.o(.bss)
    __initial_sp                             0x2000cd10   Data           0  startup_stm32f10x_cl.o(STACK)



==============================================================================

Memory Map of the image

  Image Entry point : 0x08008151

  Load Region LR_IROM1 (Base: 0x08008000, Size: 0x0000f46c, Max: 0x00040000, ABSOLUTE, COMPRESSED[0x0000eabc])

    Execution Region ER_IROM1 (Base: 0x08008000, Size: 0x0000e674, Max: 0x00040000, ABSOLUTE)

    Base Addr    Size         Type   Attr      Idx    E Section Name        Object

    0x08008000   0x00000150   Data   RO           19    RESET               startup_stm32f10x_cl.o
    0x08008150   0x00000000   Code   RO         7566  * .ARM.Collect$$$$00000000  mc_w.l(entry.o)
    0x08008150   0x00000004   Code   RO         7846    .ARM.Collect$$$$00000001  mc_w.l(entry2.o)
    0x08008154   0x00000004   Code   RO         7849    .ARM.Collect$$$$00000004  mc_w.l(entry5.o)
    0x08008158   0x00000000   Code   RO         7851    .ARM.Collect$$$$00000008  mc_w.l(entry7b.o)
    0x08008158   0x00000000   Code   RO         7853    .ARM.Collect$$$$0000000A  mc_w.l(entry8b.o)
    0x08008158   0x00000008   Code   RO         7854    .ARM.Collect$$$$0000000B  mc_w.l(entry9a.o)
    0x08008160   0x00000000   Code   RO         7856    .ARM.Collect$$$$0000000D  mc_w.l(entry10a.o)
    0x08008160   0x00000000   Code   RO         7858    .ARM.Collect$$$$0000000F  mc_w.l(entry11a.o)
    0x08008160   0x00000004   Code   RO         7847    .ARM.Collect$$$$00002712  mc_w.l(entry2.o)
    0x08008164   0x000000a2   Code   RO         3937    .emb_text           port.o
    0x08008206   0x00000002   PAD
    0x08008208   0x00000024   Code   RO           20    .text               startup_stm32f10x_cl.o
    0x0800822c   0x00000062   Code   RO         7569    .text               mc_w.l(uldiv.o)
    0x0800828e   0x00000024   Code   RO         7571    .text               mc_w.l(memcpya.o)
    0x080082b2   0x00000024   Code   RO         7573    .text               mc_w.l(memseta.o)
    0x080082d6   0x00000024   Code   RO         7575    .text               mc_w.l(strstr.o)
    0x080082fa   0x0000000e   Code   RO         7577    .text               mc_w.l(strlen.o)
    0x08008308   0x0000001a   Code   RO         7579    .text               mc_w.l(memcmp.o)
    0x08008322   0x0000001e   Code   RO         7581    .text               mc_w.l(strncmp.o)
    0x08008340   0x0000002c   Code   RO         7861    .text               mc_w.l(uidiv.o)
    0x0800836c   0x0000001e   Code   RO         7863    .text               mc_w.l(llshl.o)
    0x0800838a   0x00000020   Code   RO         7865    .text               mc_w.l(llushr.o)
    0x080083aa   0x00000000   Code   RO         7867    .text               mc_w.l(iusefp.o)
    0x080083aa   0x0000014e   Code   RO         7868    .text               mf_w.l(dadd.o)
    0x080084f8   0x000000e4   Code   RO         7870    .text               mf_w.l(dmul.o)
    0x080085dc   0x000000de   Code   RO         7872    .text               mf_w.l(ddiv.o)
    0x080086ba   0x00000030   Code   RO         7874    .text               mf_w.l(dfixul.o)
    0x080086ea   0x00000002   PAD
    0x080086ec   0x00000030   Code   RO         7876    .text               mf_w.l(cdrcmple.o)
    0x0800871c   0x00000024   Code   RO         7878    .text               mc_w.l(init.o)
    0x08008740   0x00000024   Code   RO         7880    .text               mc_w.l(llsshr.o)
    0x08008764   0x000000ba   Code   RO         7882    .text               mf_w.l(depilogue.o)
    0x0800881e   0x00000056   Code   RO         7892    .text               mc_w.l(__dczerorl2.o)
    0x08008874   0x000000a8   Code   RO           99    i.AppObjCreate      main.o
    0x0800891c   0x000000d4   Code   RO          100    i.AppTaskCreate     main.o
    0x080089f0   0x00000044   Code   RO          101    i.App_Printf        main.o
    0x08008a34   0x00000068   Code   RO         6113    i.BSP_Init          bsp.o
    0x08008a9c   0x00000002   Code   RO          554    i.BusFault_Handler  stm32f10x_it.o
    0x08008a9e   0x00000002   PAD
    0x08008aa0   0x00000020   Code   RO          555    i.CAN1_RX0_IRQHandler  stm32f10x_it.o
    0x08008ac0   0x00000028   Code   RO          102    i.CANOpen_App_Task  main.o
    0x08008ae8   0x00000080   Code   RO         6198    i.CANOpen_TIM_Configuration  bsp_timer.o
    0x08008b68   0x00000030   Code   RO          103    i.CANRcv_DateFromISR  main.o
    0x08008b98   0x00000070   Code   RO          104    i.CANRcv_Task       main.o
    0x08008c08   0x0000003c   Code   RO          105    i.CANSend_Task      main.o
    0x08008c44   0x00000090   Code   RO         6140    i.CAN_Configuration  bsp_can.o
    0x08008cd4   0x000000cc   Code   RO         1819    i.CAN_FilterInit    stm32f10x_can.o
    0x08008da0   0x0000004c   Code   RO         6141    i.CAN_GPIO_Configuration  bsp_can.o
    0x08008dec   0x00000010   Code   RO         1825    i.CAN_ITConfig      stm32f10x_can.o
    0x08008dfc   0x000000e8   Code   RO         1826    i.CAN_Init          stm32f10x_can.o
    0x08008ee4   0x0000000e   Code   RO         6142    i.CAN_Initializes   bsp_can.o
    0x08008ef2   0x00000002   PAD
    0x08008ef4   0x00000090   Code   RO         1829    i.CAN_Receive       stm32f10x_can.o
    0x08008f84   0x000000a4   Code   RO         1834    i.CAN_Transmit      stm32f10x_can.o
    0x08009028   0x0000003c   Code   RO         6512    i.CheckSDOAndContinue  lifegrd.o
    0x08009064   0x00000058   Code   RO          631    i.Check_TCP_Bus_Connect  tcp_client.o
    0x080090bc   0x00000058   Code   RO          632    i.Check_TCP_Main_Connect  tcp_client.o
    0x08009114   0x00000084   Code   RO         6513    i.ConfigureSlaveNode  lifegrd.o
    0x08009198   0x0000002c   Code   RO         6514    i.ConsumerHeartbeatAlarm  lifegrd.o
    0x080091c4   0x000000a0   Code   RO         6726    i.CopyBits          pdo.o
    0x08009264   0x00000024   Code   RO         6240    i.DEBUG_SendByte    bsp_usart.o
    0x08009288   0x0000010c   Code   RO          633    i.DHCP_run          tcp_client.o
    0x08009394   0x0000000a   Code   RO          507    i.Ddelay            netinit.o
    0x0800939e   0x00000016   Code   RO          508    i.Ddelay_ms         netinit.o
    0x080093b4   0x00000002   Code   RO          556    i.DebugMon_Handler  stm32f10x_it.o
    0x080093b6   0x00000002   PAD
    0x080093b8   0x0000002c   Code   RO         7158    i.DelAlarm          timer.o
    0x080093e4   0x0000000c   Code   RO         1127    i.ETH_DMAClearITPendingBit  stm32_eth.o
    0x080093f0   0x00000018   Code   RO         1128    i.ETH_DMAITConfig   stm32_eth.o
    0x08009408   0x0000001c   Code   RO         1131    i.ETH_DMAReceptionCmd  stm32_eth.o
    0x08009424   0x0000004c   Code   RO         1132    i.ETH_DMARxDescChainInit  stm32_eth.o
    0x08009470   0x00000012   Code   RO         1134    i.ETH_DMARxDescReceiveITConfig  stm32_eth.o
    0x08009482   0x00000002   PAD
    0x08009484   0x0000001c   Code   RO         1137    i.ETH_DMATransmissionCmd  stm32_eth.o
    0x080094a0   0x00000048   Code   RO         1140    i.ETH_DMATxDescChainInit  stm32_eth.o
    0x080094e8   0x00000008   Code   RO         1141    i.ETH_DMATxDescChecksumInsertionConfig  stm32_eth.o
    0x080094f0   0x00000018   Code   RO         1149    i.ETH_DeInit        stm32_eth.o
    0x08009508   0x00000012   Code   RO         1150    i.ETH_Delay         stm32_eth.o
    0x0800951a   0x00000002   PAD
    0x0800951c   0x00000010   Code   RO         1155    i.ETH_FlushTransmitFIFO  stm32_eth.o
    0x0800952c   0x000000d8   Code   RO          510    i.ETH_GPIO_Config   netinit.o
    0x08009604   0x0000000c   Code   RO         4008    i.ETH_GetCurrentTxBuffer  ethernetif.o
    0x08009610   0x00000020   Code   RO         1181    i.ETH_GetRxPktSize  stm32_eth.o
    0x08009630   0x00000014   Code   RO         1182    i.ETH_GetSoftwareResetStatus  stm32_eth.o
    0x08009644   0x0000002a   Code   RO          557    i.ETH_IRQHandler    stm32f10x_it.o
    0x0800966e   0x00000002   PAD
    0x08009670   0x00000250   Code   RO         1189    i.ETH_Init          stm32_eth.o
    0x080098c0   0x0000001c   Code   RO         1192    i.ETH_MACAddressConfig  stm32_eth.o
    0x080098dc   0x0000001c   Code   RO         1197    i.ETH_MACReceptionCmd  stm32_eth.o
    0x080098f8   0x0000001c   Code   RO         1198    i.ETH_MACTransmissionCmd  stm32_eth.o
    0x08009914   0x00000058   Code   RO         1209    i.ETH_ReadPHYRegister  stm32_eth.o
    0x0800996c   0x00000050   Code   RO         4009    i.ETH_RxPkt_ChainMode  ethernetif.o
    0x080099bc   0x00000010   Code   RO         1220    i.ETH_SoftwareReset  stm32_eth.o
    0x080099cc   0x00000022   Code   RO         1221    i.ETH_Start         stm32_eth.o
    0x080099ee   0x0000007c   Code   RO         1222    i.ETH_StructInit    stm32_eth.o
    0x08009a6a   0x00000002   PAD
    0x08009a6c   0x0000003c   Code   RO         4010    i.ETH_TxPkt_ChainMode  ethernetif.o
    0x08009aa8   0x00000054   Code   RO         1224    i.ETH_WritePHYRegister  stm32_eth.o
    0x08009afc   0x00000098   Code   RO          106    i.EXTI9_5_IRQHandler  main.o
    0x08009b94   0x0000000c   Code   RO         2092    i.EXTI_ClearITPendingBit  stm32f10x_exti.o
    0x08009ba0   0x00000020   Code   RO         2096    i.EXTI_GetITStatus  stm32f10x_exti.o
    0x08009bc0   0x00000070   Code   RO         2097    i.EXTI_Init         stm32f10x_exti.o
    0x08009c30   0x00000068   Code   RO         1225    i.Eth_Link_EXTIConfig  stm32_eth.o
    0x08009c98   0x00000036   Code   RO         1226    i.Eth_Link_PHYITConfig  stm32_eth.o
    0x08009cce   0x00000002   PAD
    0x08009cd0   0x0000005c   Code   RO          440    i.Eth_Task          netconfig.o
    0x08009d2c   0x000000ec   Code   RO          511    i.Eth_config        netinit.o
    0x08009e18   0x0000000c   Code   RO         3337    i.FLASH_ClearFlag   stm32f10x_flash.o
    0x08009e24   0x0000003c   Code   RO         3342    i.FLASH_ErasePage   stm32f10x_flash.o
    0x08009e60   0x00000028   Code   RO         3343    i.FLASH_GetBank1Status  stm32f10x_flash.o
    0x08009e88   0x00000010   Code   RO         3352    i.FLASH_Lock        stm32f10x_flash.o
    0x08009e98   0x00000034   Code   RO         3355    i.FLASH_ProgramHalfWord  stm32f10x_flash.o
    0x08009ecc   0x00000018   Code   RO         3360    i.FLASH_Unlock      stm32f10x_flash.o
    0x08009ee4   0x00000024   Code   RO         3364    i.FLASH_WaitForLastOperation  stm32f10x_flash.o
    0x08009f08   0x0000000c   Code   RO         2150    i.GPIO_ETH_MediaInterfaceConfig  stm32f10x_gpio.o
    0x08009f14   0x00000028   Code   RO         2151    i.GPIO_EXTILineConfig  stm32f10x_gpio.o
    0x08009f3c   0x000000a2   Code   RO         2154    i.GPIO_Init         stm32f10x_gpio.o
    0x08009fde   0x00000002   PAD
    0x08009fe0   0x00000058   Code   RO         2156    i.GPIO_PinRemapConfig  stm32f10x_gpio.o
    0x0800a038   0x0000000e   Code   RO         2158    i.GPIO_ReadInputDataBit  stm32f10x_gpio.o
    0x0800a046   0x00000004   Code   RO         2161    i.GPIO_ResetBits    stm32f10x_gpio.o
    0x0800a04a   0x00000004   Code   RO         2162    i.GPIO_SetBits      stm32f10x_gpio.o
    0x0800a04e   0x00000040   Code   RO         6815    i.GetSDOClientFromNodeId  sdo.o
    0x0800a08e   0x00000062   Code   RO         6515    i.GuardTimeAlarm    lifegrd.o
    0x0800a0f0   0x0000001c   Code   RO          558    i.HardFault_Handler  stm32f10x_it.o
    0x0800a10c   0x00000060   Code   RO         6199    i.Key_Timer_Config  bsp_timer.o
    0x0800a16c   0x00000050   Code   RO          441    i.LwIP_Init         netconfig.o
    0x0800a1bc   0x0000000c   Code   RO          442    i.LwIP_Pkt_Handle   netconfig.o
    0x0800a1c8   0x00000062   Code   RO         7190    i.MQTTDeserialize_connack  mqttconnectclient.o
    0x0800a22a   0x0000008e   Code   RO         7257    i.MQTTDeserialize_publish  mqttdeserializepublish.o
    0x0800a2b8   0x0000003e   Code   RO         7332    i.MQTTPacket_decode  mqttpacket.o
    0x0800a2f6   0x00000002   PAD
    0x0800a2f8   0x00000014   Code   RO         7333    i.MQTTPacket_decodeBuf  mqttpacket.o
    0x0800a30c   0x0000002a   Code   RO         7334    i.MQTTPacket_encode  mqttpacket.o
    0x0800a336   0x00000002   PAD
    0x0800a338   0x00000028   Code   RO         7336    i.MQTTPacket_len    mqttpacket.o
    0x0800a360   0x00000048   Code   RO         7440    i.MQTTSerialize_ack  mqttserializepublish.o
    0x0800a3a8   0x00000118   Code   RO         7191    i.MQTTSerialize_connect  mqttconnectclient.o
    0x0800a4c0   0x00000076   Code   RO         7192    i.MQTTSerialize_connectLength  mqttconnectclient.o
    0x0800a536   0x0000000e   Code   RO         7441    i.MQTTSerialize_puback  mqttserializepublish.o
    0x0800a544   0x00000086   Code   RO         7443    i.MQTTSerialize_publish  mqttserializepublish.o
    0x0800a5ca   0x0000001e   Code   RO         7444    i.MQTTSerialize_publishLength  mqttserializepublish.o
    0x0800a5e8   0x0000008c   Code   RO         7483    i.MQTTSerialize_subscribe  mqttsubscribeclient.o
    0x0800a674   0x0000002e   Code   RO         7484    i.MQTTSerialize_subscribeLength  mqttsubscribeclient.o
    0x0800a6a2   0x0000000e   Code   RO         7339    i.MQTTstrlen        mqttpacket.o
    0x0800a6b0   0x00000002   Code   RO          559    i.MemManage_Handler  stm32f10x_it.o
    0x0800a6b2   0x00000002   Code   RO          560    i.NMI_Handler       stm32f10x_it.o
    0x0800a6b4   0x00000022   Code   RO          512    i.NVIC_Configuration  netinit.o
    0x0800a6d6   0x00000002   PAD
    0x0800a6d8   0x00000064   Code   RO         1741    i.NVIC_Init         misc.o
    0x0800a73c   0x00000014   Code   RO         1742    i.NVIC_PriorityGroupConfig  misc.o
    0x0800a750   0x0000001c   Code   RO          107    i.NVIC_SystemReset  main.o
    0x0800a76c   0x0000000a   Code   RO         7101    i.OnCOB_ID_SyncUpdate  sync.o
    0x0800a776   0x00000012   Code   RO         6516    i.OnHeartbeatProducerUpdate  lifegrd.o
    0x0800a788   0x00000012   Code   RO         6517    i.OnNodeGuardUpdate  lifegrd.o
    0x0800a79a   0x00000002   PAD
    0x0800a79c   0x00000028   Code   RO         6457    i.OnNumberOfErrorsUpdate  emcy.o
    0x0800a7c4   0x00000028   Code   RO         6727    i.PDOEventTimerAlarm  pdo.o
    0x0800a7ec   0x0000002a   Code   RO         6728    i.PDOInhibitTimerAlarm  pdo.o
    0x0800a816   0x00000002   PAD
    0x0800a818   0x00000058   Code   RO         6729    i.PDOInit           pdo.o
    0x0800a870   0x00000068   Code   RO         6730    i.PDOStop           pdo.o
    0x0800a8d8   0x00000044   Code   RO         6518    i.ProducerHeartbeatAlarm  lifegrd.o
    0x0800a91c   0x00000018   Code   RO         2308    i.RCC_AHBPeriphClockCmd  stm32f10x_rcc.o
    0x0800a934   0x00000018   Code   RO         2309    i.RCC_AHBPeriphResetCmd  stm32f10x_rcc.o
    0x0800a94c   0x00000018   Code   RO         2310    i.RCC_APB1PeriphClockCmd  stm32f10x_rcc.o
    0x0800a964   0x00000018   Code   RO         2311    i.RCC_APB1PeriphResetCmd  stm32f10x_rcc.o
    0x0800a97c   0x00000018   Code   RO         2312    i.RCC_APB2PeriphClockCmd  stm32f10x_rcc.o
    0x0800a994   0x00000018   Code   RO         2313    i.RCC_APB2PeriphResetCmd  stm32f10x_rcc.o
    0x0800a9ac   0x00000010   Code   RO         2316    i.RCC_ClearFlag     stm32f10x_rcc.o
    0x0800a9bc   0x000000c8   Code   RO         2320    i.RCC_GetClocksFreq  stm32f10x_rcc.o
    0x0800aa84   0x00000030   Code   RO         2321    i.RCC_GetFlagStatus  stm32f10x_rcc.o
    0x0800aab4   0x0000000c   Code   RO         2332    i.RCC_MCOConfig     stm32f10x_rcc.o
    0x0800aac0   0x0000000c   Code   RO         2338    i.RCC_PLL3Cmd       stm32f10x_rcc.o
    0x0800aacc   0x00000014   Code   RO         2339    i.RCC_PLL3Config    stm32f10x_rcc.o
    0x0800aae0   0x00000024   Code   RO         6684    i.RegisterSetODentryCallBack  objacces.o
    0x0800ab04   0x0000007c   Code   RO         6816    i.SDOTimeoutAlarm   sdo.o
    0x0800ab80   0x00000030   Code   RO         6817    i.SDOlineToObjdict  sdo.o
    0x0800abb0   0x00000036   Code   RO         6818    i.SDOtoLine         sdo.o
    0x0800abe6   0x00000002   PAD
    0x0800abe8   0x00000090   Code   RO         7159    i.SetAlarm          timer.o
    0x0800ac78   0x000000d0   Code   RO           24    i.SetSysClockTo72   system_stm32f10x.o
    0x0800ad48   0x00000028   Code   RO         4011    i.Set_MAC_Address   ethernetif.o
    0x0800ad70   0x00000004   Code   RO         7102    i.SyncAlarm         sync.o
    0x0800ad74   0x00000060   Code   RO           26    i.SystemInit        system_stm32f10x.o
    0x0800add4   0x00000050   Code   RO          635    i.TCP_Client_Init   tcp_client.o
    0x0800ae24   0x00000088   Code   RO          636    i.TCP_Client_Recv   tcp_client.o
    0x0800aeac   0x00000068   Code   RO          637    i.TCP_Connected     tcp_client.o
    0x0800af14   0x00000022   Code   RO          562    i.TIM2_IRQHandler   stm32f10x_it.o
    0x0800af36   0x00000002   PAD
    0x0800af38   0x0000005c   Code   RO          108    i.TIM3_IRQHandler   main.o
    0x0800af94   0x00000006   Code   RO         2572    i.TIM_ClearFlag     stm32f10x_tim.o
    0x0800af9a   0x00000006   Code   RO         2573    i.TIM_ClearITPendingBit  stm32f10x_tim.o
    0x0800afa0   0x00000014   Code   RO         2578    i.TIM_Cmd           stm32f10x_tim.o
    0x0800afb4   0x00000170   Code   RO         2583    i.TIM_DeInit        stm32f10x_tim.o
    0x0800b124   0x00000004   Code   RO         2597    i.TIM_GetCounter    stm32f10x_tim.o
    0x0800b128   0x00000018   Code   RO         2599    i.TIM_GetITStatus   stm32f10x_tim.o
    0x0800b140   0x00000010   Code   RO         2603    i.TIM_ITConfig      stm32f10x_tim.o
    0x0800b150   0x00000004   Code   RO         6200    i.TIM_Initializes   bsp_timer.o
    0x0800b154   0x00000004   Code   RO         2643    i.TIM_SetCounter    stm32f10x_tim.o
    0x0800b158   0x0000009c   Code   RO         2649    i.TIM_TimeBaseInit  stm32f10x_tim.o
    0x0800b1f4   0x00000010   Code   RO          109    i.TIMx_DispatchFromISR  main.o
    0x0800b204   0x00000066   Code   RO         6731    i.TPDO_Communication_Parameter_Callback  pdo.o
    0x0800b26a   0x00000002   PAD
    0x0800b26c   0x00000228   Code   RO          638    i.Task_TCP_Client   tcp_client.o
    0x0800b494   0x0000023c   Code   RO          860    i.TestMaster_scanIndexOD  testmaster.o
    0x0800b6d0   0x00000014   Code   RO          861    i.TestMaster_valueRangeTest  testmaster.o
    0x0800b6e4   0x00000098   Code   RO         7160    i.TimeDispatch      timer.o
    0x0800b77c   0x00000022   Code   RO         6201    i.Timer_Interrupts_Config  bsp_timer.o
    0x0800b79e   0x00000002   PAD
    0x0800b7a0   0x000000b4   Code   RO         6242    i.UART_DEBUG_Configuration  bsp_usart.o
    0x0800b854   0x00000034   Code   RO          563    i.USART1_IRQHandler  stm32f10x_it.o
    0x0800b888   0x00000006   Code   RO         3100    i.USART_ClearFlag   stm32f10x_usart.o
    0x0800b88e   0x00000014   Code   RO         3104    i.USART_Cmd         stm32f10x_usart.o
    0x0800b8a2   0x0000000e   Code   RO         3107    i.USART_GetFlagStatus  stm32f10x_usart.o
    0x0800b8b0   0x0000003e   Code   RO         3108    i.USART_GetITStatus  stm32f10x_usart.o
    0x0800b8ee   0x00000030   Code   RO         3110    i.USART_ITConfig    stm32f10x_usart.o
    0x0800b91e   0x00000002   PAD
    0x0800b920   0x000000ac   Code   RO         3111    i.USART_Init        stm32f10x_usart.o
    0x0800b9cc   0x00000004   Code   RO         6243    i.USART_Initializes  bsp_usart.o
    0x0800b9d0   0x00000008   Code   RO         3118    i.USART_ReceiveData  stm32f10x_usart.o
    0x0800b9d8   0x00000008   Code   RO         3121    i.USART_SendData    stm32f10x_usart.o
    0x0800b9e0   0x00000002   Code   RO          564    i.UsageFault_Handler  stm32f10x_it.o
    0x0800b9e2   0x00000002   Code   RO         6732    i._RxPDO_EventTimers_Handler  pdo.o
    0x0800b9e4   0x00000020   Code   RO         7818    i.__0printf         mc_w.l(printfa.o)
    0x0800ba04   0x00000028   Code   RO         7820    i.__0sprintf        mc_w.l(printfa.o)
    0x0800ba2c   0x0000002c   Code   RO         7823    i.__0vsnprintf      mc_w.l(printfa.o)
    0x0800ba58   0x0000000e   Code   RO         7886    i.__scatterload_copy  mc_w.l(handlers.o)
    0x0800ba66   0x00000002   Code   RO         7887    i.__scatterload_null  mc_w.l(handlers.o)
    0x0800ba68   0x0000000e   Code   RO         7888    i.__scatterload_zeroinit  mc_w.l(handlers.o)
    0x0800ba76   0x00000002   PAD
    0x0800ba78   0x00000184   Code   RO         7825    i._fp_digits        mc_w.l(printfa.o)
    0x0800bbfc   0x000000cc   Code   RO         6685    i._getODentry       objacces.o
    0x0800bcc8   0x00000002   Code   RO         6519    i._heartbeatError   lifegrd.o
    0x0800bcca   0x00000002   Code   RO         7034    i._initialisation   states.o
    0x0800bccc   0x00000002   Code   RO         6520    i._nodeguardError   lifegrd.o
    0x0800bcce   0x00000002   Code   RO         7035    i._operational      states.o
    0x0800bcd0   0x00000004   Code   RO         6521    i._post_SlaveBootup  lifegrd.o
    0x0800bcd4   0x00000002   Code   RO         6522    i._post_SlaveStateChange  lifegrd.o
    0x0800bcd6   0x00000002   Code   RO         7103    i._post_TPDO        sync.o
    0x0800bcd8   0x00000002   Code   RO         6458    i._post_emcy        emcy.o
    0x0800bcda   0x00000002   Code   RO         7104    i._post_sync        sync.o
    0x0800bcdc   0x00000010   Code   RO         7036    i._preOperational   states.o
    0x0800bcec   0x000006dc   Code   RO         7826    i._printf_core      mc_w.l(printfa.o)
    0x0800c3c8   0x00000024   Code   RO         7827    i._printf_post_padding  mc_w.l(printfa.o)
    0x0800c3ec   0x0000002e   Code   RO         7828    i._printf_pre_padding  mc_w.l(printfa.o)
    0x0800c41a   0x0000011c   Code   RO         6733    i._sendPDOevent     pdo.o
    0x0800c536   0x00000002   PAD
    0x0800c538   0x000000f0   Code   RO         6686    i._setODentry       objacces.o
    0x0800c628   0x00000016   Code   RO         7829    i._snputc           mc_w.l(printfa.o)
    0x0800c63e   0x0000000a   Code   RO         7830    i._sputc            mc_w.l(printfa.o)
    0x0800c648   0x00000002   Code   RO         7037    i._stopped          states.o
    0x0800c64a   0x00000002   Code   RO         6687    i._storeODSubIndex  objacces.o
    0x0800c64c   0x00000170   Code   RO         6820    i._writeNetworkDict  sdo.o
    0x0800c7bc   0x00000434   Code   RO          768    i.app_flash_LoadSysConfig  app_flash.o
    0x0800cbf0   0x00000026   Code   RO         1083    i.app_nrf_IsLeapYear  app_ntp.o
    0x0800cc16   0x00000002   PAD
    0x0800cc18   0x000000c4   Code   RO         1084    i.app_nrf_TimeTosec  app_ntp.o
    0x0800ccdc   0x00000050   Code   RO          787    i.app_palt_Connectack  app_plat.o
    0x0800cd2c   0x000001c4   Code   RO          788    i.app_palt_Receicedata  app_plat.o
    0x0800cef0   0x00000230   Code   RO          789    i.app_palt_devcfgset  app_plat.o
    0x0800d120   0x00000088   Code   RO          790    i.app_plat_GetRespone  app_plat.o
    0x0800d1a8   0x0000002c   Code   RO         6282    i.app_plat_usMBCRC16  bsp_mqtt_ota.o
    0x0800d1d4   0x00000118   Code   RO          791    i.app_system_Heart  app_plat.o
    0x0800d2ec   0x00000070   Code   RO          793    i.app_system_NetLedToggle  app_plat.o
    0x0800d35c   0x00000204   Code   RO          639    i.app_system_NetPublic  tcp_client.o
    0x0800d560   0x00000054   Code   RO          640    i.app_system_Subscrib  tcp_client.o
    0x0800d5b4   0x00000124   Code   RO          641    i.app_system_TcpsStart  tcp_client.o
    0x0800d6d8   0x00000054   Code   RO          794    i.app_system_mqtt_connect_state_flag_set  app_plat.o
    0x0800d72c   0x00000034   Code   RO          795    i.app_system_mqtt_connect_state_get  app_plat.o
    0x0800d760   0x0000004c   Code   RO          796    i.app_tcp_init      app_plat.o
    0x0800d7ac   0x00000044   Code   RO         6164    i.bsp_CmpCpuFlash   bsp_cpu_flash.o
    0x0800d7f0   0x00000068   Code   RO         6320    i.bsp_InitLed       bsp_led.o
    0x0800d858   0x00000068   Code   RO         6374    i.bsp_Initkey       bsp_key.o
    0x0800d8c0   0x0000001e   Code   RO         6375    i.bsp_Initkey_Triggertype  bsp_key.o
    0x0800d8de   0x00000002   PAD
    0x0800d8e0   0x00000028   Code   RO         6322    i.bsp_LedOff        bsp_led.o
    0x0800d908   0x00000028   Code   RO         6323    i.bsp_LedOn         bsp_led.o
    0x0800d930   0x00000038   Code   RO         6324    i.bsp_LedToggle     bsp_led.o
    0x0800d968   0x0000002c   Code   RO         6166    i.bsp_ReadCpuFlash  bsp_cpu_flash.o
    0x0800d994   0x00000090   Code   RO         6167    i.bsp_WriteCpuFlash  bsp_cpu_flash.o
    0x0800da24   0x000003f0   Code   RO         6283    i.bsp_ota_UpdataGateway  bsp_mqtt_ota.o
    0x0800de14   0x00000094   Code   RO         6284    i.bsp_ota_ackResponse  bsp_mqtt_ota.o
    0x0800dea8   0x000000a0   Code   RO         6285    i.bsp_ota_ackResponse1  bsp_mqtt_ota.o
    0x0800df48   0x00000024   Code   RO         7340    i.bufchar           mqttpacket.o
    0x0800df6c   0x000000d6   Code   RO         6734    i.buildPDO          pdo.o
    0x0800e042   0x00000002   PAD
    0x0800e044   0x000001b8   Code   RO         1085    i.calc_date_time    app_ntp.o
    0x0800e1fc   0x0000007a   Code   RO         7038    i.canDispatch       states.o
    0x0800e276   0x00000002   PAD
    0x0800e278   0x0000007c   Code   RO          110    i.canSend           main.o
    0x0800e2f4   0x00000032   Code   RO         6821    i.closeSDOtransfer  sdo.o
    0x0800e326   0x00000016   Code   RO         6115    i.delay_ms          bsp.o
    0x0800e33c   0x0000001e   Code   RO         4247    i.dhcp_arp_reply    dhcp.o
    0x0800e35a   0x000000c0   Code   RO         4248    i.dhcp_bind         dhcp.o
    0x0800e41a   0x00000030   Code   RO         4249    i.dhcp_check        dhcp.o
    0x0800e44a   0x00000002   PAD
    0x0800e44c   0x00000060   Code   RO         4251    i.dhcp_coarse_tmr   dhcp.o
    0x0800e4ac   0x00000124   Code   RO         4252    i.dhcp_create_msg   dhcp.o
    0x0800e5d0   0x00000078   Code   RO         4253    i.dhcp_decline      dhcp.o
    0x0800e648   0x00000016   Code   RO         4254    i.dhcp_delete_msg   dhcp.o
    0x0800e65e   0x00000002   PAD
    0x0800e660   0x000000bc   Code   RO         4255    i.dhcp_discover     dhcp.o
    0x0800e71c   0x00000034   Code   RO         4256    i.dhcp_fine_tmr     dhcp.o
    0x0800e750   0x0000005c   Code   RO         4257    i.dhcp_handle_ack   dhcp.o
    0x0800e7ac   0x00000020   Code   RO         4260    i.dhcp_option       dhcp.o
    0x0800e7cc   0x00000010   Code   RO         4261    i.dhcp_option_byte  dhcp.o
    0x0800e7dc   0x00000042   Code   RO         4262    i.dhcp_option_long  dhcp.o
    0x0800e81e   0x00000022   Code   RO         4263    i.dhcp_option_short  dhcp.o
    0x0800e840   0x0000002c   Code   RO         4264    i.dhcp_option_trailer  dhcp.o
    0x0800e86c   0x000001f8   Code   RO         4265    i.dhcp_parse_reply  dhcp.o
    0x0800ea64   0x00000084   Code   RO         4266    i.dhcp_rebind       dhcp.o
    0x0800eae8   0x000000a0   Code   RO         4267    i.dhcp_reboot       dhcp.o
    0x0800eb88   0x00000114   Code   RO         4268    i.dhcp_recv         dhcp.o
    0x0800ec9c   0x000000a4   Code   RO         4269    i.dhcp_release      dhcp.o
    0x0800ed40   0x00000082   Code   RO         4270    i.dhcp_renew        dhcp.o
    0x0800edc2   0x00000002   PAD
    0x0800edc4   0x000000e8   Code   RO         4271    i.dhcp_select       dhcp.o
    0x0800eeac   0x00000010   Code   RO         4272    i.dhcp_set_state    dhcp.o
    0x0800eebc   0x000000a4   Code   RO         4274    i.dhcp_start        dhcp.o
    0x0800ef60   0x00000030   Code   RO         4275    i.dhcp_stop         dhcp.o
    0x0800ef90   0x00000088   Code   RO         4276    i.dhcp_timeout      dhcp.o
    0x0800f018   0x00000020   Code   RO         6459    i.emergencyInit     emcy.o
    0x0800f038   0x00000002   Code   RO         6460    i.emergencyStop     emcy.o
    0x0800f03a   0x000000ce   Code   RO         6022    i.etharp_arp_input  etharp.o
    0x0800f108   0x00000030   Code   RO         6023    i.etharp_cleanup_netif  etharp.o
    0x0800f138   0x000000dc   Code   RO         6025    i.etharp_find_entry  etharp.o
    0x0800f214   0x0000003c   Code   RO         6026    i.etharp_free_entry  etharp.o
    0x0800f250   0x00000104   Code   RO         6027    i.etharp_output     etharp.o
    0x0800f354   0x00000044   Code   RO         6028    i.etharp_output_to_arp_index  etharp.o
    0x0800f398   0x000000ec   Code   RO         6029    i.etharp_query      etharp.o
    0x0800f484   0x000000a0   Code   RO         6030    i.etharp_raw        etharp.o
    0x0800f524   0x00000024   Code   RO         6031    i.etharp_request    etharp.o
    0x0800f548   0x00000020   Code   RO         6032    i.etharp_send_ip    etharp.o
    0x0800f568   0x00000048   Code   RO         6033    i.etharp_tmr        etharp.o
    0x0800f5b0   0x0000007c   Code   RO         6034    i.etharp_update_arp_entry  etharp.o
    0x0800f62c   0x00000090   Code   RO         6035    i.ethernet_input    etharp.o
    0x0800f6bc   0x00000040   Code   RO         4012    i.ethernetif_init   ethernetif.o
    0x0800f6fc   0x00000078   Code   RO         4013    i.ethernetif_input  ethernetif.o
    0x0800f774   0x00000088   Code   RO         6822    i.failedSDO         sdo.o
    0x0800f7fc   0x0000000e   Code   RO         6245    i.fputc             bsp_usart.o
    0x0800f80a   0x00000002   PAD
    0x0800f80c   0x00000024   Code   RO          111    i.getElapsedTime    main.o
    0x0800f830   0x00000006   Code   RO         7039    i.getNodeId         states.o
    0x0800f836   0x00000030   Code   RO         6824    i.getSDOfreeLine    sdo.o
    0x0800f866   0x0000003a   Code   RO         6825    i.getSDOlineOnUse   sdo.o
    0x0800f8a0   0x00000016   Code   RO         6826    i.getSDOlineRestBytes  sdo.o
    0x0800f8b6   0x00000036   Code   RO         6827    i.getSDOlineToClose  sdo.o
    0x0800f8ec   0x0000004c   Code   RO         6828    i.getWriteResultNetworkDict  sdo.o
    0x0800f938   0x00000018   Code   RO         1086    i.get_ntp_time      app_ntp.o
    0x0800f950   0x00000178   Code   RO         1087    i.get_seconds_from_ntp_server  app_ntp.o
    0x0800fac8   0x0000007c   Code   RO         6524    i.heartbeatInit     lifegrd.o
    0x0800fb44   0x00000036   Code   RO         6525    i.heartbeatStop     lifegrd.o
    0x0800fb7a   0x00000008   Code   RO         5374    i.icmp_dest_unreach  icmp.o
    0x0800fb82   0x00000002   PAD
    0x0800fb84   0x000000fc   Code   RO         5375    i.icmp_input        icmp.o
    0x0800fc80   0x00000064   Code   RO         5376    i.icmp_send_response  icmp.o
    0x0800fce4   0x0000000c   Code   RO         5416    i.inet_chksum       inet_chksum.o
    0x0800fcf0   0x00000048   Code   RO         5417    i.inet_chksum_pbuf  inet_chksum.o
    0x0800fd38   0x0000008c   Code   RO         6829    i.initSDOline       sdo.o
    0x0800fdc4   0x0000002e   Code   RO         5487    i.ip4_addr_isbroadcast  ip_addr.o
    0x0800fdf2   0x00000002   PAD
    0x0800fdf4   0x00000170   Code   RO         5451    i.ip_input          ip.o
    0x0800ff64   0x00000034   Code   RO         5452    i.ip_output         ip.o
    0x0800ff98   0x0000008c   Code   RO         5453    i.ip_output_if      ip.o
    0x08010024   0x00000040   Code   RO         5454    i.ip_route          ip.o
    0x08010064   0x00000014   Code   RO         6202    i.key_timer_Start   bsp_timer.o
    0x08010078   0x0000000c   Code   RO         6203    i.key_timer_Stop    bsp_timer.o
    0x08010084   0x00000012   Code   RO         6526    i.lifeGuardInit     lifegrd.o
    0x08010096   0x00000012   Code   RO         6527    i.lifeGuardStop     lifegrd.o
    0x080100a8   0x0000003c   Code   RO         6830    i.lineToSDO         sdo.o
    0x080100e4   0x00000098   Code   RO         4014    i.low_level_init    ethernetif.o
    0x0801017c   0x0000002c   Code   RO         4015    i.low_level_output  ethernetif.o
    0x080101a8   0x00000004   Code   RO         4217    i.lwip_htonl        def.o
    0x080101ac   0x00000004   Code   RO         4218    i.lwip_htons        def.o
    0x080101b0   0x00000004   Code   RO         4219    i.lwip_ntohl        def.o
    0x080101b4   0x00000004   Code   RO         4220    i.lwip_ntohs        def.o
    0x080101b8   0x00000058   Code   RO         5420    i.lwip_standard_chksum  inet_chksum.o
    0x08010210   0x00000024   Code   RO          112    i.main              main.o
    0x08010234   0x00000022   Code   RO         6643    i.masterSendNMTnodeguard  nmtmaster.o
    0x08010256   0x00000026   Code   RO         6644    i.masterSendNMTstateChange  nmtmaster.o
    0x0801027c   0x00000044   Code   RO         4470    i.mem_free          mem.o
    0x080102c0   0x0000003c   Code   RO         4471    i.mem_init          mem.o
    0x080102fc   0x000000d4   Code   RO         4472    i.mem_malloc        mem.o
    0x080103d0   0x000000e0   Code   RO         4473    i.mem_trim          mem.o
    0x080104b0   0x00000018   Code   RO         4514    i.memp_free         memp.o
    0x080104c8   0x00000058   Code   RO         4515    i.memp_init         memp.o
    0x08010520   0x00000020   Code   RO         4516    i.memp_malloc       memp.o
    0x08010540   0x000000a4   Code   RO          642    i.mqtt_connect      tcp_client.o
    0x080105e4   0x00000068   Code   RO          644    i.mqtt_publish      tcp_client.o
    0x0801064c   0x0000008c   Code   RO          645    i.mqtt_subscrib     tcp_client.o
    0x080106d8   0x0000004c   Code   RO         4561    i.netif_add         netif.o
    0x08010724   0x00000020   Code   RO         4565    i.netif_set_addr    netif.o
    0x08010744   0x0000000c   Code   RO         4566    i.netif_set_default  netif.o
    0x08010750   0x0000001a   Code   RO         4567    i.netif_set_down    netif.o
    0x0801076a   0x00000008   Code   RO         4568    i.netif_set_gw      netif.o
    0x08010772   0x00000002   PAD
    0x08010774   0x00000068   Code   RO         4569    i.netif_set_ipaddr  netif.o
    0x080107dc   0x00000008   Code   RO         4573    i.netif_set_netmask  netif.o
    0x080107e4   0x00000020   Code   RO         4574    i.netif_set_up      netif.o
    0x08010804   0x00000078   Code   RO         6528    i.nodeguardInit     lifegrd.o
    0x0801087c   0x00000012   Code   RO         6529    i.nodeguardStop     lifegrd.o
    0x0801088e   0x0000003c   Code   RO         6831    i.objdictToSDOline  sdo.o
    0x080108ca   0x00000118   Code   RO         4657    i.pbuf_alloc        pbuf.o
    0x080109e2   0x00000028   Code   RO         4658    i.pbuf_cat          pbuf.o
    0x08010a0a   0x00000012   Code   RO         4659    i.pbuf_chain        pbuf.o
    0x08010a1c   0x00000012   Code   RO         4660    i.pbuf_clen         pbuf.o
    0x08010a2e   0x0000009a   Code   RO         4662    i.pbuf_copy         pbuf.o
    0x08010ac8   0x00000068   Code   RO         4663    i.pbuf_copy_partial  pbuf.o
    0x08010b30   0x00000044   Code   RO         4665    i.pbuf_free         pbuf.o
    0x08010b74   0x00000060   Code   RO         4667    i.pbuf_header       pbuf.o
    0x08010bd4   0x0000004e   Code   RO         4670    i.pbuf_realloc      pbuf.o
    0x08010c22   0x0000000c   Code   RO         4671    i.pbuf_ref          pbuf.o
    0x08010c2e   0x00000002   PAD
    0x08010c30   0x00000054   Code   RO         4474    i.plug_holes        mem.o
    0x08010c84   0x00000022   Code   RO         6461    i.proceedEMCY       emcy.o
    0x08010ca6   0x00000096   Code   RO         6666    i.proceedNMTstateChange  nmtslave.o
    0x08010d3c   0x00000148   Code   RO         6530    i.proceedNODE_GUARD  lifegrd.o
    0x08010e84   0x00000228   Code   RO         6735    i.proceedPDO        pdo.o
    0x080110ac   0x0000127c   Code   RO         6832    i.proceedSDO        sdo.o
    0x08012328   0x00000028   Code   RO         7105    i.proceedSYNC       sync.o
    0x08012350   0x00000034   Code   RO         3668    i.prvAddCurrentTaskToDelayedList  tasks.o
    0x08012384   0x00000054   Code   RO         3669    i.prvCheckTasksWaitingTermination  tasks.o
    0x080123d8   0x00000026   Code   RO         3560    i.prvCopyDataFromQueue  queue.o
    0x080123fe   0x0000006e   Code   RO         3561    i.prvCopyDataToQueue  queue.o
    0x0801246c   0x0000004c   Code   RO         3888    i.prvHeapInit       heap_4.o
    0x080124b8   0x00000018   Code   RO         3670    i.prvIdleTask       tasks.o
    0x080124d0   0x0000004c   Code   RO         3889    i.prvInsertBlockIntoFreeList  heap_4.o
    0x0801251c   0x00000020   Code   RO         3671    i.prvResetNextTaskUnblockTime  tasks.o
    0x0801253c   0x00000006   Code   RO         3938    i.prvTaskExitError  port.o
    0x08012542   0x00000064   Code   RO         3562    i.prvUnlockQueue    queue.o
    0x080125a6   0x00000002   PAD
    0x080125a8   0x00000098   Code   RO         3890    i.pvPortMalloc      heap_4.o
    0x08012640   0x00000018   Code   RO         3673    i.pvTaskIncrementMutexHeldCount  tasks.o
    0x08012658   0x00000020   Code   RO         3939    i.pxPortInitialiseStack  port.o
    0x08012678   0x00000074   Code   RO         4769    i.raw_input         raw.o
    0x080126ec   0x0000000c   Code   RO         7342    i.readChar          mqttpacket.o
    0x080126f8   0x00000012   Code   RO         7343    i.readInt           mqttpacket.o
    0x0801270a   0x00000034   Code   RO         7344    i.readMQTTLenString  mqttpacket.o
    0x0801273e   0x00000018   Code   RO         6836    i.resetSDO          sdo.o
    0x08012756   0x00000032   Code   RO         6837    i.resetSDOline      sdo.o
    0x08012788   0x00000016   Code   RO         6689    i.scanIndexOD       objacces.o
    0x0801279e   0x00000002   PAD
    0x080127a0   0x0000010c   Code   RO         6736    i.sendOnePDOevent   pdo.o
    0x080128ac   0x00000028   Code   RO         6739    i.sendPdo           pdo.o
    0x080128d4   0x00000078   Code   RO         6838    i.sendSDO           sdo.o
    0x0801294c   0x00000038   Code   RO         6839    i.sendSDOabort      sdo.o
    0x08012984   0x00000014   Code   RO         7106    i.sendSYNC          sync.o
    0x08012998   0x00000022   Code   RO         7107    i.sendSYNCMessage   sync.o
    0x080129ba   0x00000002   PAD
    0x080129bc   0x00000134   Code   RO         7041    i.setNodeId         states.o
    0x08012af0   0x00000016   Code   RO         6840    i.setSDOlineRestBytes  sdo.o
    0x08012b06   0x00000002   PAD
    0x08012b08   0x000000a4   Code   RO         7042    i.setState          states.o
    0x08012bac   0x0000003c   Code   RO          113    i.setTimer          main.o
    0x08012be8   0x0000002a   Code   RO         6667    i.slaveSendBootUp   nmtslave.o
    0x08012c12   0x00000002   PAD
    0x08012c14   0x00000068   Code   RO         7108    i.startSYNC         sync.o
    0x08012c7c   0x0000002c   Code   RO         7109    i.stopSYNC          sync.o
    0x08012ca8   0x000000ea   Code   RO         7043    i.switchCommunicationState  states.o
    0x08012d92   0x00000042   Code   RO         4092    i.sys_arch_sem_wait  sys_arch.o
    0x08012dd4   0x0000003a   Code   RO         4103    i.sys_sem_new       sys_arch.o
    0x08012e0e   0x0000000c   Code   RO         4105    i.sys_sem_signal    sys_arch.o
    0x08012e1a   0x00000002   PAD
    0x08012e1c   0x0000005c   Code   RO         5200    i.sys_timeout       timers.o
    0x08012e78   0x0000008c   Code   RO         4841    i.tcp_abandon       tcp.o
    0x08012f04   0x00000006   Code   RO         4842    i.tcp_abort         tcp.o
    0x08012f0a   0x00000002   PAD
    0x08012f0c   0x000000fc   Code   RO         4845    i.tcp_alloc         tcp.o
    0x08013008   0x00000084   Code   RO         4847    i.tcp_bind          tcp.o
    0x0801308c   0x00000014   Code   RO         4848    i.tcp_close         tcp.o
    0x080130a0   0x00000128   Code   RO         4849    i.tcp_close_shutdown  tcp.o
    0x080131c8   0x000000f4   Code   RO         4850    i.tcp_connect       tcp.o
    0x080132bc   0x0000009c   Code   RO         5105    i.tcp_create_segment  tcp_out.o
    0x08013358   0x00000020   Code   RO         4852    i.tcp_eff_send_mss  tcp.o
    0x08013378   0x000000a6   Code   RO         5106    i.tcp_enqueue_flags  tcp_out.o
    0x0801341e   0x00000002   PAD
    0x08013420   0x00000060   Code   RO         4854    i.tcp_fasttmr       tcp.o
    0x08013480   0x00000314   Code   RO         5054    i.tcp_input         tcp_in.o
    0x08013794   0x0000003c   Code   RO         5107    i.tcp_keepalive     tcp_out.o
    0x080137d0   0x000000e4   Code   RO         5055    i.tcp_listen_input  tcp_in.o
    0x080138b4   0x00000006   Code   RO         4857    i.tcp_new           tcp.o
    0x080138ba   0x00000002   PAD
    0x080138bc   0x0000005c   Code   RO         4858    i.tcp_new_port      tcp.o
    0x08013918   0x00000010   Code   RO         4859    i.tcp_next_iss      tcp.o
    0x08013928   0x0000018c   Code   RO         5108    i.tcp_output        tcp_out.o
    0x08013ab4   0x0000006a   Code   RO         5109    i.tcp_output_alloc_header  tcp_out.o
    0x08013b1e   0x00000002   PAD
    0x08013b20   0x000000b0   Code   RO         5110    i.tcp_output_segment  tcp_out.o
    0x08013bd0   0x00000080   Code   RO         5056    i.tcp_parseopt      tcp_in.o
    0x08013c50   0x0000004e   Code   RO         5111    i.tcp_pbuf_prealloc  tcp_out.o
    0x08013c9e   0x0000003a   Code   RO         4860    i.tcp_pcb_purge     tcp.o
    0x08013cd8   0x00000058   Code   RO         4861    i.tcp_pcb_remove    tcp.o
    0x08013d30   0x00000334   Code   RO         5057    i.tcp_process       tcp_in.o
    0x08014064   0x00000066   Code   RO         4863    i.tcp_process_refused_data  tcp.o
    0x080140ca   0x00000002   PAD
    0x080140cc   0x00000412   Code   RO         5058    i.tcp_receive       tcp_in.o
    0x080144de   0x00000004   Code   RO         4864    i.tcp_recv          tcp.o
    0x080144e2   0x00000024   Code   RO         4865    i.tcp_recv_null     tcp.o
    0x08014506   0x00000038   Code   RO         4866    i.tcp_recved        tcp.o
    0x0801453e   0x00000052   Code   RO         5112    i.tcp_rexmit        tcp_out.o
    0x08014590   0x00000058   Code   RO         5113    i.tcp_rexmit_fast   tcp_out.o
    0x080145e8   0x0000002e   Code   RO         5114    i.tcp_rexmit_rto    tcp_out.o
    0x08014616   0x00000076   Code   RO         5115    i.tcp_rst           tcp_out.o
    0x0801468c   0x0000001c   Code   RO         4867    i.tcp_seg_free      tcp.o
    0x080146a8   0x00000012   Code   RO         4868    i.tcp_segs_free     tcp.o
    0x080146ba   0x00000048   Code   RO         5116    i.tcp_send_empty_ack  tcp_out.o
    0x08014702   0x00000044   Code   RO         5117    i.tcp_send_fin      tcp_out.o
    0x08014746   0x00000002   PAD
    0x08014748   0x0000025c   Code   RO         4872    i.tcp_slowtmr       tcp.o
    0x080149a4   0x00000034   Code   RO         5204    i.tcp_timer_needed  timers.o
    0x080149d8   0x0000006c   Code   RO         5059    i.tcp_timewait_input  tcp_in.o
    0x08014a44   0x00000020   Code   RO         4873    i.tcp_tmr           tcp.o
    0x08014a64   0x00000034   Code   RO         4874    i.tcp_update_rcv_ann_wnd  tcp.o
    0x08014a98   0x000002fc   Code   RO         5118    i.tcp_write         tcp_out.o
    0x08014d94   0x0000008a   Code   RO         5119    i.tcp_zero_window_probe  tcp_out.o
    0x08014e1e   0x00000002   PAD
    0x08014e20   0x00000038   Code   RO         5205    i.tcpip_tcp_timer   timers.o
    0x08014e58   0x00000016   Code   RO          646    i.transport_sendPacketBuffer  tcp_client.o
    0x08014e6e   0x00000002   PAD
    0x08014e70   0x00000098   Code   RO         5279    i.udp_bind          udp.o
    0x08014f08   0x0000004c   Code   RO         5280    i.udp_connect       udp.o
    0x08014f54   0x00000178   Code   RO         5283    i.udp_input         udp.o
    0x080150cc   0x0000001a   Code   RO         5284    i.udp_new           udp.o
    0x080150e6   0x00000002   PAD
    0x080150e8   0x00000030   Code   RO          647    i.udp_ntp_init      tcp_client.o
    0x08015118   0x0000002c   Code   RO          648    i.udp_ntp_recv_rb   tcp_client.o
    0x08015144   0x0000002c   Code   RO          649    i.udp_pc_init       tcp_client.o
    0x08015170   0x0000018c   Code   RO          650    i.udp_pc_recv_rb    tcp_client.o
    0x080152fc   0x00000006   Code   RO         5285    i.udp_recv          udp.o
    0x08015302   0x00000002   PAD
    0x08015304   0x0000002c   Code   RO         5286    i.udp_remove        udp.o
    0x08015330   0x00000008   Code   RO         5287    i.udp_send          udp.o
    0x08015338   0x00000038   Code   RO          651    i.udp_senddata      tcp_client.o
    0x08015370   0x00000028   Code   RO         5288    i.udp_sendto        udp.o
    0x08015398   0x000000b6   Code   RO         5289    i.udp_sendto_if     udp.o
    0x0801544e   0x00000024   Code   RO         3512    i.uxListRemove      list.o
    0x08015472   0x00000016   Code   RO         3513    i.vListInitialise   list.o
    0x08015488   0x00000006   Code   RO         3514    i.vListInitialiseItem  list.o
    0x0801548e   0x00000030   Code   RO         3515    i.vListInsert       list.o
    0x080154be   0x00000018   Code   RO         3516    i.vListInsertEnd    list.o
    0x080154d6   0x00000002   PAD
    0x080154d8   0x0000001c   Code   RO         3941    i.vPortEnterCritical  port.o
    0x080154f4   0x00000014   Code   RO         3942    i.vPortExitCritical  port.o
    0x08015508   0x00000040   Code   RO         3891    i.vPortFree         heap_4.o
    0x08015548   0x00000014   Code   RO         3943    i.vPortSetupTimerInterrupt  port.o
    0x0801555c   0x00000018   Code   RO         3944    i.vPortYield        port.o
    0x08015574   0x00000048   Code   RO         3677    i.vTaskDelay        tasks.o
    0x080155bc   0x0000000c   Code   RO         3681    i.vTaskMissedYield  tasks.o
    0x080155c8   0x00000050   Code   RO         3682    i.vTaskPlaceOnEventList  tasks.o
    0x08015618   0x00000084   Code   RO         3684    i.vTaskPriorityInherit  tasks.o
    0x0801569c   0x00000010   Code   RO         3687    i.vTaskSetTimeOutState  tasks.o
    0x080156ac   0x00000044   Code   RO         3688    i.vTaskStartScheduler  tasks.o
    0x080156f0   0x00000010   Code   RO         3690    i.vTaskSuspendAll   tasks.o
    0x08015700   0x00000044   Code   RO         3691    i.vTaskSwitchContext  tasks.o
    0x08015744   0x00000028   Code   RO         7345    i.writeCString      mqttpacket.o
    0x0801576c   0x0000000c   Code   RO         7346    i.writeChar         mqttpacket.o
    0x08015778   0x0000001e   Code   RO         7347    i.writeInt          mqttpacket.o
    0x08015796   0x00000036   Code   RO         7348    i.writeMQTTString   mqttpacket.o
    0x080157cc   0x00000020   Code   RO         6842    i.writeNetworkDictCallBack  sdo.o
    0x080157ec   0x00000030   Code   RO         3945    i.xPortStartScheduler  port.o
    0x0801581c   0x00000024   Code   RO         3946    i.xPortSysTickHandler  port.o
    0x08015840   0x00000044   Code   RO         3567    i.xQueueCreateMutex  queue.o
    0x08015884   0x00000042   Code   RO         3568    i.xQueueGenericCreate  queue.o
    0x080158c6   0x00000102   Code   RO         3569    i.xQueueGenericReceive  queue.o
    0x080159c8   0x00000060   Code   RO         3570    i.xQueueGenericReset  queue.o
    0x08015a28   0x000000da   Code   RO         3571    i.xQueueGenericSend  queue.o
    0x08015b02   0x00000068   Code   RO         3572    i.xQueueGenericSendFromISR  queue.o
    0x08015b6a   0x00000002   PAD
    0x08015b6c   0x00000048   Code   RO         3692    i.xTaskCheckForTimeOut  tasks.o
    0x08015bb4   0x00000160   Code   RO         3693    i.xTaskGenericCreate  tasks.o
    0x08015d14   0x00000018   Code   RO         3695    i.xTaskGetTickCount  tasks.o
    0x08015d2c   0x000000b4   Code   RO         3697    i.xTaskIncrementTick  tasks.o
    0x08015de0   0x00000070   Code   RO         3698    i.xTaskPriorityDisinherit  tasks.o
    0x08015e50   0x00000064   Code   RO         3699    i.xTaskRemoveFromEventList  tasks.o
    0x08015eb4   0x000000a0   Code   RO         3701    i.xTaskResumeAll    tasks.o
    0x08015f54   0x00000106   Data   RO          652    .constdata          tcp_client.o
    0x0801605a   0x00000001   Data   RO          862    .constdata          testmaster.o
    0x0801605b   0x00000001   PAD
    0x0801605c   0x00000150   Data   RO          863    .constdata          testmaster.o
    0x080161ac   0x0000000c   Data   RO          864    .constdata          testmaster.o
    0x080161b8   0x0000000c   Data   RO          865    .constdata          testmaster.o
    0x080161c4   0x00000002   Data   RO          866    .constdata          testmaster.o
    0x080161c6   0x00000030   Data   RO         4518    .constdata          memp.o
    0x080161f6   0x00000002   PAD
    0x080161f8   0x00000054   Data   RO         4875    .constdata          tcp.o
    0x0801624c   0x00000004   Data   RO         5494    .constdata          ip_addr.o
    0x08016250   0x00000004   Data   RO         5495    .constdata          ip_addr.o
    0x08016254   0x0000000c   Data   RO         6037    .constdata          etharp.o
    0x08016260   0x00000226   Data   RO         6286    .constdata          bsp_mqtt_ota.o
    0x08016486   0x00000002   PAD
    0x08016488   0x00000040   Data   RO         7044    .constdata          states.o
    0x080164c8   0x000000b4   Data   RO          653    .conststring        tcp_client.o
    0x0801657c   0x00000001   Data   RO          867    .conststring        testmaster.o
    0x0801657d   0x00000003   PAD
    0x08016580   0x00000075   Data   RO         4876    .conststring        tcp.o
    0x080165f5   0x00000003   PAD
    0x080165f8   0x00000049   Data   RO         6531    .conststring        lifegrd.o
    0x08016641   0x00000003   PAD
    0x08016644   0x0000000e   Data   RO          868    .conststrlit        testmaster.o
    0x08016652   0x00000002   PAD
    0x08016654   0x00000020   Data   RO         7884    Region$$Table       anon$$obj.o


    Execution Region RW_IRAM1 (Base: 0x20000000, Size: 0x0000cd10, Max: 0x00010000, ABSOLUTE, COMPRESSED[0x00000448])

    Base Addr    Size         Type   Attr      Idx    E Section Name        Object

    0x20000000   0x00000014   Data   RW           27    .data               system_stm32f10x.o
    0x20000014   0x00000018   Data   RW          115    .data               main.o
    0x2000002c   0x00000010   Data   RW          444    .data               netconfig.o
    0x2000003c   0x00000001   Data   RW          566    .data               stm32f10x_it.o
    0x2000003d   0x00000001   PAD
    0x2000003e   0x00000008   Data   RW          654    .data               tcp_client.o
    0x20000046   0x00000002   PAD
    0x20000048   0x00000058   Data   RW          770    .data               app_flash.o
    0x200000a0   0x0000007e   Data   RW          797    .data               app_plat.o
    0x2000011e   0x00000027   Data   RW          798    .data               app_plat.o
    0x20000145   0x00000026   Data   RW          799    .data               app_plat.o
    0x2000016b   0x00000001   PAD
    0x2000016c   0x00000004   Data   RW          869    .data               testmaster.o
    0x20000170   0x00000004   Data   RW          870    .data               testmaster.o
    0x20000174   0x00000004   Data   RW          871    .data               testmaster.o
    0x20000178   0x00000004   Data   RW          872    .data               testmaster.o
    0x2000017c   0x00000004   Data   RW          873    .data               testmaster.o
    0x20000180   0x00000004   Data   RW          874    .data               testmaster.o
    0x20000184   0x00000004   Data   RW          875    .data               testmaster.o
    0x20000188   0x00000004   Data   RW          876    .data               testmaster.o
    0x2000018c   0x00000001   Data   RW          877    .data               testmaster.o
    0x2000018d   0x00000001   PAD
    0x2000018e   0x00000010   Data   RW          878    .data               testmaster.o
    0x2000019e   0x00000002   PAD
    0x200001a0   0x00000004   Data   RW          879    .data               testmaster.o
    0x200001a4   0x0000000c   Data   RW          880    .data               testmaster.o
    0x200001b0   0x00000001   Data   RW          881    .data               testmaster.o
    0x200001b1   0x00000003   PAD
    0x200001b4   0x0000000c   Data   RW          882    .data               testmaster.o
    0x200001c0   0x00000001   Data   RW          883    .data               testmaster.o
    0x200001c1   0x00000003   PAD
    0x200001c4   0x00000004   Data   RW          884    .data               testmaster.o
    0x200001c8   0x00000004   Data   RW          887    .data               testmaster.o
    0x200001cc   0x00000028   Data   RW          888    .data               testmaster.o
    0x200001f4   0x0000000c   Data   RW          889    .data               testmaster.o
    0x20000200   0x00000004   Data   RW          890    .data               testmaster.o
    0x20000204   0x0000000c   Data   RW          891    .data               testmaster.o
    0x20000210   0x00000002   Data   RW          892    .data               testmaster.o
    0x20000212   0x00000001   Data   RW          893    .data               testmaster.o
    0x20000213   0x00000001   Data   RW          894    .data               testmaster.o
    0x20000214   0x00000004   Data   RW          895    .data               testmaster.o
    0x20000218   0x00000004   Data   RW          896    .data               testmaster.o
    0x2000021c   0x00000004   Data   RW          897    .data               testmaster.o
    0x20000220   0x00000004   Data   RW          898    .data               testmaster.o
    0x20000224   0x0000003c   Data   RW          899    .data               testmaster.o
    0x20000260   0x00000001   Data   RW          900    .data               testmaster.o
    0x20000261   0x00000003   PAD
    0x20000264   0x00000004   Data   RW          901    .data               testmaster.o
    0x20000268   0x00000004   Data   RW          902    .data               testmaster.o
    0x2000026c   0x00000004   Data   RW          903    .data               testmaster.o
    0x20000270   0x00000004   Data   RW          904    .data               testmaster.o
    0x20000274   0x0000003c   Data   RW          905    .data               testmaster.o
    0x200002b0   0x00000004   Data   RW          906    .data               testmaster.o
    0x200002b4   0x0000000c   Data   RW          907    .data               testmaster.o
    0x200002c0   0x00000001   Data   RW          908    .data               testmaster.o
    0x200002c1   0x00000003   PAD
    0x200002c4   0x00000020   Data   RW          909    .data               testmaster.o
    0x200002e4   0x0000006c   Data   RW          910    .data               testmaster.o
    0x20000350   0x00000002   Data   RW          911    .data               testmaster.o
    0x20000352   0x00000001   Data   RW          912    .data               testmaster.o
    0x20000353   0x00000001   PAD
    0x20000354   0x00000004   Data   RW          913    .data               testmaster.o
    0x20000358   0x00000004   Data   RW          914    .data               testmaster.o
    0x2000035c   0x00000004   Data   RW          915    .data               testmaster.o
    0x20000360   0x00000004   Data   RW          916    .data               testmaster.o
    0x20000364   0x0000003c   Data   RW          917    .data               testmaster.o
    0x200003a0   0x00000001   Data   RW          918    .data               testmaster.o
    0x200003a1   0x00000003   PAD
    0x200003a4   0x00000004   Data   RW          919    .data               testmaster.o
    0x200003a8   0x00000004   Data   RW          920    .data               testmaster.o
    0x200003ac   0x00000001   Data   RW          921    .data               testmaster.o
    0x200003ad   0x00000003   PAD
    0x200003b0   0x00000030   Data   RW          922    .data               testmaster.o
    0x200003e0   0x00000001   Data   RW          923    .data               testmaster.o
    0x200003e1   0x00000003   PAD
    0x200003e4   0x00000004   Data   RW          924    .data               testmaster.o
    0x200003e8   0x00000004   Data   RW          925    .data               testmaster.o
    0x200003ec   0x00000001   Data   RW          926    .data               testmaster.o
    0x200003ed   0x00000003   PAD
    0x200003f0   0x00000030   Data   RW          927    .data               testmaster.o
    0x20000420   0x00000001   Data   RW          928    .data               testmaster.o
    0x20000421   0x00000003   PAD
    0x20000424   0x00000004   Data   RW          929    .data               testmaster.o
    0x20000428   0x00000004   Data   RW          930    .data               testmaster.o
    0x2000042c   0x00000001   Data   RW          931    .data               testmaster.o
    0x2000042d   0x00000003   PAD
    0x20000430   0x00000030   Data   RW          932    .data               testmaster.o
    0x20000460   0x00000001   Data   RW          933    .data               testmaster.o
    0x20000461   0x00000003   PAD
    0x20000464   0x00000004   Data   RW          934    .data               testmaster.o
    0x20000468   0x00000004   Data   RW          935    .data               testmaster.o
    0x2000046c   0x00000001   Data   RW          936    .data               testmaster.o
    0x2000046d   0x00000003   PAD
    0x20000470   0x00000030   Data   RW          937    .data               testmaster.o
    0x200004a0   0x00000001   Data   RW          938    .data               testmaster.o
    0x200004a1   0x00000003   PAD
    0x200004a4   0x00000004   Data   RW          939    .data               testmaster.o
    0x200004a8   0x00000004   Data   RW          940    .data               testmaster.o
    0x200004ac   0x00000001   Data   RW          941    .data               testmaster.o
    0x200004ad   0x00000003   PAD
    0x200004b0   0x00000030   Data   RW          942    .data               testmaster.o
    0x200004e0   0x00000001   Data   RW          943    .data               testmaster.o
    0x200004e1   0x00000003   PAD
    0x200004e4   0x00000004   Data   RW          944    .data               testmaster.o
    0x200004e8   0x00000004   Data   RW          945    .data               testmaster.o
    0x200004ec   0x00000001   Data   RW          946    .data               testmaster.o
    0x200004ed   0x00000003   PAD
    0x200004f0   0x00000030   Data   RW          947    .data               testmaster.o
    0x20000520   0x00000001   Data   RW          948    .data               testmaster.o
    0x20000521   0x00000003   PAD
    0x20000524   0x00000004   Data   RW          949    .data               testmaster.o
    0x20000528   0x00000004   Data   RW          950    .data               testmaster.o
    0x2000052c   0x00000001   Data   RW          951    .data               testmaster.o
    0x2000052d   0x00000003   PAD
    0x20000530   0x00000030   Data   RW          952    .data               testmaster.o
    0x20000560   0x00000001   Data   RW          953    .data               testmaster.o
    0x20000561   0x00000003   PAD
    0x20000564   0x00000004   Data   RW          954    .data               testmaster.o
    0x20000568   0x00000004   Data   RW          955    .data               testmaster.o
    0x2000056c   0x00000001   Data   RW          956    .data               testmaster.o
    0x2000056d   0x00000003   PAD
    0x20000570   0x00000030   Data   RW          957    .data               testmaster.o
    0x200005a0   0x00000001   Data   RW          958    .data               testmaster.o
    0x200005a1   0x00000003   PAD
    0x200005a4   0x00000004   Data   RW          959    .data               testmaster.o
    0x200005a8   0x00000001   Data   RW          960    .data               testmaster.o
    0x200005a9   0x00000001   PAD
    0x200005aa   0x00000002   Data   RW          961    .data               testmaster.o
    0x200005ac   0x00000001   Data   RW          962    .data               testmaster.o
    0x200005ad   0x00000001   PAD
    0x200005ae   0x00000002   Data   RW          963    .data               testmaster.o
    0x200005b0   0x00000001   Data   RW          964    .data               testmaster.o
    0x200005b1   0x00000003   PAD
    0x200005b4   0x00000054   Data   RW          965    .data               testmaster.o
    0x20000608   0x00000001   Data   RW          966    .data               testmaster.o
    0x20000609   0x00000003   PAD
    0x2000060c   0x00000004   Data   RW          967    .data               testmaster.o
    0x20000610   0x00000001   Data   RW          968    .data               testmaster.o
    0x20000611   0x00000001   PAD
    0x20000612   0x00000002   Data   RW          969    .data               testmaster.o
    0x20000614   0x00000001   Data   RW          970    .data               testmaster.o
    0x20000615   0x00000001   PAD
    0x20000616   0x00000002   Data   RW          971    .data               testmaster.o
    0x20000618   0x00000001   Data   RW          972    .data               testmaster.o
    0x20000619   0x00000003   PAD
    0x2000061c   0x00000054   Data   RW          973    .data               testmaster.o
    0x20000670   0x00000001   Data   RW          974    .data               testmaster.o
    0x20000671   0x00000003   PAD
    0x20000674   0x00000004   Data   RW          975    .data               testmaster.o
    0x20000678   0x00000001   Data   RW          976    .data               testmaster.o
    0x20000679   0x00000001   PAD
    0x2000067a   0x00000002   Data   RW          977    .data               testmaster.o
    0x2000067c   0x00000001   Data   RW          978    .data               testmaster.o
    0x2000067d   0x00000001   PAD
    0x2000067e   0x00000002   Data   RW          979    .data               testmaster.o
    0x20000680   0x00000001   Data   RW          980    .data               testmaster.o
    0x20000681   0x00000003   PAD
    0x20000684   0x00000054   Data   RW          981    .data               testmaster.o
    0x200006d8   0x00000001   Data   RW          982    .data               testmaster.o
    0x200006d9   0x00000003   PAD
    0x200006dc   0x00000004   Data   RW          983    .data               testmaster.o
    0x200006e0   0x00000001   Data   RW          984    .data               testmaster.o
    0x200006e1   0x00000001   PAD
    0x200006e2   0x00000002   Data   RW          985    .data               testmaster.o
    0x200006e4   0x00000001   Data   RW          986    .data               testmaster.o
    0x200006e5   0x00000001   PAD
    0x200006e6   0x00000002   Data   RW          987    .data               testmaster.o
    0x200006e8   0x00000001   Data   RW          988    .data               testmaster.o
    0x200006e9   0x00000003   PAD
    0x200006ec   0x00000054   Data   RW          989    .data               testmaster.o
    0x20000740   0x00000001   Data   RW          990    .data               testmaster.o
    0x20000741   0x00000003   PAD
    0x20000744   0x00000004   Data   RW          991    .data               testmaster.o
    0x20000748   0x00000001   Data   RW          992    .data               testmaster.o
    0x20000749   0x00000001   PAD
    0x2000074a   0x00000002   Data   RW          993    .data               testmaster.o
    0x2000074c   0x00000001   Data   RW          994    .data               testmaster.o
    0x2000074d   0x00000001   PAD
    0x2000074e   0x00000002   Data   RW          995    .data               testmaster.o
    0x20000750   0x00000001   Data   RW          996    .data               testmaster.o
    0x20000751   0x00000003   PAD
    0x20000754   0x00000054   Data   RW          997    .data               testmaster.o
    0x200007a8   0x00000001   Data   RW          998    .data               testmaster.o
    0x200007a9   0x00000003   PAD
    0x200007ac   0x00000004   Data   RW          999    .data               testmaster.o
    0x200007b0   0x00000001   Data   RW         1000    .data               testmaster.o
    0x200007b1   0x00000001   PAD
    0x200007b2   0x00000002   Data   RW         1001    .data               testmaster.o
    0x200007b4   0x00000001   Data   RW         1002    .data               testmaster.o
    0x200007b5   0x00000001   PAD
    0x200007b6   0x00000002   Data   RW         1003    .data               testmaster.o
    0x200007b8   0x00000001   Data   RW         1004    .data               testmaster.o
    0x200007b9   0x00000003   PAD
    0x200007bc   0x00000054   Data   RW         1005    .data               testmaster.o
    0x20000810   0x00000001   Data   RW         1006    .data               testmaster.o
    0x20000811   0x00000003   PAD
    0x20000814   0x00000004   Data   RW         1007    .data               testmaster.o
    0x20000818   0x00000001   Data   RW         1008    .data               testmaster.o
    0x20000819   0x00000001   PAD
    0x2000081a   0x00000002   Data   RW         1009    .data               testmaster.o
    0x2000081c   0x00000001   Data   RW         1010    .data               testmaster.o
    0x2000081d   0x00000001   PAD
    0x2000081e   0x00000002   Data   RW         1011    .data               testmaster.o
    0x20000820   0x00000001   Data   RW         1012    .data               testmaster.o
    0x20000821   0x00000003   PAD
    0x20000824   0x00000054   Data   RW         1013    .data               testmaster.o
    0x20000878   0x00000001   Data   RW         1014    .data               testmaster.o
    0x20000879   0x00000003   PAD
    0x2000087c   0x00000004   Data   RW         1015    .data               testmaster.o
    0x20000880   0x00000001   Data   RW         1016    .data               testmaster.o
    0x20000881   0x00000001   PAD
    0x20000882   0x00000002   Data   RW         1017    .data               testmaster.o
    0x20000884   0x00000001   Data   RW         1018    .data               testmaster.o
    0x20000885   0x00000001   PAD
    0x20000886   0x00000002   Data   RW         1019    .data               testmaster.o
    0x20000888   0x00000001   Data   RW         1020    .data               testmaster.o
    0x20000889   0x00000003   PAD
    0x2000088c   0x00000054   Data   RW         1021    .data               testmaster.o
    0x200008e0   0x00000001   Data   RW         1022    .data               testmaster.o
    0x200008e1   0x00000003   PAD
    0x200008e4   0x00000004   Data   RW         1023    .data               testmaster.o
    0x200008e8   0x00000018   Data   RW         1024    .data               testmaster.o
    0x20000900   0x00000001   Data   RW         1025    .data               testmaster.o
    0x20000901   0x00000003   PAD
    0x20000904   0x00000004   Data   RW         1026    .data               testmaster.o
    0x20000908   0x00000018   Data   RW         1027    .data               testmaster.o
    0x20000920   0x00000001   Data   RW         1028    .data               testmaster.o
    0x20000921   0x00000003   PAD
    0x20000924   0x00000004   Data   RW         1029    .data               testmaster.o
    0x20000928   0x00000018   Data   RW         1030    .data               testmaster.o
    0x20000940   0x00000001   Data   RW         1031    .data               testmaster.o
    0x20000941   0x00000003   PAD
    0x20000944   0x00000004   Data   RW         1032    .data               testmaster.o
    0x20000948   0x00000018   Data   RW         1033    .data               testmaster.o
    0x20000960   0x00000001   Data   RW         1034    .data               testmaster.o
    0x20000961   0x00000003   PAD
    0x20000964   0x00000004   Data   RW         1035    .data               testmaster.o
    0x20000968   0x00000018   Data   RW         1036    .data               testmaster.o
    0x20000980   0x00000001   Data   RW         1037    .data               testmaster.o
    0x20000981   0x00000003   PAD
    0x20000984   0x00000004   Data   RW         1038    .data               testmaster.o
    0x20000988   0x00000018   Data   RW         1039    .data               testmaster.o
    0x200009a0   0x00000001   Data   RW         1040    .data               testmaster.o
    0x200009a1   0x00000003   PAD
    0x200009a4   0x00000004   Data   RW         1041    .data               testmaster.o
    0x200009a8   0x00000018   Data   RW         1042    .data               testmaster.o
    0x200009c0   0x00000001   Data   RW         1043    .data               testmaster.o
    0x200009c1   0x00000003   PAD
    0x200009c4   0x00000004   Data   RW         1044    .data               testmaster.o
    0x200009c8   0x00000018   Data   RW         1045    .data               testmaster.o
    0x200009e0   0x00000001   Data   RW         1046    .data               testmaster.o
    0x200009e1   0x00000003   PAD
    0x200009e4   0x00000008   Data   RW         1047    .data               testmaster.o
    0x200009ec   0x00000024   Data   RW         1048    .data               testmaster.o
    0x20000a10   0x0000000c   Data   RW         1049    .data               testmaster.o
    0x20000a1c   0x0000000c   Data   RW         1050    .data               testmaster.o
    0x20000a28   0x0000000c   Data   RW         1051    .data               testmaster.o
    0x20000a34   0x0000000c   Data   RW         1052    .data               testmaster.o
    0x20000a40   0x0000000c   Data   RW         1053    .data               testmaster.o
    0x20000a4c   0x0000000c   Data   RW         1054    .data               testmaster.o
    0x20000a58   0x0000000c   Data   RW         1055    .data               testmaster.o
    0x20000a64   0x0000000c   Data   RW         1056    .data               testmaster.o
    0x20000a70   0x00000012   Data   RW         1057    .data               testmaster.o
    0x20000a82   0x00000002   PAD
    0x20000a84   0x0000023c   Data   RW         1058    .data               testmaster.o
    0x20000cc0   0x00000008   Data   RW         1088    .data               app_ntp.o
    0x20000cc8   0x00000010   Data   RW         1227    .data               stm32_eth.o
    0x20000cd8   0x00000014   Data   RW         2348    .data               stm32f10x_rcc.o
    0x20000cec   0x00000038   Data   RW         3704    .data               tasks.o
    0x20000d24   0x00000018   Data   RW         3896    .data               heap_4.o
    0x20000d3c   0x00000004   Data   RW         3947    .data               port.o
    0x20000d40   0x00000006   Data   RW         4020    .data               ethernetif.o
    0x20000d46   0x00000002   PAD
    0x20000d48   0x00000004   Data   RW         4278    .data               dhcp.o
    0x20000d4c   0x00000010   Data   RW         4476    .data               mem.o
    0x20000d5c   0x0000000c   Data   RW         4575    .data               netif.o
    0x20000d68   0x00000004   Data   RW         4775    .data               raw.o
    0x20000d6c   0x00000024   Data   RW         4877    .data               tcp.o
    0x20000d90   0x0000001c   Data   RW         5061    .data               tcp_in.o
    0x20000dac   0x00000008   Data   RW         5206    .data               timers.o
    0x20000db4   0x00000008   Data   RW         5290    .data               udp.o
    0x20000dbc   0x00000014   Data   RW         5455    .data               ip.o
    0x20000dd0   0x00000001   Data   RW         6038    .data               etharp.o
    0x20000dd1   0x00000003   PAD
    0x20000dd4   0x00000010   Data   RW         6287    .data               bsp_mqtt_ota.o
    0x20000de4   0x00000004   Data   RW         6532    .data               lifegrd.o
    0x20000de8   0x00000008   Data   RW         7162    .data               timer.o
    0x20000df0   0x00000004   Data   RW         7349    .data               mqttpacket.o
    0x20000df4   0x00000004   Data   RW         7860    .data               mc_w.l(stdout.o)
    0x20000df8   0x00000048   Zero   RW          114    .bss                main.o
    0x20000e40   0x00000038   Zero   RW          443    .bss                netconfig.o
    0x20000e78   0x00000014   Zero   RW          565    .bss                stm32f10x_it.o
    0x20000e8c   0x000000ec   Zero   RW          769    .bss                app_flash.o
    0x20000f78   0x000000c8   Zero   RW         3703    .bss                tasks.o
    0x20001040   0x00005000   Zero   RW         3895    .bss                heap_4.o
    0x20006040   0x00002400   Zero   RW         4016    .bss                ethernetif.o
    0x20008440   0x00000032   Zero   RW         4277    .bss                dhcp.o
    0x20008472   0x00001414   Zero   RW         4475    .bss                mem.o
    0x20009886   0x00000002   PAD
    0x20009888   0x00002ae7   Zero   RW         4517    .bss                memp.o
    0x2000c36f   0x00000001   PAD
    0x2000c370   0x00000014   Zero   RW         5060    .bss                tcp_in.o
    0x2000c384   0x000000c8   Zero   RW         6036    .bss                etharp.o
    0x2000c44c   0x000000c0   Zero   RW         7161    .bss                timer.o
    0x2000c50c   0x00000004   PAD
    0x2000c510   0x00000800   Zero   RW           17    STACK               startup_stm32f10x_cl.o


==============================================================================

Image component sizes


      Code (inc. data)   RO Data    RW Data    ZI Data      Debug   Object Name

      1076        408          0         88        236       3437   app_flash.o
      1074        166          0          8          0       6074   app_ntp.o
      1832        542          0        203          0      10396   app_plat.o
       126         34          0          0          0       1114   bsp.o
       234          8          0          0          0       1835   bsp_can.o
       256         16          0          0          0      18484   bsp_cpu_flash.o
       134          4          0          0          0       1236   bsp_key.o
       240         16          0          0          0       2183   bsp_led.o
      1360        428        550         16          0      20520   bsp_mqtt_ota.o
       294         22          0          0          0       3562   bsp_timer.o
       234         16          0          0          0       2728   bsp_usart.o
         0          0          0          0          0       4532   core_cm3.o
        16          0          0          0          0       2592   def.o
      3286         80          0          4         50      21820   dhcp.o
       110          6          0          0          0       2968   emcy.o
      1666         68         12          1        200      14652   etharp.o
       572         52          0          6       9216      17847   ethernetif.o
       368         24          0         24      20480       4219   heap_4.o
       360         10          0          0          0       3101   icmp.o
         0          0          0          0          0       3880   inet.o
       172          0          0          0          0       2837   inet_chksum.o
         0          0          0          0          0       1396   init.o
       624         24          0         20          0       7637   ip.o
        46          0          8          0          0       7406   ip_addr.o
      1128        112         73          4          0      12216   lifegrd.o
       136          0          0          0          0       4874   list.o
      1252        298          0         24         72     107897   main.o
       648         28          0         16       5140       5361   mem.o
       144         20         48          0      10983       3546   memp.o
       120         16          0          0          0      16727   misc.o
       496         18          0          0          0       3232   mqttconnectclient.o
       142          0          0          0          0       1578   mqttdeserializepublish.o
       432         22          0          4          0       9480   mqttpacket.o
       250          0          0          0          0       4029   mqttserializepublish.o
       186          0          0          0          0       2438   mqttsubscribeclient.o
       184         26          0         16         56       9614   netconfig.o
       298         18          0         12          0       7954   netif.o
       518         26          0          0          0      37405   netinit.o
        72          0          0          0          0       1800   nmtmaster.o
       192          0          0          0          0       1478   nmtslave.o
       504         28          0          0          0       5222   objacces.o
       868          0          0          0          0       8885   pbuf.o
      1896         16          0          0          0      11882   pdo.o
       376         52          0          4          0       7533   port.o
      1058          0          0          0          0       9741   queue.o
       116         12          0          4          0       1684   raw.o
      6398         64          0          0          0      34118   sdo.o
        36          8        336          0       2048        864   startup_stm32f10x_cl.o
       856         26         64          0          0       7286   states.o
      1556        164          0         16          0      17735   stm32_eth.o
       760         10          0          0          0      13356   stm32f10x_can.o
       156         14          0          0          0       4576   stm32f10x_exti.o
       240         36          0          0          0      12557   stm32f10x_flash.o
       324         16          0          0          0      14284   stm32f10x_gpio.o
       198         40          0          1         20       5130   stm32f10x_it.o
       452         84          0         20          0      24339   stm32f10x_rcc.o
       604        106          0          0          0      27836   stm32f10x_tim.o
       338          6          0          0          0      13235   stm32f10x_usart.o
       260         10          0          0          0       5468   sync.o
       136          0          0          0          0       2751   sys_arch.o
       304         40          0         20          0     288661   system_stm32f10x.o
      1680        150          0         56        200      17943   tasks.o
      2410         96        201         36          0      28160   tcp.o
      3226        888        442          8          0      31161   tcp_client.o
      3114        126          0         28         20      16771   tcp_in.o
      2514         10          0          0          0      15863   tcp_out.o
       592         24        378       2743          0      19411   testmaster.o
       340         26          0          8        192       4114   timer.o
       200         36          0          8          0       2221   timers.o
       910         26          0          8          0      17509   udp.o

    ----------------------------------------------------------------------
     52802       4622       2160       3572      48920    1066381   Object Totals
         0          0         32          0          0          0   (incl. Generated)
       102          0         16        166          7          0   (incl. Padding)

    ----------------------------------------------------------------------

      Code (inc. data)   RO Data    RW Data    ZI Data      Debug   Library Member Name

        86          0          0          0          0          0   __dczerorl2.o
         0          0          0          0          0          0   entry.o
         0          0          0          0          0          0   entry10a.o
         0          0          0          0          0          0   entry11a.o
         8          4          0          0          0          0   entry2.o
         4          0          0          0          0          0   entry5.o
         0          0          0          0          0          0   entry7b.o
         0          0          0          0          0          0   entry8b.o
         8          4          0          0          0          0   entry9a.o
        30          0          0          0          0          0   handlers.o
        36          8          0          0          0         68   init.o
         0          0          0          0          0          0   iusefp.o
        30          0          0          0          0         68   llshl.o
        36          0          0          0          0         68   llsshr.o
        32          0          0          0          0         68   llushr.o
        26          0          0          0          0         80   memcmp.o
        36          0          0          0          0         68   memcpya.o
        36          0          0          0          0        108   memseta.o
      2374        100          0          0          0        752   printfa.o
         0          0          0          4          0          0   stdout.o
        14          0          0          0          0         68   strlen.o
        30          0          0          0          0         80   strncmp.o
        36          0          0          0          0         80   strstr.o
        44          0          0          0          0         80   uidiv.o
        98          0          0          0          0         92   uldiv.o
        48          0          0          0          0         68   cdrcmple.o
       334          0          0          0          0        148   dadd.o
       222          0          0          0          0        100   ddiv.o
       186          0          0          0          0        176   depilogue.o
        48          0          0          0          0         68   dfixul.o
       228          0          0          0          0         96   dmul.o

    ----------------------------------------------------------------------
      4034        116          0          4          0       2336   Library Totals
         4          0          0          0          0          0   (incl. Padding)

    ----------------------------------------------------------------------

      Code (inc. data)   RO Data    RW Data    ZI Data      Debug   Library Name

      2964        116          0          4          0       1680   mc_w.l
      1066          0          0          0          0        656   mf_w.l

    ----------------------------------------------------------------------
      4034        116          0          4          0       2336   Library Totals

    ----------------------------------------------------------------------

==============================================================================


      Code (inc. data)   RO Data    RW Data    ZI Data      Debug   

     56836       4738       2160       3576      48920    1042949   Grand Totals
     56836       4738       2160       1096      48920    1042949   ELF Image Totals (compressed)
     56836       4738       2160       1096          0          0   ROM Totals

==============================================================================

    Total RO  Size (Code + RO Data)                58996 (  57.61kB)
    Total RW  Size (RW Data + ZI Data)             52496 (  51.27kB)
    Total ROM Size (Code + RO Data + RW Data)      60092 (  58.68kB)

==============================================================================

