Component: ARM Compiler 5.06 update 4 (build 422) Tool: armlink [4d35d2]

==============================================================================

Section Cross References

    startup_stm32f10x_cl.o(RESET) refers to startup_stm32f10x_cl.o(STACK) for __initial_sp
    startup_stm32f10x_cl.o(RESET) refers to startup_stm32f10x_cl.o(.text) for Reset_Handler
    startup_stm32f10x_cl.o(RESET) refers to stm32f10x_it.o(i.NMI_Handler) for NMI_Handler
    startup_stm32f10x_cl.o(RESET) refers to stm32f10x_it.o(i.HardFault_Handler) for HardFault_Handler
    startup_stm32f10x_cl.o(RESET) refers to stm32f10x_it.o(i.MemManage_Handler) for MemManage_Handler
    startup_stm32f10x_cl.o(RESET) refers to stm32f10x_it.o(i.BusFault_Handler) for BusFault_Handler
    startup_stm32f10x_cl.o(RESET) refers to stm32f10x_it.o(i.UsageFault_Handler) for UsageFault_Handler
    startup_stm32f10x_cl.o(RESET) refers to port.o(.emb_text) for vPortSVCHandler
    startup_stm32f10x_cl.o(RESET) refers to stm32f10x_it.o(i.DebugMon_Handler) for DebugMon_Handler
    startup_stm32f10x_cl.o(RESET) refers to port.o(i.xPortSysTickHandler) for xPortSysTickHandler
    startup_stm32f10x_cl.o(RESET) refers to stm32f10x_it.o(i.CAN1_RX0_IRQHandler) for CAN1_RX0_IRQHandler
    startup_stm32f10x_cl.o(RESET) refers to main.o(i.EXTI9_5_IRQHandler) for EXTI9_5_IRQHandler
    startup_stm32f10x_cl.o(RESET) refers to stm32f10x_it.o(i.TIM2_IRQHandler) for TIM2_IRQHandler
    startup_stm32f10x_cl.o(RESET) refers to main.o(i.TIM3_IRQHandler) for TIM3_IRQHandler
    startup_stm32f10x_cl.o(RESET) refers to stm32f10x_it.o(i.USART1_IRQHandler) for USART1_IRQHandler
    startup_stm32f10x_cl.o(RESET) refers to stm32f10x_it.o(i.ETH_IRQHandler) for ETH_IRQHandler
    startup_stm32f10x_cl.o(.text) refers to system_stm32f10x.o(i.SystemInit) for SystemInit
    startup_stm32f10x_cl.o(.text) refers to entry.o(.ARM.Collect$$$$00000000) for __main
    system_stm32f10x.o(i.SystemCoreClockUpdate) refers to system_stm32f10x.o(.data) for .data
    system_stm32f10x.o(i.SystemInit) refers to system_stm32f10x.o(i.SetSysClockTo72) for SetSysClockTo72
    main.o(i.AppObjCreate) refers to queue.o(i.xQueueGenericCreate) for xQueueGenericCreate
    main.o(i.AppObjCreate) refers to queue.o(i.xQueueCreateMutex) for xQueueCreateMutex
    main.o(i.AppObjCreate) refers to printfa.o(i.__0printf) for __2printf
    main.o(i.AppObjCreate) refers to main.o(.data) for .data
    main.o(i.AppTaskCreate) refers to tasks.o(i.xTaskGenericCreate) for xTaskGenericCreate
    main.o(i.AppTaskCreate) refers to main.o(i.CANSend_Task) for CANSend_Task
    main.o(i.AppTaskCreate) refers to main.o(i.CANRcv_Task) for CANRcv_Task
    main.o(i.AppTaskCreate) refers to main.o(i.CANOpen_App_Task) for CANOpen_App_Task
    main.o(i.AppTaskCreate) refers to netconfig.o(i.Eth_Task) for Eth_Task
    main.o(i.AppTaskCreate) refers to tcp_client.o(i.Task_TCP_Client) for Task_TCP_Client
    main.o(i.App_Printf) refers to printfa.o(i.__0vsnprintf) for vsnprintf
    main.o(i.App_Printf) refers to queue.o(i.xQueueGenericReceive) for xQueueGenericReceive
    main.o(i.App_Printf) refers to printfa.o(i.__0printf) for __2printf
    main.o(i.App_Printf) refers to queue.o(i.xQueueGenericSend) for xQueueGenericSend
    main.o(i.App_Printf) refers to main.o(.data) for .data
    main.o(i.CANOpen_App_Task) refers to states.o(i.setNodeId) for setNodeId
    main.o(i.CANOpen_App_Task) refers to states.o(i.setState) for setState
    main.o(i.CANOpen_App_Task) refers to tasks.o(i.vTaskDelay) for vTaskDelay
    main.o(i.CANOpen_App_Task) refers to testmaster.o(.data) for TestMaster_Data
    main.o(i.CANRcv_DateFromISR) refers to queue.o(i.xQueueGenericSendFromISR) for xQueueGenericSendFromISR
    main.o(i.CANRcv_DateFromISR) refers to main.o(.data) for .data
    main.o(i.CANRcv_Task) refers to queue.o(i.xQueueGenericReceive) for xQueueGenericReceive
    main.o(i.CANRcv_Task) refers to stm32f10x_tim.o(i.TIM_ITConfig) for TIM_ITConfig
    main.o(i.CANRcv_Task) refers to states.o(i.canDispatch) for canDispatch
    main.o(i.CANRcv_Task) refers to main.o(.data) for .data
    main.o(i.CANRcv_Task) refers to main.o(.bss) for .bss
    main.o(i.CANRcv_Task) refers to testmaster.o(.data) for TestMaster_Data
    main.o(i.CANSend_Task) refers to queue.o(i.xQueueGenericReceive) for xQueueGenericReceive
    main.o(i.CANSend_Task) refers to stm32f10x_can.o(i.CAN_Transmit) for CAN_Transmit
    main.o(i.CANSend_Task) refers to tasks.o(i.vTaskDelay) for vTaskDelay
    main.o(i.CANSend_Task) refers to main.o(.data) for .data
    main.o(i.CANSend_Task) refers to main.o(.bss) for .bss
    main.o(i.EXTI9_5_IRQHandler) refers to stm32f10x_exti.o(i.EXTI_GetITStatus) for EXTI_GetITStatus
    main.o(i.EXTI9_5_IRQHandler) refers to stm32f10x_exti.o(i.EXTI_ClearITPendingBit) for EXTI_ClearITPendingBit
    main.o(i.EXTI9_5_IRQHandler) refers to bsp.o(i.delay_ms) for delay_ms
[...]
    TestMaster_obj1403_Transmission_Type     0x200006dc   Data           1  testmaster.o(.data)
    TestMaster_obj1403_Inhibit_Time          0x200006de   Data           2  testmaster.o(.data)
    TestMaster_obj1403_Compatibility_Entry   0x200006e0   Data           1  testmaster.o(.data)
    TestMaster_obj1403_Event_Timer           0x200006e2   Data           2  testmaster.o(.data)
    TestMaster_obj1403_SYNC_start_value      0x200006e4   Data           1  testmaster.o(.data)
    TestMaster_Index1403                     0x200006e8   Data          84  testmaster.o(.data)
    TestMaster_highestSubIndex_obj1404       0x2000073c   Data           1  testmaster.o(.data)
    TestMaster_obj1404_COB_ID_used_by_PDO    0x20000740   Data           4  testmaster.o(.data)
    TestMaster_obj1404_Transmission_Type     0x20000744   Data           1  testmaster.o(.data)
    TestMaster_obj1404_Inhibit_Time          0x20000746   Data           2  testmaster.o(.data)
    TestMaster_obj1404_Compatibility_Entry   0x20000748   Data           1  testmaster.o(.data)
    TestMaster_obj1404_Event_Timer           0x2000074a   Data           2  testmaster.o(.data)
    TestMaster_obj1404_SYNC_start_value      0x2000074c   Data           1  testmaster.o(.data)
    TestMaster_Index1404                     0x20000750   Data          84  testmaster.o(.data)
    TestMaster_highestSubIndex_obj1405       0x200007a4   Data           1  testmaster.o(.data)
    TestMaster_obj1405_COB_ID_used_by_PDO    0x200007a8   Data           4  testmaster.o(.data)
    TestMaster_obj1405_Transmission_Type     0x200007ac   Data           1  testmaster.o(.data)
    TestMaster_obj1405_Inhibit_Time          0x200007ae   Data           2  testmaster.o(.data)
    TestMaster_obj1405_Compatibility_Entry   0x200007b0   Data           1  testmaster.o(.data)
    TestMaster_obj1405_Event_Timer           0x200007b2   Data           2  testmaster.o(.data)
    TestMaster_obj1405_SYNC_start_value      0x200007b4   Data           1  testmaster.o(.data)
    TestMaster_Index1405                     0x200007b8   Data          84  testmaster.o(.data)
    TestMaster_highestSubIndex_obj1406       0x2000080c   Data           1  testmaster.o(.data)
    TestMaster_obj1406_COB_ID_used_by_PDO    0x20000810   Data           4  testmaster.o(.data)
    TestMaster_obj1406_Transmission_Type     0x20000814   Data           1  testmaster.o(.data)
    TestMaster_obj1406_Inhibit_Time          0x20000816   Data           2  testmaster.o(.data)
    TestMaster_obj1406_Compatibility_Entry   0x20000818   Data           1  testmaster.o(.data)
    TestMaster_obj1406_Event_Timer           0x2000081a   Data           2  testmaster.o(.data)
    TestMaster_obj1406_SYNC_start_value      0x2000081c   Data           1  testmaster.o(.data)
    TestMaster_Index1406                     0x20000820   Data          84  testmaster.o(.data)
    TestMaster_highestSubIndex_obj1407       0x20000874   Data           1  testmaster.o(.data)
    TestMaster_obj1407_COB_ID_used_by_PDO    0x20000878   Data           4  testmaster.o(.data)
    TestMaster_obj1407_Transmission_Type     0x2000087c   Data           1  testmaster.o(.data)
    TestMaster_obj1407_Inhibit_Time          0x2000087e   Data           2  testmaster.o(.data)
    TestMaster_obj1407_Compatibility_Entry   0x20000880   Data           1  testmaster.o(.data)
    TestMaster_obj1407_Event_Timer           0x20000882   Data           2  testmaster.o(.data)
    TestMaster_obj1407_SYNC_start_value      0x20000884   Data           1  testmaster.o(.data)
    TestMaster_Index1407                     0x20000888   Data          84  testmaster.o(.data)
    TestMaster_highestSubIndex_obj1600       0x200008dc   Data           1  testmaster.o(.data)
    TestMaster_obj1600                       0x200008e0   Data           4  testmaster.o(.data)
    TestMaster_Index1600                     0x200008e4   Data          24  testmaster.o(.data)
    TestMaster_highestSubIndex_obj1601       0x200008fc   Data           1  testmaster.o(.data)
    TestMaster_obj1601                       0x20000900   Data           4  testmaster.o(.data)
    TestMaster_Index1601                     0x20000904   Data          24  testmaster.o(.data)
    TestMaster_highestSubIndex_obj1602       0x2000091c   Data           1  testmaster.o(.data)
    TestMaster_obj1602                       0x20000920   Data           4  testmaster.o(.data)
    TestMaster_Index1602                     0x20000924   Data          24  testmaster.o(.data)
    TestMaster_highestSubIndex_obj1603       0x2000093c   Data           1  testmaster.o(.data)
    TestMaster_obj1603                       0x20000940   Data           4  testmaster.o(.data)
    TestMaster_Index1603                     0x20000944   Data          24  testmaster.o(.data)
    TestMaster_highestSubIndex_obj1604       0x2000095c   Data           1  testmaster.o(.data)
    TestMaster_obj1604                       0x20000960   Data           4  testmaster.o(.data)
    TestMaster_Index1604                     0x20000964   Data          24  testmaster.o(.data)
    TestMaster_highestSubIndex_obj1605       0x2000097c   Data           1  testmaster.o(.data)
    TestMaster_obj1605                       0x20000980   Data           4  testmaster.o(.data)
    TestMaster_Index1605                     0x20000984   Data          24  testmaster.o(.data)
    TestMaster_highestSubIndex_obj1606       0x2000099c   Data           1  testmaster.o(.data)
    TestMaster_obj1606                       0x200009a0   Data           4  testmaster.o(.data)
    TestMaster_Index1606                     0x200009a4   Data          24  testmaster.o(.data)
    TestMaster_highestSubIndex_obj1607       0x200009bc   Data           1  testmaster.o(.data)
    TestMaster_obj1607                       0x200009c0   Data           4  testmaster.o(.data)
    TestMaster_Index1607                     0x200009c4   Data          24  testmaster.o(.data)
    TestMaster_highestSubIndex_obj1F22       0x200009dc   Data           1  testmaster.o(.data)
    TestMaster_obj1F22                       0x200009e0   Data           8  testmaster.o(.data)
    TestMaster_Index1F22                     0x200009e8   Data          36  testmaster.o(.data)
    TestMaster_Index2000                     0x20000a0c   Data          12  testmaster.o(.data)
    TestMaster_Index2001                     0x20000a18   Data          12  testmaster.o(.data)
    TestMaster_Index2002                     0x20000a24   Data          12  testmaster.o(.data)
    TestMaster_Index2003                     0x20000a30   Data          12  testmaster.o(.data)
    TestMaster_Index2004                     0x20000a3c   Data          12  testmaster.o(.data)
    TestMaster_Index2005                     0x20000a48   Data          12  testmaster.o(.data)
    TestMaster_Index2006                     0x20000a54   Data          12  testmaster.o(.data)
    TestMaster_Index2007                     0x20000a60   Data          12  testmaster.o(.data)
    TestMaster_PDO_status                    0x20000a6c   Data          18  testmaster.o(.data)
    TestMaster_Data                          0x20000a80   Data         572  testmaster.o(.data)
    DMATxDescToSet                           0x20000cc4   Data           4  stm32_eth.o(.data)
    DMARxDescToGet                           0x20000cc8   Data           4  stm32_eth.o(.data)
    DMAPTPTxDescToSet                        0x20000ccc   Data           4  stm32_eth.o(.data)
    DMAPTPRxDescToGet                        0x20000cd0   Data           4  stm32_eth.o(.data)
    pxCurrentTCB                             0x20000ce8   Data           4  tasks.o(.data)
    MACaddr                                  0x20000d3c   Data           6  ethernetif.o(.data)
    netif_list                               0x20000d5c   Data           4  netif.o(.data)
    netif_default                            0x20000d60   Data           4  netif.o(.data)
    tcp_active_pcbs_changed                  0x20000d68   Data           1  tcp.o(.data)
    tcp_ticks                                0x20000d74   Data           4  tcp.o(.data)
    tcp_bound_pcbs                           0x20000d78   Data           4  tcp.o(.data)
    tcp_listen_pcbs                          0x20000d7c   Data           4  tcp.o(.data)
    tcp_active_pcbs                          0x20000d80   Data           4  tcp.o(.data)
    tcp_tw_pcbs                              0x20000d84   Data           4  tcp.o(.data)
    tcp_tmp_pcb                              0x20000d88   Data           4  tcp.o(.data)
    tcp_input_pcb                            0x20000da4   Data           4  tcp_in.o(.data)
    udp_pcbs                                 0x20000db4   Data           4  udp.o(.data)
    current_netif                            0x20000dbc   Data           4  ip.o(.data)
    current_header                           0x20000dc0   Data           4  ip.o(.data)
    current_iphdr_src                        0x20000dc4   Data           4  ip.o(.data)
    current_iphdr_dest                       0x20000dc8   Data           4  ip.o(.data)
    last_timer_raw                           0x20000de4   Data           2  timer.o(.data)
    total_sleep_time                         0x20000de8   Data           4  timer.o(.data)
    __stdout                                 0x20000df0   Data           4  stdout.o(.data)
    netif                                    0x20000e3c   Data          56  netconfig.o(.bss)
    sysCfg                                   0x20000e88   Data         236  app_flash.o(.bss)
    DMARxDscrTab                             0x2000603c   Data          64  ethernetif.o(.bss)
    DMATxDscrTab                             0x2000607c   Data          32  ethernetif.o(.bss)
    Rx_Buff                                  0x2000609c   Data        6080  ethernetif.o(.bss)
    Tx_Buff                                  0x2000785c   Data        3040  ethernetif.o(.bss)
    dhcp_rx_options_val                      0x2000843c   Data          40  dhcp.o(.bss)
    dhcp_rx_options_given                    0x20008464   Data          10  dhcp.o(.bss)
    ram_heap                                 0x2000846e   Data        5140  mem.o(.bss)
    timers                                   0x2000c448   Data         192  timer.o(.bss)
    __initial_sp                             0x2000cd08   Data           0  startup_stm32f10x_cl.o(STACK)



==============================================================================

Memory Map of the image

  Image Entry point : 0x08008151

  Load Region LR_IROM1 (Base: 0x08008000, Size: 0x0000fa90, Max: 0x00040000, ABSOLUTE, COMPRESSED[0x0000f0e8])

    Execution Region ER_IROM1 (Base: 0x08008000, Size: 0x0000ec9c, Max: 0x00040000, ABSOLUTE)

    Base Addr    Size         Type   Attr      Idx    E Section Name        Object

    0x08008000   0x00000150   Data   RO           19    RESET               startup_stm32f10x_cl.o
    0x08008150   0x00000000   Code   RO         7571  * .ARM.Collect$$$$00000000  mc_w.l(entry.o)
    0x08008150   0x00000004   Code   RO         7855    .ARM.Collect$$$$00000001  mc_w.l(entry2.o)
    0x08008154   0x00000004   Code   RO         7858    .ARM.Collect$$$$00000004  mc_w.l(entry5.o)
    0x08008158   0x00000000   Code   RO         7860    .ARM.Collect$$$$00000008  mc_w.l(entry7b.o)
    0x08008158   0x00000000   Code   RO         7862    .ARM.Collect$$$$0000000A  mc_w.l(entry8b.o)
    0x08008158   0x00000008   Code   RO         7863    .ARM.Collect$$$$0000000B  mc_w.l(entry9a.o)
    0x08008160   0x00000000   Code   RO         7865    .ARM.Collect$$$$0000000D  mc_w.l(entry10a.o)
    0x08008160   0x00000000   Code   RO         7867    .ARM.Collect$$$$0000000F  mc_w.l(entry11a.o)
    0x08008160   0x00000004   Code   RO         7856    .ARM.Collect$$$$00002712  mc_w.l(entry2.o)
    0x08008164   0x000000a2   Code   RO         3945    .emb_text           port.o
    0x08008206   0x00000002   PAD
    0x08008208   0x00000024   Code   RO           20    .text               startup_stm32f10x_cl.o
    0x0800822c   0x00000062   Code   RO         7574    .text               mc_w.l(uldiv.o)
    0x0800828e   0x00000024   Code   RO         7576    .text               mc_w.l(memcpya.o)
    0x080082b2   0x00000024   Code   RO         7578    .text               mc_w.l(memseta.o)
    0x080082d6   0x00000024   Code   RO         7580    .text               mc_w.l(strstr.o)
    0x080082fa   0x00000018   Code   RO         7582    .text               mc_w.l(strncpy.o)
    0x08008312   0x0000000e   Code   RO         7584    .text               mc_w.l(strlen.o)
    0x08008320   0x0000001a   Code   RO         7586    .text               mc_w.l(memcmp.o)
    0x0800833a   0x00000012   Code   RO         7588    .text               mc_w.l(strcpy.o)
    0x0800834c   0x0000001e   Code   RO         7590    .text               mc_w.l(strncmp.o)
    0x0800836a   0x0000002c   Code   RO         7870    .text               mc_w.l(uidiv.o)
    0x08008396   0x0000001e   Code   RO         7872    .text               mc_w.l(llshl.o)
    0x080083b4   0x00000020   Code   RO         7874    .text               mc_w.l(llushr.o)
    0x080083d4   0x00000000   Code   RO         7876    .text               mc_w.l(iusefp.o)
    0x080083d4   0x0000014e   Code   RO         7877    .text               mf_w.l(dadd.o)
    0x08008522   0x000000e4   Code   RO         7879    .text               mf_w.l(dmul.o)
    0x08008606   0x000000de   Code   RO         7881    .text               mf_w.l(ddiv.o)
    0x080086e4   0x00000030   Code   RO         7883    .text               mf_w.l(dfixul.o)
    0x08008714   0x00000030   Code   RO         7885    .text               mf_w.l(cdrcmple.o)
    0x08008744   0x00000024   Code   RO         7887    .text               mc_w.l(init.o)
    0x08008768   0x00000024   Code   RO         7889    .text               mc_w.l(llsshr.o)
    0x0800878c   0x000000ba   Code   RO         7891    .text               mf_w.l(depilogue.o)
    0x08008846   0x00000056   Code   RO         7901    .text               mc_w.l(__dczerorl2.o)
    0x0800889c   0x000000a8   Code   RO           99    i.AppObjCreate      main.o
    0x08008944   0x000000d4   Code   RO          100    i.AppTaskCreate     main.o
    0x08008a18   0x00000044   Code   RO          101    i.App_Printf        main.o
    0x08008a5c   0x00000068   Code   RO         6118    i.BSP_Init          bsp.o
    0x08008ac4   0x00000002   Code   RO          554    i.BusFault_Handler  stm32f10x_it.o
    0x08008ac6   0x00000002   PAD
    0x08008ac8   0x00000020   Code   RO          555    i.CAN1_RX0_IRQHandler  stm32f10x_it.o
    0x08008ae8   0x00000028   Code   RO          102    i.CANOpen_App_Task  main.o
    0x08008b10   0x00000080   Code   RO         6203    i.CANOpen_TIM_Configuration  bsp_timer.o
    0x08008b90   0x00000030   Code   RO          103    i.CANRcv_DateFromISR  main.o
    0x08008bc0   0x00000070   Code   RO          104    i.CANRcv_Task       main.o
    0x08008c30   0x0000003c   Code   RO          105    i.CANSend_Task      main.o
    0x08008c6c   0x00000090   Code   RO         6145    i.CAN_Configuration  bsp_can.o
    0x08008cfc   0x000000cc   Code   RO         1827    i.CAN_FilterInit    stm32f10x_can.o
    0x08008dc8   0x0000004c   Code   RO         6146    i.CAN_GPIO_Configuration  bsp_can.o
    0x08008e14   0x00000010   Code   RO         1833    i.CAN_ITConfig      stm32f10x_can.o
    0x08008e24   0x000000e8   Code   RO         1834    i.CAN_Init          stm32f10x_can.o
    0x08008f0c   0x0000000e   Code   RO         6147    i.CAN_Initializes   bsp_can.o
    0x08008f1a   0x00000002   PAD
    0x08008f1c   0x00000090   Code   RO         1837    i.CAN_Receive       stm32f10x_can.o
    0x08008fac   0x000000a4   Code   RO         1842    i.CAN_Transmit      stm32f10x_can.o
    0x08009050   0x0000003c   Code   RO         6517    i.CheckSDOAndContinue  lifegrd.o
    0x0800908c   0x00000058   Code   RO          631    i.Check_TCP_Bus_Connect  tcp_client.o
    0x080090e4   0x00000058   Code   RO          632    i.Check_TCP_Main_Connect  tcp_client.o
    0x0800913c   0x00000084   Code   RO         6518    i.ConfigureSlaveNode  lifegrd.o
    0x080091c0   0x0000002c   Code   RO         6519    i.ConsumerHeartbeatAlarm  lifegrd.o
    0x080091ec   0x000000a0   Code   RO         6731    i.CopyBits          pdo.o
    0x0800928c   0x00000024   Code   RO         6245    i.DEBUG_SendByte    bsp_usart.o
    0x080092b0   0x0000011c   Code   RO          633    i.DHCP_run          tcp_client.o
    0x080093cc   0x0000000a   Code   RO          507    i.Ddelay            netinit.o
    0x080093d6   0x00000016   Code   RO          508    i.Ddelay_ms         netinit.o
    0x080093ec   0x00000002   Code   RO          556    i.DebugMon_Handler  stm32f10x_it.o
    0x080093ee   0x00000002   PAD
    0x080093f0   0x0000002c   Code   RO         7163    i.DelAlarm          timer.o
    0x0800941c   0x0000000c   Code   RO         1135    i.ETH_DMAClearITPendingBit  stm32_eth.o
    0x08009428   0x00000018   Code   RO         1136    i.ETH_DMAITConfig   stm32_eth.o
    0x08009440   0x0000001c   Code   RO         1139    i.ETH_DMAReceptionCmd  stm32_eth.o
    0x0800945c   0x0000004c   Code   RO         1140    i.ETH_DMARxDescChainInit  stm32_eth.o
    0x080094a8   0x00000012   Code   RO         1142    i.ETH_DMARxDescReceiveITConfig  stm32_eth.o
    0x080094ba   0x00000002   PAD
    0x080094bc   0x0000001c   Code   RO         1145    i.ETH_DMATransmissionCmd  stm32_eth.o
    0x080094d8   0x00000048   Code   RO         1148    i.ETH_DMATxDescChainInit  stm32_eth.o
    0x08009520   0x00000008   Code   RO         1149    i.ETH_DMATxDescChecksumInsertionConfig  stm32_eth.o
    0x08009528   0x00000018   Code   RO         1157    i.ETH_DeInit        stm32_eth.o
    0x08009540   0x00000012   Code   RO         1158    i.ETH_Delay         stm32_eth.o
    0x08009552   0x00000002   PAD
    0x08009554   0x00000010   Code   RO         1163    i.ETH_FlushTransmitFIFO  stm32_eth.o
    0x08009564   0x000000d8   Code   RO          510    i.ETH_GPIO_Config   netinit.o
    0x0800963c   0x0000000c   Code   RO         4016    i.ETH_GetCurrentTxBuffer  ethernetif.o
    0x08009648   0x00000020   Code   RO         1189    i.ETH_GetRxPktSize  stm32_eth.o
    0x08009668   0x00000014   Code   RO         1190    i.ETH_GetSoftwareResetStatus  stm32_eth.o
    0x0800967c   0x0000002a   Code   RO          557    i.ETH_IRQHandler    stm32f10x_it.o
    0x080096a6   0x00000002   PAD
    0x080096a8   0x00000250   Code   RO         1197    i.ETH_Init          stm32_eth.o
    0x080098f8   0x0000001c   Code   RO         1200    i.ETH_MACAddressConfig  stm32_eth.o
    0x08009914   0x0000001c   Code   RO         1205    i.ETH_MACReceptionCmd  stm32_eth.o
    0x08009930   0x0000001c   Code   RO         1206    i.ETH_MACTransmissionCmd  stm32_eth.o
    0x0800994c   0x00000058   Code   RO         1217    i.ETH_ReadPHYRegister  stm32_eth.o
    0x080099a4   0x00000050   Code   RO         4017    i.ETH_RxPkt_ChainMode  ethernetif.o
    0x080099f4   0x00000010   Code   RO         1228    i.ETH_SoftwareReset  stm32_eth.o
    0x08009a04   0x00000022   Code   RO         1229    i.ETH_Start         stm32_eth.o
    0x08009a26   0x0000007c   Code   RO         1230    i.ETH_StructInit    stm32_eth.o
    0x08009aa2   0x00000002   PAD
    0x08009aa4   0x0000003c   Code   RO         4018    i.ETH_TxPkt_ChainMode  ethernetif.o
    0x08009ae0   0x00000054   Code   RO         1232    i.ETH_WritePHYRegister  stm32_eth.o
    0x08009b34   0x00000098   Code   RO          106    i.EXTI9_5_IRQHandler  main.o
    0x08009bcc   0x0000000c   Code   RO         2100    i.EXTI_ClearITPendingBit  stm32f10x_exti.o
    0x08009bd8   0x00000020   Code   RO         2104    i.EXTI_GetITStatus  stm32f10x_exti.o
    0x08009bf8   0x00000070   Code   RO         2105    i.EXTI_Init         stm32f10x_exti.o
    0x08009c68   0x00000068   Code   RO         1233    i.Eth_Link_EXTIConfig  stm32_eth.o
    0x08009cd0   0x00000036   Code   RO         1234    i.Eth_Link_PHYITConfig  stm32_eth.o
    0x08009d06   0x00000002   PAD
    0x08009d08   0x0000005c   Code   RO          440    i.Eth_Task          netconfig.o
    0x08009d64   0x000000ec   Code   RO          511    i.Eth_config        netinit.o
    0x08009e50   0x0000000c   Code   RO         3345    i.FLASH_ClearFlag   stm32f10x_flash.o
    0x08009e5c   0x0000003c   Code   RO         3350    i.FLASH_ErasePage   stm32f10x_flash.o
    0x08009e98   0x00000028   Code   RO         3351    i.FLASH_GetBank1Status  stm32f10x_flash.o
    0x08009ec0   0x00000010   Code   RO         3360    i.FLASH_Lock        stm32f10x_flash.o
    0x08009ed0   0x00000034   Code   RO         3363    i.FLASH_ProgramHalfWord  stm32f10x_flash.o
    0x08009f04   0x00000018   Code   RO         3368    i.FLASH_Unlock      stm32f10x_flash.o
    0x08009f1c   0x00000024   Code   RO         3372    i.FLASH_WaitForLastOperation  stm32f10x_flash.o
    0x08009f40   0x0000000c   Code   RO         2158    i.GPIO_ETH_MediaInterfaceConfig  stm32f10x_gpio.o
    0x08009f4c   0x00000028   Code   RO         2159    i.GPIO_EXTILineConfig  stm32f10x_gpio.o
    0x08009f74   0x000000a2   Code   RO         2162    i.GPIO_Init         stm32f10x_gpio.o
    0x0800a016   0x00000002   PAD
    0x0800a018   0x00000058   Code   RO         2164    i.GPIO_PinRemapConfig  stm32f10x_gpio.o
    0x0800a070   0x0000000e   Code   RO         2166    i.GPIO_ReadInputDataBit  stm32f10x_gpio.o
    0x0800a07e   0x00000004   Code   RO         2169    i.GPIO_ResetBits    stm32f10x_gpio.o
    0x0800a082   0x00000004   Code   RO         2170    i.GPIO_SetBits      stm32f10x_gpio.o
    0x0800a086   0x00000040   Code   RO         6820    i.GetSDOClientFromNodeId  sdo.o
    0x0800a0c6   0x00000062   Code   RO         6520    i.GuardTimeAlarm    lifegrd.o
    0x0800a128   0x0000001c   Code   RO          558    i.HardFault_Handler  stm32f10x_it.o
    0x0800a144   0x00000060   Code   RO         6204    i.Key_Timer_Config  bsp_timer.o
    0x0800a1a4   0x00000050   Code   RO          441    i.LwIP_Init         netconfig.o
    0x0800a1f4   0x0000000c   Code   RO          442    i.LwIP_Pkt_Handle   netconfig.o
    0x0800a200   0x00000062   Code   RO         7195    i.MQTTDeserialize_connack  mqttconnectclient.o
    0x0800a262   0x0000008e   Code   RO         7262    i.MQTTDeserialize_publish  mqttdeserializepublish.o
    0x0800a2f0   0x0000003e   Code   RO         7337    i.MQTTPacket_decode  mqttpacket.o
    0x0800a32e   0x00000002   PAD
    0x0800a330   0x00000014   Code   RO         7338    i.MQTTPacket_decodeBuf  mqttpacket.o
    0x0800a344   0x0000002a   Code   RO         7339    i.MQTTPacket_encode  mqttpacket.o
    0x0800a36e   0x00000002   PAD
    0x0800a370   0x00000028   Code   RO         7341    i.MQTTPacket_len    mqttpacket.o
    0x0800a398   0x00000048   Code   RO         7445    i.MQTTSerialize_ack  mqttserializepublish.o
    0x0800a3e0   0x00000118   Code   RO         7196    i.MQTTSerialize_connect  mqttconnectclient.o
    0x0800a4f8   0x00000076   Code   RO         7197    i.MQTTSerialize_connectLength  mqttconnectclient.o
    0x0800a56e   0x0000000e   Code   RO         7446    i.MQTTSerialize_puback  mqttserializepublish.o
    0x0800a57c   0x00000086   Code   RO         7448    i.MQTTSerialize_publish  mqttserializepublish.o
    0x0800a602   0x0000001e   Code   RO         7449    i.MQTTSerialize_publishLength  mqttserializepublish.o
    0x0800a620   0x0000008c   Code   RO         7488    i.MQTTSerialize_subscribe  mqttsubscribeclient.o
    0x0800a6ac   0x0000002e   Code   RO         7489    i.MQTTSerialize_subscribeLength  mqttsubscribeclient.o
    0x0800a6da   0x0000000e   Code   RO         7344    i.MQTTstrlen        mqttpacket.o
    0x0800a6e8   0x00000002   Code   RO          559    i.MemManage_Handler  stm32f10x_it.o
    0x0800a6ea   0x00000002   Code   RO          560    i.NMI_Handler       stm32f10x_it.o
    0x0800a6ec   0x00000022   Code   RO          512    i.NVIC_Configuration  netinit.o
    0x0800a70e   0x00000002   PAD
    0x0800a710   0x00000064   Code   RO         1749    i.NVIC_Init         misc.o
    0x0800a774   0x00000014   Code   RO         1750    i.NVIC_PriorityGroupConfig  misc.o
    0x0800a788   0x0000001c   Code   RO          107    i.NVIC_SystemReset  main.o
    0x0800a7a4   0x0000001c   Code   RO          635    i.NVIC_SystemReset  tcp_client.o
    0x0800a7c0   0x0000000a   Code   RO         7106    i.OnCOB_ID_SyncUpdate  sync.o
    0x0800a7ca   0x00000012   Code   RO         6521    i.OnHeartbeatProducerUpdate  lifegrd.o
    0x0800a7dc   0x00000012   Code   RO         6522    i.OnNodeGuardUpdate  lifegrd.o
    0x0800a7ee   0x00000002   PAD
    0x0800a7f0   0x00000028   Code   RO         6462    i.OnNumberOfErrorsUpdate  emcy.o
    0x0800a818   0x00000028   Code   RO         6732    i.PDOEventTimerAlarm  pdo.o
    0x0800a840   0x0000002a   Code   RO         6733    i.PDOInhibitTimerAlarm  pdo.o
    0x0800a86a   0x00000002   PAD
    0x0800a86c   0x00000058   Code   RO         6734    i.PDOInit           pdo.o
    0x0800a8c4   0x00000068   Code   RO         6735    i.PDOStop           pdo.o
    0x0800a92c   0x00000044   Code   RO         6523    i.ProducerHeartbeatAlarm  lifegrd.o
    0x0800a970   0x00000018   Code   RO         2316    i.RCC_AHBPeriphClockCmd  stm32f10x_rcc.o
    0x0800a988   0x00000018   Code   RO         2317    i.RCC_AHBPeriphResetCmd  stm32f10x_rcc.o
    0x0800a9a0   0x00000018   Code   RO         2318    i.RCC_APB1PeriphClockCmd  stm32f10x_rcc.o
    0x0800a9b8   0x00000018   Code   RO         2319    i.RCC_APB1PeriphResetCmd  stm32f10x_rcc.o
    0x0800a9d0   0x00000018   Code   RO         2320    i.RCC_APB2PeriphClockCmd  stm32f10x_rcc.o
    0x0800a9e8   0x00000018   Code   RO         2321    i.RCC_APB2PeriphResetCmd  stm32f10x_rcc.o
    0x0800aa00   0x00000010   Code   RO         2324    i.RCC_ClearFlag     stm32f10x_rcc.o
    0x0800aa10   0x000000c8   Code   RO         2328    i.RCC_GetClocksFreq  stm32f10x_rcc.o
    0x0800aad8   0x00000030   Code   RO         2329    i.RCC_GetFlagStatus  stm32f10x_rcc.o
    0x0800ab08   0x0000000c   Code   RO         2340    i.RCC_MCOConfig     stm32f10x_rcc.o
    0x0800ab14   0x0000000c   Code   RO         2346    i.RCC_PLL3Cmd       stm32f10x_rcc.o
    0x0800ab20   0x00000014   Code   RO         2347    i.RCC_PLL3Config    stm32f10x_rcc.o
    0x0800ab34   0x00000024   Code   RO         6689    i.RegisterSetODentryCallBack  objacces.o
    0x0800ab58   0x0000007c   Code   RO         6821    i.SDOTimeoutAlarm   sdo.o
    0x0800abd4   0x00000030   Code   RO         6822    i.SDOlineToObjdict  sdo.o
    0x0800ac04   0x00000036   Code   RO         6823    i.SDOtoLine         sdo.o
    0x0800ac3a   0x00000002   PAD
    0x0800ac3c   0x00000090   Code   RO         7164    i.SetAlarm          timer.o
    0x0800accc   0x000000d0   Code   RO           24    i.SetSysClockTo72   system_stm32f10x.o
    0x0800ad9c   0x00000028   Code   RO         4019    i.Set_MAC_Address   ethernetif.o
    0x0800adc4   0x00000004   Code   RO         7107    i.SyncAlarm         sync.o
    0x0800adc8   0x00000060   Code   RO           26    i.SystemInit        system_stm32f10x.o
    0x0800ae28   0x00000050   Code   RO          636    i.TCP_Client_Init   tcp_client.o
    0x0800ae78   0x00000088   Code   RO          637    i.TCP_Client_Recv   tcp_client.o
    0x0800af00   0x00000068   Code   RO          638    i.TCP_Connected     tcp_client.o
    0x0800af68   0x00000022   Code   RO          562    i.TIM2_IRQHandler   stm32f10x_it.o
    0x0800af8a   0x00000002   PAD
    0x0800af8c   0x0000005c   Code   RO          108    i.TIM3_IRQHandler   main.o
    0x0800afe8   0x00000006   Code   RO         2580    i.TIM_ClearFlag     stm32f10x_tim.o
    0x0800afee   0x00000006   Code   RO         2581    i.TIM_ClearITPendingBit  stm32f10x_tim.o
    0x0800aff4   0x00000014   Code   RO         2586    i.TIM_Cmd           stm32f10x_tim.o
    0x0800b008   0x00000170   Code   RO         2591    i.TIM_DeInit        stm32f10x_tim.o
    0x0800b178   0x00000004   Code   RO         2605    i.TIM_GetCounter    stm32f10x_tim.o
    0x0800b17c   0x00000018   Code   RO         2607    i.TIM_GetITStatus   stm32f10x_tim.o
    0x0800b194   0x00000010   Code   RO         2611    i.TIM_ITConfig      stm32f10x_tim.o
    0x0800b1a4   0x00000004   Code   RO         6205    i.TIM_Initializes   bsp_timer.o
    0x0800b1a8   0x00000004   Code   RO         2651    i.TIM_SetCounter    stm32f10x_tim.o
    0x0800b1ac   0x0000009c   Code   RO         2657    i.TIM_TimeBaseInit  stm32f10x_tim.o
    0x0800b248   0x00000010   Code   RO          109    i.TIMx_DispatchFromISR  main.o
    0x0800b258   0x00000066   Code   RO         6736    i.TPDO_Communication_Parameter_Callback  pdo.o
    0x0800b2be   0x00000002   PAD
    0x0800b2c0   0x000001e8   Code   RO          639    i.Task_TCP_Client   tcp_client.o
    0x0800b4a8   0x0000023c   Code   RO          868    i.TestMaster_scanIndexOD  testmaster.o
    0x0800b6e4   0x00000014   Code   RO          869    i.TestMaster_valueRangeTest  testmaster.o
    0x0800b6f8   0x00000098   Code   RO         7165    i.TimeDispatch      timer.o
    0x0800b790   0x00000022   Code   RO         6206    i.Timer_Interrupts_Config  bsp_timer.o
    0x0800b7b2   0x00000002   PAD
    0x0800b7b4   0x000000b4   Code   RO         6247    i.UART_DEBUG_Configuration  bsp_usart.o
    0x0800b868   0x00000034   Code   RO          563    i.USART1_IRQHandler  stm32f10x_it.o
    0x0800b89c   0x00000006   Code   RO         3108    i.USART_ClearFlag   stm32f10x_usart.o
    0x0800b8a2   0x00000014   Code   RO         3112    i.USART_Cmd         stm32f10x_usart.o
    0x0800b8b6   0x0000000e   Code   RO         3115    i.USART_GetFlagStatus  stm32f10x_usart.o
    0x0800b8c4   0x0000003e   Code   RO         3116    i.USART_GetITStatus  stm32f10x_usart.o
    0x0800b902   0x00000030   Code   RO         3118    i.USART_ITConfig    stm32f10x_usart.o
    0x0800b932   0x00000002   PAD
    0x0800b934   0x000000ac   Code   RO         3119    i.USART_Init        stm32f10x_usart.o
    0x0800b9e0   0x00000004   Code   RO         6248    i.USART_Initializes  bsp_usart.o
    0x0800b9e4   0x00000008   Code   RO         3126    i.USART_ReceiveData  stm32f10x_usart.o
    0x0800b9ec   0x00000008   Code   RO         3129    i.USART_SendData    stm32f10x_usart.o
    0x0800b9f4   0x00000002   Code   RO          564    i.UsageFault_Handler  stm32f10x_it.o
    0x0800b9f6   0x00000002   Code   RO         6737    i._RxPDO_EventTimers_Handler  pdo.o
    0x0800b9f8   0x00000020   Code   RO         7827    i.__0printf         mc_w.l(printfa.o)
    0x0800ba18   0x00000028   Code   RO         7829    i.__0sprintf        mc_w.l(printfa.o)
    0x0800ba40   0x0000002c   Code   RO         7832    i.__0vsnprintf      mc_w.l(printfa.o)
    0x0800ba6c   0x0000000e   Code   RO         7895    i.__scatterload_copy  mc_w.l(handlers.o)
    0x0800ba7a   0x00000002   Code   RO         7896    i.__scatterload_null  mc_w.l(handlers.o)
    0x0800ba7c   0x0000000e   Code   RO         7897    i.__scatterload_zeroinit  mc_w.l(handlers.o)
    0x0800ba8a   0x00000002   PAD
    0x0800ba8c   0x00000184   Code   RO         7834    i._fp_digits        mc_w.l(printfa.o)
    0x0800bc10   0x000000cc   Code   RO         6690    i._getODentry       objacces.o
    0x0800bcdc   0x00000002   Code   RO         6524    i._heartbeatError   lifegrd.o
    0x0800bcde   0x00000002   Code   RO         7039    i._initialisation   states.o
    0x0800bce0   0x00000002   Code   RO         6525    i._nodeguardError   lifegrd.o
    0x0800bce2   0x00000002   Code   RO         7040    i._operational      states.o
    0x0800bce4   0x00000004   Code   RO         6526    i._post_SlaveBootup  lifegrd.o
    0x0800bce8   0x00000002   Code   RO         6527    i._post_SlaveStateChange  lifegrd.o
    0x0800bcea   0x00000002   Code   RO         7108    i._post_TPDO        sync.o
    0x0800bcec   0x00000002   Code   RO         6463    i._post_emcy        emcy.o
    0x0800bcee   0x00000002   Code   RO         7109    i._post_sync        sync.o
    0x0800bcf0   0x00000010   Code   RO         7041    i._preOperational   states.o
    0x0800bd00   0x000006dc   Code   RO         7835    i._printf_core      mc_w.l(printfa.o)
    0x0800c3dc   0x00000024   Code   RO         7836    i._printf_post_padding  mc_w.l(printfa.o)
    0x0800c400   0x0000002e   Code   RO         7837    i._printf_pre_padding  mc_w.l(printfa.o)
    0x0800c42e   0x0000011c   Code   RO         6738    i._sendPDOevent     pdo.o
    0x0800c54a   0x00000002   PAD
    0x0800c54c   0x000000f0   Code   RO         6691    i._setODentry       objacces.o
    0x0800c63c   0x00000016   Code   RO         7838    i._snputc           mc_w.l(printfa.o)
    0x0800c652   0x0000000a   Code   RO         7839    i._sputc            mc_w.l(printfa.o)
    0x0800c65c   0x00000002   Code   RO         7042    i._stopped          states.o
    0x0800c65e   0x00000002   Code   RO         6692    i._storeODSubIndex  objacces.o
    0x0800c660   0x00000170   Code   RO         6825    i._writeNetworkDict  sdo.o
    0x0800c7d0   0x00000434   Code   RO          776    i.app_flash_LoadSysConfig  app_flash.o
    0x0800cc04   0x00000026   Code   RO         1091    i.app_nrf_IsLeapYear  app_ntp.o
    0x0800cc2a   0x00000002   PAD
    0x0800cc2c   0x000000c4   Code   RO         1092    i.app_nrf_TimeTosec  app_ntp.o
    0x0800ccf0   0x00000050   Code   RO          795    i.app_palt_Connectack  app_plat.o
    0x0800cd40   0x000001c4   Code   RO          796    i.app_palt_Receicedata  app_plat.o
    0x0800cf04   0x00000230   Code   RO          797    i.app_palt_devcfgset  app_plat.o
    0x0800d134   0x00000088   Code   RO          798    i.app_plat_GetRespone  app_plat.o
    0x0800d1bc   0x0000002c   Code   RO         6287    i.app_plat_usMBCRC16  bsp_mqtt_ota.o
    0x0800d1e8   0x00000118   Code   RO          799    i.app_system_Heart  app_plat.o
    0x0800d300   0x00000070   Code   RO          801    i.app_system_NetLedToggle  app_plat.o
    0x0800d370   0x00000204   Code   RO          640    i.app_system_NetPublic  tcp_client.o
    0x0800d574   0x00000054   Code   RO          641    i.app_system_Subscrib  tcp_client.o
    0x0800d5c8   0x00000124   Code   RO          642    i.app_system_TcpsStart  tcp_client.o
    0x0800d6ec   0x00000054   Code   RO          802    i.app_system_mqtt_connect_state_flag_set  app_plat.o
    0x0800d740   0x00000034   Code   RO          803    i.app_system_mqtt_connect_state_get  app_plat.o
    0x0800d774   0x0000004c   Code   RO          804    i.app_tcp_init      app_plat.o
    0x0800d7c0   0x00000044   Code   RO         6169    i.bsp_CmpCpuFlash   bsp_cpu_flash.o
    0x0800d804   0x00000068   Code   RO         6325    i.bsp_InitLed       bsp_led.o
    0x0800d86c   0x00000068   Code   RO         6379    i.bsp_Initkey       bsp_key.o
    0x0800d8d4   0x0000001e   Code   RO         6380    i.bsp_Initkey_Triggertype  bsp_key.o
    0x0800d8f2   0x00000002   PAD
    0x0800d8f4   0x00000028   Code   RO         6327    i.bsp_LedOff        bsp_led.o
    0x0800d91c   0x00000028   Code   RO         6328    i.bsp_LedOn         bsp_led.o
    0x0800d944   0x00000038   Code   RO         6329    i.bsp_LedToggle     bsp_led.o
    0x0800d97c   0x0000002c   Code   RO         6171    i.bsp_ReadCpuFlash  bsp_cpu_flash.o
    0x0800d9a8   0x00000090   Code   RO         6172    i.bsp_WriteCpuFlash  bsp_cpu_flash.o
    0x0800da38   0x000003f0   Code   RO         6288    i.bsp_ota_UpdataGateway  bsp_mqtt_ota.o
    0x0800de28   0x00000094   Code   RO         6289    i.bsp_ota_ackResponse  bsp_mqtt_ota.o
    0x0800debc   0x000000a0   Code   RO         6290    i.bsp_ota_ackResponse1  bsp_mqtt_ota.o
    0x0800df5c   0x00000024   Code   RO         7345    i.bufchar           mqttpacket.o
    0x0800df80   0x000000d6   Code   RO         6739    i.buildPDO          pdo.o
    0x0800e056   0x00000002   PAD
    0x0800e058   0x000001b8   Code   RO         1093    i.calc_date_time    app_ntp.o
    0x0800e210   0x0000007a   Code   RO         7043    i.canDispatch       states.o
    0x0800e28a   0x00000002   PAD
    0x0800e28c   0x0000007c   Code   RO          110    i.canSend           main.o
    0x0800e308   0x00000032   Code   RO         6826    i.closeSDOtransfer  sdo.o
    0x0800e33a   0x00000016   Code   RO         6120    i.delay_ms          bsp.o
    0x0800e350   0x0000001e   Code   RO         4255    i.dhcp_arp_reply    dhcp.o
    0x0800e36e   0x000000c0   Code   RO         4256    i.dhcp_bind         dhcp.o
    0x0800e42e   0x00000030   Code   RO         4257    i.dhcp_check        dhcp.o
    0x0800e45e   0x00000002   PAD
    0x0800e460   0x00000060   Code   RO         4259    i.dhcp_coarse_tmr   dhcp.o
    0x0800e4c0   0x00000124   Code   RO         4260    i.dhcp_create_msg   dhcp.o
    0x0800e5e4   0x00000078   Code   RO         4261    i.dhcp_decline      dhcp.o
    0x0800e65c   0x00000016   Code   RO         4262    i.dhcp_delete_msg   dhcp.o
    0x0800e672   0x00000002   PAD
    0x0800e674   0x000000bc   Code   RO         4263    i.dhcp_discover     dhcp.o
    0x0800e730   0x00000034   Code   RO         4264    i.dhcp_fine_tmr     dhcp.o
    0x0800e764   0x0000005c   Code   RO         4265    i.dhcp_handle_ack   dhcp.o
    0x0800e7c0   0x00000020   Code   RO         4268    i.dhcp_option       dhcp.o
    0x0800e7e0   0x00000010   Code   RO         4269    i.dhcp_option_byte  dhcp.o
    0x0800e7f0   0x00000042   Code   RO         4270    i.dhcp_option_long  dhcp.o
    0x0800e832   0x00000022   Code   RO         4271    i.dhcp_option_short  dhcp.o
    0x0800e854   0x0000002c   Code   RO         4272    i.dhcp_option_trailer  dhcp.o
    0x0800e880   0x000001f8   Code   RO         4273    i.dhcp_parse_reply  dhcp.o
    0x0800ea78   0x00000084   Code   RO         4274    i.dhcp_rebind       dhcp.o
    0x0800eafc   0x000000a0   Code   RO         4275    i.dhcp_reboot       dhcp.o
    0x0800eb9c   0x00000114   Code   RO         4276    i.dhcp_recv         dhcp.o
    0x0800ecb0   0x000000a4   Code   RO         4277    i.dhcp_release      dhcp.o
    0x0800ed54   0x00000082   Code   RO         4278    i.dhcp_renew        dhcp.o
    0x0800edd6   0x00000002   PAD
    0x0800edd8   0x000000e8   Code   RO         4279    i.dhcp_select       dhcp.o
    0x0800eec0   0x00000010   Code   RO         4280    i.dhcp_set_state    dhcp.o
    0x0800eed0   0x000000a4   Code   RO         4282    i.dhcp_start        dhcp.o
    0x0800ef74   0x00000030   Code   RO         4283    i.dhcp_stop         dhcp.o
    0x0800efa4   0x00000088   Code   RO         4284    i.dhcp_timeout      dhcp.o
    0x0800f02c   0x00000020   Code   RO         6464    i.emergencyInit     emcy.o
    0x0800f04c   0x00000002   Code   RO         6465    i.emergencyStop     emcy.o
    0x0800f04e   0x000000ce   Code   RO         6027    i.etharp_arp_input  etharp.o
    0x0800f11c   0x00000030   Code   RO         6028    i.etharp_cleanup_netif  etharp.o
    0x0800f14c   0x000000dc   Code   RO         6030    i.etharp_find_entry  etharp.o
    0x0800f228   0x0000003c   Code   RO         6031    i.etharp_free_entry  etharp.o
    0x0800f264   0x00000104   Code   RO         6032    i.etharp_output     etharp.o
    0x0800f368   0x00000044   Code   RO         6033    i.etharp_output_to_arp_index  etharp.o
    0x0800f3ac   0x000000ec   Code   RO         6034    i.etharp_query      etharp.o
    0x0800f498   0x000000a0   Code   RO         6035    i.etharp_raw        etharp.o
    0x0800f538   0x00000024   Code   RO         6036    i.etharp_request    etharp.o
    0x0800f55c   0x00000020   Code   RO         6037    i.etharp_send_ip    etharp.o
    0x0800f57c   0x00000048   Code   RO         6038    i.etharp_tmr        etharp.o
    0x0800f5c4   0x0000007c   Code   RO         6039    i.etharp_update_arp_entry  etharp.o
    0x0800f640   0x00000090   Code   RO         6040    i.ethernet_input    etharp.o
    0x0800f6d0   0x00000040   Code   RO         4020    i.ethernetif_init   ethernetif.o
    0x0800f710   0x00000078   Code   RO         4021    i.ethernetif_input  ethernetif.o
    0x0800f788   0x00000088   Code   RO         6827    i.failedSDO         sdo.o
    0x0800f810   0x0000000e   Code   RO         6250    i.fputc             bsp_usart.o
    0x0800f81e   0x00000002   PAD
    0x0800f820   0x00000024   Code   RO          111    i.getElapsedTime    main.o
    0x0800f844   0x00000006   Code   RO         7044    i.getNodeId         states.o
    0x0800f84a   0x00000030   Code   RO         6829    i.getSDOfreeLine    sdo.o
    0x0800f87a   0x0000003a   Code   RO         6830    i.getSDOlineOnUse   sdo.o
    0x0800f8b4   0x00000016   Code   RO         6831    i.getSDOlineRestBytes  sdo.o
    0x0800f8ca   0x00000036   Code   RO         6832    i.getSDOlineToClose  sdo.o
    0x0800f900   0x0000004c   Code   RO         6833    i.getWriteResultNetworkDict  sdo.o
    0x0800f94c   0x00000018   Code   RO         1094    i.get_ntp_time      app_ntp.o
    0x0800f964   0x00000178   Code   RO         1095    i.get_seconds_from_ntp_server  app_ntp.o
    0x0800fadc   0x0000007c   Code   RO         6529    i.heartbeatInit     lifegrd.o
    0x0800fb58   0x00000036   Code   RO         6530    i.heartbeatStop     lifegrd.o
    0x0800fb8e   0x00000008   Code   RO         5382    i.icmp_dest_unreach  icmp.o
    0x0800fb96   0x00000002   PAD
    0x0800fb98   0x000000fc   Code   RO         5383    i.icmp_input        icmp.o
    0x0800fc94   0x00000064   Code   RO         5384    i.icmp_send_response  icmp.o
    0x0800fcf8   0x0000000c   Code   RO         5421    i.inet_chksum       inet_chksum.o
    0x0800fd04   0x00000048   Code   RO         5422    i.inet_chksum_pbuf  inet_chksum.o
    0x0800fd4c   0x0000008c   Code   RO         6834    i.initSDOline       sdo.o
    0x0800fdd8   0x0000002e   Code   RO         5492    i.ip4_addr_isbroadcast  ip_addr.o
    0x0800fe06   0x00000002   PAD
    0x0800fe08   0x00000170   Code   RO         5456    i.ip_input          ip.o
    0x0800ff78   0x00000034   Code   RO         5457    i.ip_output         ip.o
    0x0800ffac   0x0000008c   Code   RO         5458    i.ip_output_if      ip.o
    0x08010038   0x00000040   Code   RO         5459    i.ip_route          ip.o
    0x08010078   0x00000014   Code   RO         5494    i.ipaddr_addr       ip_addr.o
    0x0801008c   0x000000f8   Code   RO         5495    i.ipaddr_aton       ip_addr.o
    0x08010184   0x00000014   Code   RO         6207    i.key_timer_Start   bsp_timer.o
    0x08010198   0x0000000c   Code   RO         6208    i.key_timer_Stop    bsp_timer.o
    0x080101a4   0x00000012   Code   RO         6531    i.lifeGuardInit     lifegrd.o
    0x080101b6   0x00000012   Code   RO         6532    i.lifeGuardStop     lifegrd.o
    0x080101c8   0x0000003c   Code   RO         6835    i.lineToSDO         sdo.o
    0x08010204   0x00000098   Code   RO         4022    i.low_level_init    ethernetif.o
    0x0801029c   0x0000002c   Code   RO         4023    i.low_level_output  ethernetif.o
    0x080102c8   0x00000004   Code   RO         4225    i.lwip_htonl        def.o
    0x080102cc   0x00000004   Code   RO         4226    i.lwip_htons        def.o
    0x080102d0   0x00000004   Code   RO         4227    i.lwip_ntohl        def.o
    0x080102d4   0x00000004   Code   RO         4228    i.lwip_ntohs        def.o
    0x080102d8   0x00000058   Code   RO         5425    i.lwip_standard_chksum  inet_chksum.o
    0x08010330   0x00000024   Code   RO          112    i.main              main.o
    0x08010354   0x00000022   Code   RO         6648    i.masterSendNMTnodeguard  nmtmaster.o
    0x08010376   0x00000026   Code   RO         6649    i.masterSendNMTstateChange  nmtmaster.o
    0x0801039c   0x00000044   Code   RO         4478    i.mem_free          mem.o
    0x080103e0   0x0000003c   Code   RO         4479    i.mem_init          mem.o
    0x0801041c   0x000000d4   Code   RO         4480    i.mem_malloc        mem.o
    0x080104f0   0x000000e0   Code   RO         4481    i.mem_trim          mem.o
    0x080105d0   0x00000018   Code   RO         4522    i.memp_free         memp.o
    0x080105e8   0x00000058   Code   RO         4523    i.memp_init         memp.o
    0x08010640   0x00000020   Code   RO         4524    i.memp_malloc       memp.o
    0x08010660   0x000000a4   Code   RO          643    i.mqtt_connect      tcp_client.o
    0x08010704   0x00000068   Code   RO          645    i.mqtt_publish      tcp_client.o
    0x0801076c   0x0000008c   Code   RO          646    i.mqtt_subscrib     tcp_client.o
    0x080107f8   0x0000004c   Code   RO         4569    i.netif_add         netif.o
    0x08010844   0x00000020   Code   RO         4573    i.netif_set_addr    netif.o
    0x08010864   0x0000000c   Code   RO         4574    i.netif_set_default  netif.o
    0x08010870   0x0000001a   Code   RO         4575    i.netif_set_down    netif.o
    0x0801088a   0x00000008   Code   RO         4576    i.netif_set_gw      netif.o
    0x08010892   0x00000002   PAD
    0x08010894   0x00000068   Code   RO         4577    i.netif_set_ipaddr  netif.o
    0x080108fc   0x00000008   Code   RO         4581    i.netif_set_netmask  netif.o
    0x08010904   0x00000020   Code   RO         4582    i.netif_set_up      netif.o
    0x08010924   0x00000078   Code   RO         6533    i.nodeguardInit     lifegrd.o
    0x0801099c   0x00000012   Code   RO         6534    i.nodeguardStop     lifegrd.o
    0x080109ae   0x0000003c   Code   RO         6836    i.objdictToSDOline  sdo.o
    0x080109ea   0x00000118   Code   RO         4665    i.pbuf_alloc        pbuf.o
    0x08010b02   0x00000028   Code   RO         4666    i.pbuf_cat          pbuf.o
    0x08010b2a   0x00000012   Code   RO         4667    i.pbuf_chain        pbuf.o
    0x08010b3c   0x00000012   Code   RO         4668    i.pbuf_clen         pbuf.o
    0x08010b4e   0x0000009a   Code   RO         4670    i.pbuf_copy         pbuf.o
    0x08010be8   0x00000068   Code   RO         4671    i.pbuf_copy_partial  pbuf.o
    0x08010c50   0x00000044   Code   RO         4673    i.pbuf_free         pbuf.o
    0x08010c94   0x00000060   Code   RO         4675    i.pbuf_header       pbuf.o
    0x08010cf4   0x0000004e   Code   RO         4678    i.pbuf_realloc      pbuf.o
    0x08010d42   0x0000000c   Code   RO         4679    i.pbuf_ref          pbuf.o
    0x08010d4e   0x00000002   PAD
    0x08010d50   0x00000054   Code   RO         4482    i.plug_holes        mem.o
    0x08010da4   0x00000022   Code   RO         6466    i.proceedEMCY       emcy.o
    0x08010dc6   0x00000096   Code   RO         6671    i.proceedNMTstateChange  nmtslave.o
    0x08010e5c   0x00000148   Code   RO         6535    i.proceedNODE_GUARD  lifegrd.o
    0x08010fa4   0x00000228   Code   RO         6740    i.proceedPDO        pdo.o
    0x080111cc   0x0000127c   Code   RO         6837    i.proceedSDO        sdo.o
    0x08012448   0x00000028   Code   RO         7110    i.proceedSYNC       sync.o
    0x08012470   0x00000034   Code   RO         3676    i.prvAddCurrentTaskToDelayedList  tasks.o
    0x080124a4   0x00000054   Code   RO         3677    i.prvCheckTasksWaitingTermination  tasks.o
    0x080124f8   0x00000026   Code   RO         3568    i.prvCopyDataFromQueue  queue.o
    0x0801251e   0x0000006e   Code   RO         3569    i.prvCopyDataToQueue  queue.o
    0x0801258c   0x0000004c   Code   RO         3896    i.prvHeapInit       heap_4.o
    0x080125d8   0x00000018   Code   RO         3678    i.prvIdleTask       tasks.o
    0x080125f0   0x0000004c   Code   RO         3897    i.prvInsertBlockIntoFreeList  heap_4.o
    0x0801263c   0x00000020   Code   RO         3679    i.prvResetNextTaskUnblockTime  tasks.o
    0x0801265c   0x00000006   Code   RO         3946    i.prvTaskExitError  port.o
    0x08012662   0x00000064   Code   RO         3570    i.prvUnlockQueue    queue.o
    0x080126c6   0x00000002   PAD
    0x080126c8   0x00000098   Code   RO         3898    i.pvPortMalloc      heap_4.o
    0x08012760   0x00000018   Code   RO         3681    i.pvTaskIncrementMutexHeldCount  tasks.o
    0x08012778   0x00000020   Code   RO         3947    i.pxPortInitialiseStack  port.o
    0x08012798   0x00000074   Code   RO         4777    i.raw_input         raw.o
    0x0801280c   0x0000000c   Code   RO         7347    i.readChar          mqttpacket.o
    0x08012818   0x00000012   Code   RO         7348    i.readInt           mqttpacket.o
    0x0801282a   0x00000034   Code   RO         7349    i.readMQTTLenString  mqttpacket.o
    0x0801285e   0x00000018   Code   RO         6841    i.resetSDO          sdo.o
    0x08012876   0x00000032   Code   RO         6842    i.resetSDOline      sdo.o
    0x080128a8   0x00000016   Code   RO         6694    i.scanIndexOD       objacces.o
    0x080128be   0x00000002   PAD
    0x080128c0   0x0000010c   Code   RO         6741    i.sendOnePDOevent   pdo.o
    0x080129cc   0x00000028   Code   RO         6744    i.sendPdo           pdo.o
    0x080129f4   0x00000078   Code   RO         6843    i.sendSDO           sdo.o
    0x08012a6c   0x00000038   Code   RO         6844    i.sendSDOabort      sdo.o
    0x08012aa4   0x00000014   Code   RO         7111    i.sendSYNC          sync.o
    0x08012ab8   0x00000022   Code   RO         7112    i.sendSYNCMessage   sync.o
    0x08012ada   0x00000002   PAD
    0x08012adc   0x00000134   Code   RO         7046    i.setNodeId         states.o
    0x08012c10   0x00000016   Code   RO         6845    i.setSDOlineRestBytes  sdo.o
    0x08012c26   0x00000002   PAD
    0x08012c28   0x000000a4   Code   RO         7047    i.setState          states.o
    0x08012ccc   0x0000003c   Code   RO          113    i.setTimer          main.o
    0x08012d08   0x0000002a   Code   RO         6672    i.slaveSendBootUp   nmtslave.o
    0x08012d32   0x00000002   PAD
    0x08012d34   0x00000068   Code   RO         7113    i.startSYNC         sync.o
    0x08012d9c   0x0000002c   Code   RO         7114    i.stopSYNC          sync.o
    0x08012dc8   0x000000ea   Code   RO         7048    i.switchCommunicationState  states.o
    0x08012eb2   0x00000042   Code   RO         4100    i.sys_arch_sem_wait  sys_arch.o
    0x08012ef4   0x0000003a   Code   RO         4111    i.sys_sem_new       sys_arch.o
    0x08012f2e   0x0000000c   Code   RO         4113    i.sys_sem_signal    sys_arch.o
    0x08012f3a   0x00000002   PAD
    0x08012f3c   0x0000005c   Code   RO         5208    i.sys_timeout       timers.o
    0x08012f98   0x0000008c   Code   RO         4849    i.tcp_abandon       tcp.o
    0x08013024   0x00000006   Code   RO         4850    i.tcp_abort         tcp.o
    0x0801302a   0x00000002   PAD
    0x0801302c   0x000000fc   Code   RO         4853    i.tcp_alloc         tcp.o
    0x08013128   0x00000084   Code   RO         4855    i.tcp_bind          tcp.o
    0x080131ac   0x00000014   Code   RO         4856    i.tcp_close         tcp.o
    0x080131c0   0x00000128   Code   RO         4857    i.tcp_close_shutdown  tcp.o
    0x080132e8   0x000000f4   Code   RO         4858    i.tcp_connect       tcp.o
    0x080133dc   0x0000009c   Code   RO         5113    i.tcp_create_segment  tcp_out.o
    0x08013478   0x00000020   Code   RO         4860    i.tcp_eff_send_mss  tcp.o
    0x08013498   0x000000a6   Code   RO         5114    i.tcp_enqueue_flags  tcp_out.o
    0x0801353e   0x00000002   PAD
    0x08013540   0x00000060   Code   RO         4862    i.tcp_fasttmr       tcp.o
    0x080135a0   0x00000314   Code   RO         5062    i.tcp_input         tcp_in.o
    0x080138b4   0x0000003c   Code   RO         5115    i.tcp_keepalive     tcp_out.o
    0x080138f0   0x000000e4   Code   RO         5063    i.tcp_listen_input  tcp_in.o
    0x080139d4   0x00000006   Code   RO         4865    i.tcp_new           tcp.o
    0x080139da   0x00000002   PAD
    0x080139dc   0x0000005c   Code   RO         4866    i.tcp_new_port      tcp.o
    0x08013a38   0x00000010   Code   RO         4867    i.tcp_next_iss      tcp.o
    0x08013a48   0x0000018c   Code   RO         5116    i.tcp_output        tcp_out.o
    0x08013bd4   0x0000006a   Code   RO         5117    i.tcp_output_alloc_header  tcp_out.o
    0x08013c3e   0x00000002   PAD
    0x08013c40   0x000000b0   Code   RO         5118    i.tcp_output_segment  tcp_out.o
    0x08013cf0   0x00000080   Code   RO         5064    i.tcp_parseopt      tcp_in.o
    0x08013d70   0x0000004e   Code   RO         5119    i.tcp_pbuf_prealloc  tcp_out.o
    0x08013dbe   0x0000003a   Code   RO         4868    i.tcp_pcb_purge     tcp.o
    0x08013df8   0x00000058   Code   RO         4869    i.tcp_pcb_remove    tcp.o
    0x08013e50   0x00000334   Code   RO         5065    i.tcp_process       tcp_in.o
    0x08014184   0x00000066   Code   RO         4871    i.tcp_process_refused_data  tcp.o
    0x080141ea   0x00000002   PAD
    0x080141ec   0x00000412   Code   RO         5066    i.tcp_receive       tcp_in.o
    0x080145fe   0x00000004   Code   RO         4872    i.tcp_recv          tcp.o
    0x08014602   0x00000024   Code   RO         4873    i.tcp_recv_null     tcp.o
    0x08014626   0x00000038   Code   RO         4874    i.tcp_recved        tcp.o
    0x0801465e   0x00000052   Code   RO         5120    i.tcp_rexmit        tcp_out.o
    0x080146b0   0x00000058   Code   RO         5121    i.tcp_rexmit_fast   tcp_out.o
    0x08014708   0x0000002e   Code   RO         5122    i.tcp_rexmit_rto    tcp_out.o
    0x08014736   0x00000076   Code   RO         5123    i.tcp_rst           tcp_out.o
    0x080147ac   0x0000001c   Code   RO         4875    i.tcp_seg_free      tcp.o
    0x080147c8   0x00000012   Code   RO         4876    i.tcp_segs_free     tcp.o
    0x080147da   0x00000048   Code   RO         5124    i.tcp_send_empty_ack  tcp_out.o
    0x08014822   0x00000044   Code   RO         5125    i.tcp_send_fin      tcp_out.o
    0x08014866   0x00000002   PAD
    0x08014868   0x0000025c   Code   RO         4880    i.tcp_slowtmr       tcp.o
    0x08014ac4   0x00000034   Code   RO         5212    i.tcp_timer_needed  timers.o
    0x08014af8   0x0000006c   Code   RO         5067    i.tcp_timewait_input  tcp_in.o
    0x08014b64   0x00000020   Code   RO         4881    i.tcp_tmr           tcp.o
    0x08014b84   0x00000034   Code   RO         4882    i.tcp_update_rcv_ann_wnd  tcp.o
    0x08014bb8   0x000002fc   Code   RO         5126    i.tcp_write         tcp_out.o
    0x08014eb4   0x0000008a   Code   RO         5127    i.tcp_zero_window_probe  tcp_out.o
    0x08014f3e   0x00000002   PAD
    0x08014f40   0x00000038   Code   RO         5213    i.tcpip_tcp_timer   timers.o
    0x08014f78   0x00000016   Code   RO          647    i.transport_sendPacketBuffer  tcp_client.o
    0x08014f8e   0x00000002   PAD
    0x08014f90   0x00000098   Code   RO         5287    i.udp_bind          udp.o
    0x08015028   0x0000004c   Code   RO         5288    i.udp_connect       udp.o
    0x08015074   0x00000178   Code   RO         5291    i.udp_input         udp.o
    0x080151ec   0x0000001a   Code   RO         5292    i.udp_new           udp.o
    0x08015206   0x00000002   PAD
    0x08015208   0x00000030   Code   RO          648    i.udp_ntp_init      tcp_client.o
    0x08015238   0x0000002c   Code   RO          649    i.udp_ntp_recv_rb   tcp_client.o
    0x08015264   0x0000002c   Code   RO          650    i.udp_pc_init       tcp_client.o
    0x08015290   0x0000063c   Code   RO          651    i.udp_pc_recv_rb    tcp_client.o
    0x080158cc   0x00000006   Code   RO         5293    i.udp_recv          udp.o
    0x080158d2   0x00000002   PAD
    0x080158d4   0x0000002c   Code   RO         5294    i.udp_remove        udp.o
    0x08015900   0x00000008   Code   RO         5295    i.udp_send          udp.o
    0x08015908   0x00000038   Code   RO          652    i.udp_senddata      tcp_client.o
    0x08015940   0x00000028   Code   RO         5296    i.udp_sendto        udp.o
    0x08015968   0x000000b6   Code   RO         5297    i.udp_sendto_if     udp.o
    0x08015a1e   0x00000024   Code   RO         3520    i.uxListRemove      list.o
    0x08015a42   0x00000016   Code   RO         3521    i.vListInitialise   list.o
    0x08015a58   0x00000006   Code   RO         3522    i.vListInitialiseItem  list.o
    0x08015a5e   0x00000030   Code   RO         3523    i.vListInsert       list.o
    0x08015a8e   0x00000018   Code   RO         3524    i.vListInsertEnd    list.o
    0x08015aa6   0x00000002   PAD
    0x08015aa8   0x0000001c   Code   RO         3949    i.vPortEnterCritical  port.o
    0x08015ac4   0x00000014   Code   RO         3950    i.vPortExitCritical  port.o
    0x08015ad8   0x00000040   Code   RO         3899    i.vPortFree         heap_4.o
    0x08015b18   0x00000014   Code   RO         3951    i.vPortSetupTimerInterrupt  port.o
    0x08015b2c   0x00000018   Code   RO         3952    i.vPortYield        port.o
    0x08015b44   0x00000048   Code   RO         3685    i.vTaskDelay        tasks.o
    0x08015b8c   0x0000000c   Code   RO         3689    i.vTaskMissedYield  tasks.o
    0x08015b98   0x00000050   Code   RO         3690    i.vTaskPlaceOnEventList  tasks.o
    0x08015be8   0x00000084   Code   RO         3692    i.vTaskPriorityInherit  tasks.o
    0x08015c6c   0x00000010   Code   RO         3695    i.vTaskSetTimeOutState  tasks.o
    0x08015c7c   0x00000044   Code   RO         3696    i.vTaskStartScheduler  tasks.o
    0x08015cc0   0x00000010   Code   RO         3698    i.vTaskSuspendAll   tasks.o
    0x08015cd0   0x00000044   Code   RO         3699    i.vTaskSwitchContext  tasks.o
    0x08015d14   0x00000028   Code   RO         7350    i.writeCString      mqttpacket.o
    0x08015d3c   0x0000000c   Code   RO         7351    i.writeChar         mqttpacket.o
    0x08015d48   0x0000001e   Code   RO         7352    i.writeInt          mqttpacket.o
    0x08015d66   0x00000036   Code   RO         7353    i.writeMQTTString   mqttpacket.o
    0x08015d9c   0x00000020   Code   RO         6847    i.writeNetworkDictCallBack  sdo.o
    0x08015dbc   0x00000030   Code   RO         3953    i.xPortStartScheduler  port.o
    0x08015dec   0x00000024   Code   RO         3954    i.xPortSysTickHandler  port.o
    0x08015e10   0x00000044   Code   RO         3575    i.xQueueCreateMutex  queue.o
    0x08015e54   0x00000042   Code   RO         3576    i.xQueueGenericCreate  queue.o
    0x08015e96   0x00000102   Code   RO         3577    i.xQueueGenericReceive  queue.o
    0x08015f98   0x00000060   Code   RO         3578    i.xQueueGenericReset  queue.o
    0x08015ff8   0x000000da   Code   RO         3579    i.xQueueGenericSend  queue.o
    0x080160d2   0x00000068   Code   RO         3580    i.xQueueGenericSendFromISR  queue.o
    0x0801613a   0x00000002   PAD
    0x0801613c   0x00000048   Code   RO         3700    i.xTaskCheckForTimeOut  tasks.o
    0x08016184   0x00000160   Code   RO         3701    i.xTaskGenericCreate  tasks.o
    0x080162e4   0x00000018   Code   RO         3703    i.xTaskGetTickCount  tasks.o
    0x080162fc   0x000000b4   Code   RO         3705    i.xTaskIncrementTick  tasks.o
    0x080163b0   0x00000070   Code   RO         3706    i.xTaskPriorityDisinherit  tasks.o
    0x08016420   0x00000064   Code   RO         3707    i.xTaskRemoveFromEventList  tasks.o
    0x08016484   0x000000a0   Code   RO         3709    i.xTaskResumeAll    tasks.o
    0x08016524   0x0000015d   Data   RO          653    .constdata          tcp_client.o
    0x08016681   0x00000001   Data   RO          870    .constdata          testmaster.o
    0x08016682   0x00000002   PAD
    0x08016684   0x00000150   Data   RO          871    .constdata          testmaster.o
    0x080167d4   0x0000000c   Data   RO          872    .constdata          testmaster.o
    0x080167e0   0x0000000c   Data   RO          873    .constdata          testmaster.o
    0x080167ec   0x00000002   Data   RO          874    .constdata          testmaster.o
    0x080167ee   0x00000030   Data   RO         4526    .constdata          memp.o
    0x0801681e   0x00000002   PAD
    0x08016820   0x00000054   Data   RO         4883    .constdata          tcp.o
    0x08016874   0x00000004   Data   RO         5499    .constdata          ip_addr.o
    0x08016878   0x00000004   Data   RO         5500    .constdata          ip_addr.o
    0x0801687c   0x0000000c   Data   RO         6042    .constdata          etharp.o
    0x08016888   0x00000226   Data   RO         6291    .constdata          bsp_mqtt_ota.o
    0x08016aae   0x00000002   PAD
    0x08016ab0   0x00000040   Data   RO         7049    .constdata          states.o
    0x08016af0   0x000000b4   Data   RO          654    .conststring        tcp_client.o
    0x08016ba4   0x00000001   Data   RO          875    .conststring        testmaster.o
    0x08016ba5   0x00000003   PAD
    0x08016ba8   0x00000075   Data   RO         4884    .conststring        tcp.o
    0x08016c1d   0x00000003   PAD
    0x08016c20   0x00000049   Data   RO         6536    .conststring        lifegrd.o
    0x08016c69   0x00000003   PAD
    0x08016c6c   0x0000000e   Data   RO          876    .conststrlit        testmaster.o
    0x08016c7a   0x00000002   PAD
    0x08016c7c   0x00000020   Data   RO         7893    Region$$Table       anon$$obj.o


    Execution Region RW_IRAM1 (Base: 0x20000000, Size: 0x0000cd08, Max: 0x00010000, ABSOLUTE, COMPRESSED[0x0000044c])

    Base Addr    Size         Type   Attr      Idx    E Section Name        Object

    0x20000000   0x00000014   Data   RW           27    .data               system_stm32f10x.o
    0x20000014   0x00000018   Data   RW          115    .data               main.o
    0x2000002c   0x00000010   Data   RW          444    .data               netconfig.o
    0x2000003c   0x00000001   Data   RW          566    .data               stm32f10x_it.o
    0x2000003d   0x00000001   PAD
    0x2000003e   0x00000006   Data   RW          655    .data               tcp_client.o
    0x20000044   0x00000058   Data   RW          778    .data               app_flash.o
    0x2000009c   0x0000007e   Data   RW          805    .data               app_plat.o
    0x2000011a   0x00000027   Data   RW          806    .data               app_plat.o
    0x20000141   0x00000026   Data   RW          807    .data               app_plat.o
    0x20000167   0x00000001   PAD
    0x20000168   0x00000004   Data   RW          877    .data               testmaster.o
    0x2000016c   0x00000004   Data   RW          878    .data               testmaster.o
    0x20000170   0x00000004   Data   RW          879    .data               testmaster.o
    0x20000174   0x00000004   Data   RW          880    .data               testmaster.o
    0x20000178   0x00000004   Data   RW          881    .data               testmaster.o
    0x2000017c   0x00000004   Data   RW          882    .data               testmaster.o
    0x20000180   0x00000004   Data   RW          883    .data               testmaster.o
    0x20000184   0x00000004   Data   RW          884    .data               testmaster.o
    0x20000188   0x00000001   Data   RW          885    .data               testmaster.o
    0x20000189   0x00000001   PAD
    0x2000018a   0x00000010   Data   RW          886    .data               testmaster.o
    0x2000019a   0x00000002   PAD
    0x2000019c   0x00000004   Data   RW          887    .data               testmaster.o
    0x200001a0   0x0000000c   Data   RW          888    .data               testmaster.o
    0x200001ac   0x00000001   Data   RW          889    .data               testmaster.o
    0x200001ad   0x00000003   PAD
    0x200001b0   0x0000000c   Data   RW          890    .data               testmaster.o
    0x200001bc   0x00000001   Data   RW          891    .data               testmaster.o
    0x200001bd   0x00000003   PAD
    0x200001c0   0x00000004   Data   RW          892    .data               testmaster.o
    0x200001c4   0x00000004   Data   RW          895    .data               testmaster.o
    0x200001c8   0x00000028   Data   RW          896    .data               testmaster.o
    0x200001f0   0x0000000c   Data   RW          897    .data               testmaster.o
    0x200001fc   0x00000004   Data   RW          898    .data               testmaster.o
    0x20000200   0x0000000c   Data   RW          899    .data               testmaster.o
    0x2000020c   0x00000002   Data   RW          900    .data               testmaster.o
    0x2000020e   0x00000001   Data   RW          901    .data               testmaster.o
    0x2000020f   0x00000001   Data   RW          902    .data               testmaster.o
    0x20000210   0x00000004   Data   RW          903    .data               testmaster.o
    0x20000214   0x00000004   Data   RW          904    .data               testmaster.o
    0x20000218   0x00000004   Data   RW          905    .data               testmaster.o
    0x2000021c   0x00000004   Data   RW          906    .data               testmaster.o
    0x20000220   0x0000003c   Data   RW          907    .data               testmaster.o
    0x2000025c   0x00000001   Data   RW          908    .data               testmaster.o
    0x2000025d   0x00000003   PAD
    0x20000260   0x00000004   Data   RW          909    .data               testmaster.o
    0x20000264   0x00000004   Data   RW          910    .data               testmaster.o
    0x20000268   0x00000004   Data   RW          911    .data               testmaster.o
    0x2000026c   0x00000004   Data   RW          912    .data               testmaster.o
    0x20000270   0x0000003c   Data   RW          913    .data               testmaster.o
    0x200002ac   0x00000004   Data   RW          914    .data               testmaster.o
    0x200002b0   0x0000000c   Data   RW          915    .data               testmaster.o
    0x200002bc   0x00000001   Data   RW          916    .data               testmaster.o
    0x200002bd   0x00000003   PAD
    0x200002c0   0x00000020   Data   RW          917    .data               testmaster.o
    0x200002e0   0x0000006c   Data   RW          918    .data               testmaster.o
    0x2000034c   0x00000002   Data   RW          919    .data               testmaster.o
    0x2000034e   0x00000001   Data   RW          920    .data               testmaster.o
    0x2000034f   0x00000001   PAD
    0x20000350   0x00000004   Data   RW          921    .data               testmaster.o
    0x20000354   0x00000004   Data   RW          922    .data               testmaster.o
    0x20000358   0x00000004   Data   RW          923    .data               testmaster.o
    0x2000035c   0x00000004   Data   RW          924    .data               testmaster.o
    0x20000360   0x0000003c   Data   RW          925    .data               testmaster.o
    0x2000039c   0x00000001   Data   RW          926    .data               testmaster.o
    0x2000039d   0x00000003   PAD
    0x200003a0   0x00000004   Data   RW          927    .data               testmaster.o
    0x200003a4   0x00000004   Data   RW          928    .data               testmaster.o
    0x200003a8   0x00000001   Data   RW          929    .data               testmaster.o
    0x200003a9   0x00000003   PAD
    0x200003ac   0x00000030   Data   RW          930    .data               testmaster.o
    0x200003dc   0x00000001   Data   RW          931    .data               testmaster.o
    0x200003dd   0x00000003   PAD
    0x200003e0   0x00000004   Data   RW          932    .data               testmaster.o
    0x200003e4   0x00000004   Data   RW          933    .data               testmaster.o
    0x200003e8   0x00000001   Data   RW          934    .data               testmaster.o
    0x200003e9   0x00000003   PAD
    0x200003ec   0x00000030   Data   RW          935    .data               testmaster.o
    0x2000041c   0x00000001   Data   RW          936    .data               testmaster.o
    0x2000041d   0x00000003   PAD
    0x20000420   0x00000004   Data   RW          937    .data               testmaster.o
    0x20000424   0x00000004   Data   RW          938    .data               testmaster.o
    0x20000428   0x00000001   Data   RW          939    .data               testmaster.o
    0x20000429   0x00000003   PAD
    0x2000042c   0x00000030   Data   RW          940    .data               testmaster.o
    0x2000045c   0x00000001   Data   RW          941    .data               testmaster.o
    0x2000045d   0x00000003   PAD
    0x20000460   0x00000004   Data   RW          942    .data               testmaster.o
    0x20000464   0x00000004   Data   RW          943    .data               testmaster.o
    0x20000468   0x00000001   Data   RW          944    .data               testmaster.o
    0x20000469   0x00000003   PAD
    0x2000046c   0x00000030   Data   RW          945    .data               testmaster.o
    0x2000049c   0x00000001   Data   RW          946    .data               testmaster.o
    0x2000049d   0x00000003   PAD
    0x200004a0   0x00000004   Data   RW          947    .data               testmaster.o
    0x200004a4   0x00000004   Data   RW          948    .data               testmaster.o
    0x200004a8   0x00000001   Data   RW          949    .data               testmaster.o
    0x200004a9   0x00000003   PAD
    0x200004ac   0x00000030   Data   RW          950    .data               testmaster.o
    0x200004dc   0x00000001   Data   RW          951    .data               testmaster.o
    0x200004dd   0x00000003   PAD
    0x200004e0   0x00000004   Data   RW          952    .data               testmaster.o
    0x200004e4   0x00000004   Data   RW          953    .data               testmaster.o
    0x200004e8   0x00000001   Data   RW          954    .data               testmaster.o
    0x200004e9   0x00000003   PAD
    0x200004ec   0x00000030   Data   RW          955    .data               testmaster.o
    0x2000051c   0x00000001   Data   RW          956    .data               testmaster.o
    0x2000051d   0x00000003   PAD
    0x20000520   0x00000004   Data   RW          957    .data               testmaster.o
    0x20000524   0x00000004   Data   RW          958    .data               testmaster.o
    0x20000528   0x00000001   Data   RW          959    .data               testmaster.o
    0x20000529   0x00000003   PAD
    0x2000052c   0x00000030   Data   RW          960    .data               testmaster.o
    0x2000055c   0x00000001   Data   RW          961    .data               testmaster.o
    0x2000055d   0x00000003   PAD
    0x20000560   0x00000004   Data   RW          962    .data               testmaster.o
    0x20000564   0x00000004   Data   RW          963    .data               testmaster.o
    0x20000568   0x00000001   Data   RW          964    .data               testmaster.o
    0x20000569   0x00000003   PAD
    0x2000056c   0x00000030   Data   RW          965    .data               testmaster.o
    0x2000059c   0x00000001   Data   RW          966    .data               testmaster.o
    0x2000059d   0x00000003   PAD
    0x200005a0   0x00000004   Data   RW          967    .data               testmaster.o
    0x200005a4   0x00000001   Data   RW          968    .data               testmaster.o
    0x200005a5   0x00000001   PAD
    0x200005a6   0x00000002   Data   RW          969    .data               testmaster.o
    0x200005a8   0x00000001   Data   RW          970    .data               testmaster.o
    0x200005a9   0x00000001   PAD
    0x200005aa   0x00000002   Data   RW          971    .data               testmaster.o
    0x200005ac   0x00000001   Data   RW          972    .data               testmaster.o
    0x200005ad   0x00000003   PAD
    0x200005b0   0x00000054   Data   RW          973    .data               testmaster.o
    0x20000604   0x00000001   Data   RW          974    .data               testmaster.o
    0x20000605   0x00000003   PAD
    0x20000608   0x00000004   Data   RW          975    .data               testmaster.o
    0x2000060c   0x00000001   Data   RW          976    .data               testmaster.o
    0x2000060d   0x00000001   PAD
    0x2000060e   0x00000002   Data   RW          977    .data               testmaster.o
    0x20000610   0x00000001   Data   RW          978    .data               testmaster.o
    0x20000611   0x00000001   PAD
    0x20000612   0x00000002   Data   RW          979    .data               testmaster.o
    0x20000614   0x00000001   Data   RW          980    .data               testmaster.o
    0x20000615   0x00000003   PAD
    0x20000618   0x00000054   Data   RW          981    .data               testmaster.o
    0x2000066c   0x00000001   Data   RW          982    .data               testmaster.o
    0x2000066d   0x00000003   PAD
    0x20000670   0x00000004   Data   RW          983    .data               testmaster.o
    0x20000674   0x00000001   Data   RW          984    .data               testmaster.o
    0x20000675   0x00000001   PAD
    0x20000676   0x00000002   Data   RW          985    .data               testmaster.o
    0x20000678   0x00000001   Data   RW          986    .data               testmaster.o
    0x20000679   0x00000001   PAD
    0x2000067a   0x00000002   Data   RW          987    .data               testmaster.o
    0x2000067c   0x00000001   Data   RW          988    .data               testmaster.o
    0x2000067d   0x00000003   PAD
    0x20000680   0x00000054   Data   RW          989    .data               testmaster.o
    0x200006d4   0x00000001   Data   RW          990    .data               testmaster.o
    0x200006d5   0x00000003   PAD
    0x200006d8   0x00000004   Data   RW          991    .data               testmaster.o
    0x200006dc   0x00000001   Data   RW          992    .data               testmaster.o
    0x200006dd   0x00000001   PAD
    0x200006de   0x00000002   Data   RW          993    .data               testmaster.o
    0x200006e0   0x00000001   Data   RW          994    .data               testmaster.o
    0x200006e1   0x00000001   PAD
    0x200006e2   0x00000002   Data   RW          995    .data               testmaster.o
    0x200006e4   0x00000001   Data   RW          996    .data               testmaster.o
    0x200006e5   0x00000003   PAD
    0x200006e8   0x00000054   Data   RW          997    .data               testmaster.o
    0x2000073c   0x00000001   Data   RW          998    .data               testmaster.o
    0x2000073d   0x00000003   PAD
    0x20000740   0x00000004   Data   RW          999    .data               testmaster.o
    0x20000744   0x00000001   Data   RW         1000    .data               testmaster.o
    0x20000745   0x00000001   PAD
    0x20000746   0x00000002   Data   RW         1001    .data               testmaster.o
    0x20000748   0x00000001   Data   RW         1002    .data               testmaster.o
    0x20000749   0x00000001   PAD
    0x2000074a   0x00000002   Data   RW         1003    .data               testmaster.o
    0x2000074c   0x00000001   Data   RW         1004    .data               testmaster.o
    0x2000074d   0x00000003   PAD
    0x20000750   0x00000054   Data   RW         1005    .data               testmaster.o
    0x200007a4   0x00000001   Data   RW         1006    .data               testmaster.o
    0x200007a5   0x00000003   PAD
    0x200007a8   0x00000004   Data   RW         1007    .data               testmaster.o
    0x200007ac   0x00000001   Data   RW         1008    .data               testmaster.o
    0x200007ad   0x00000001   PAD
    0x200007ae   0x00000002   Data   RW         1009    .data               testmaster.o
    0x200007b0   0x00000001   Data   RW         1010    .data               testmaster.o
    0x200007b1   0x00000001   PAD
    0x200007b2   0x00000002   Data   RW         1011    .data               testmaster.o
    0x200007b4   0x00000001   Data   RW         1012    .data               testmaster.o
    0x200007b5   0x00000003   PAD
    0x200007b8   0x00000054   Data   RW         1013    .data               testmaster.o
    0x2000080c   0x00000001   Data   RW         1014    .data               testmaster.o
    0x2000080d   0x00000003   PAD
    0x20000810   0x00000004   Data   RW         1015    .data               testmaster.o
    0x20000814   0x00000001   Data   RW         1016    .data               testmaster.o
    0x20000815   0x00000001   PAD
    0x20000816   0x00000002   Data   RW         1017    .data               testmaster.o
    0x20000818   0x00000001   Data   RW         1018    .data               testmaster.o
    0x20000819   0x00000001   PAD
    0x2000081a   0x00000002   Data   RW         1019    .data               testmaster.o
    0x2000081c   0x00000001   Data   RW         1020    .data               testmaster.o
    0x2000081d   0x00000003   PAD
    0x20000820   0x00000054   Data   RW         1021    .data               testmaster.o
    0x20000874   0x00000001   Data   RW         1022    .data               testmaster.o
    0x20000875   0x00000003   PAD
    0x20000878   0x00000004   Data   RW         1023    .data               testmaster.o
    0x2000087c   0x00000001   Data   RW         1024    .data               testmaster.o
    0x2000087d   0x00000001   PAD
    0x2000087e   0x00000002   Data   RW         1025    .data               testmaster.o
    0x20000880   0x00000001   Data   RW         1026    .data               testmaster.o
    0x20000881   0x00000001   PAD
    0x20000882   0x00000002   Data   RW         1027    .data               testmaster.o
    0x20000884   0x00000001   Data   RW         1028    .data               testmaster.o
    0x20000885   0x00000003   PAD
    0x20000888   0x00000054   Data   RW         1029    .data               testmaster.o
    0x200008dc   0x00000001   Data   RW         1030    .data               testmaster.o
    0x200008dd   0x00000003   PAD
    0x200008e0   0x00000004   Data   RW         1031    .data               testmaster.o
    0x200008e4   0x00000018   Data   RW         1032    .data               testmaster.o
    0x200008fc   0x00000001   Data   RW         1033    .data               testmaster.o
    0x200008fd   0x00000003   PAD
    0x20000900   0x00000004   Data   RW         1034    .data               testmaster.o
    0x20000904   0x00000018   Data   RW         1035    .data               testmaster.o
    0x2000091c   0x00000001   Data   RW         1036    .data               testmaster.o
    0x2000091d   0x00000003   PAD
    0x20000920   0x00000004   Data   RW         1037    .data               testmaster.o
    0x20000924   0x00000018   Data   RW         1038    .data               testmaster.o
    0x2000093c   0x00000001   Data   RW         1039    .data               testmaster.o
    0x2000093d   0x00000003   PAD
    0x20000940   0x00000004   Data   RW         1040    .data               testmaster.o
    0x20000944   0x00000018   Data   RW         1041    .data               testmaster.o
    0x2000095c   0x00000001   Data   RW         1042    .data               testmaster.o
    0x2000095d   0x00000003   PAD
    0x20000960   0x00000004   Data   RW         1043    .data               testmaster.o
    0x20000964   0x00000018   Data   RW         1044    .data               testmaster.o
    0x2000097c   0x00000001   Data   RW         1045    .data               testmaster.o
    0x2000097d   0x00000003   PAD
    0x20000980   0x00000004   Data   RW         1046    .data               testmaster.o
    0x20000984   0x00000018   Data   RW         1047    .data               testmaster.o
    0x2000099c   0x00000001   Data   RW         1048    .data               testmaster.o
    0x2000099d   0x00000003   PAD
    0x200009a0   0x00000004   Data   RW         1049    .data               testmaster.o
    0x200009a4   0x00000018   Data   RW         1050    .data               testmaster.o
    0x200009bc   0x00000001   Data   RW         1051    .data               testmaster.o
    0x200009bd   0x00000003   PAD
    0x200009c0   0x00000004   Data   RW         1052    .data               testmaster.o
    0x200009c4   0x00000018   Data   RW         1053    .data               testmaster.o
    0x200009dc   0x00000001   Data   RW         1054    .data               testmaster.o
    0x200009dd   0x00000003   PAD
    0x200009e0   0x00000008   Data   RW         1055    .data               testmaster.o
    0x200009e8   0x00000024   Data   RW         1056    .data               testmaster.o
    0x20000a0c   0x0000000c   Data   RW         1057    .data               testmaster.o
    0x20000a18   0x0000000c   Data   RW         1058    .data               testmaster.o
    0x20000a24   0x0000000c   Data   RW         1059    .data               testmaster.o
    0x20000a30   0x0000000c   Data   RW         1060    .data               testmaster.o
    0x20000a3c   0x0000000c   Data   RW         1061    .data               testmaster.o
    0x20000a48   0x0000000c   Data   RW         1062    .data               testmaster.o
    0x20000a54   0x0000000c   Data   RW         1063    .data               testmaster.o
    0x20000a60   0x0000000c   Data   RW         1064    .data               testmaster.o
    0x20000a6c   0x00000012   Data   RW         1065    .data               testmaster.o
    0x20000a7e   0x00000002   PAD
    0x20000a80   0x0000023c   Data   RW         1066    .data               testmaster.o
    0x20000cbc   0x00000008   Data   RW         1096    .data               app_ntp.o
    0x20000cc4   0x00000010   Data   RW         1235    .data               stm32_eth.o
    0x20000cd4   0x00000014   Data   RW         2356    .data               stm32f10x_rcc.o
    0x20000ce8   0x00000038   Data   RW         3712    .data               tasks.o
    0x20000d20   0x00000018   Data   RW         3904    .data               heap_4.o
    0x20000d38   0x00000004   Data   RW         3955    .data               port.o
    0x20000d3c   0x00000006   Data   RW         4028    .data               ethernetif.o
    0x20000d42   0x00000002   PAD
    0x20000d44   0x00000004   Data   RW         4286    .data               dhcp.o
    0x20000d48   0x00000010   Data   RW         4484    .data               mem.o
    0x20000d58   0x0000000c   Data   RW         4583    .data               netif.o
    0x20000d64   0x00000004   Data   RW         4783    .data               raw.o
    0x20000d68   0x00000024   Data   RW         4885    .data               tcp.o
    0x20000d8c   0x0000001c   Data   RW         5069    .data               tcp_in.o
    0x20000da8   0x00000008   Data   RW         5214    .data               timers.o
    0x20000db0   0x00000008   Data   RW         5298    .data               udp.o
    0x20000db8   0x00000014   Data   RW         5460    .data               ip.o
    0x20000dcc   0x00000001   Data   RW         6043    .data               etharp.o
    0x20000dcd   0x00000003   PAD
    0x20000dd0   0x00000010   Data   RW         6292    .data               bsp_mqtt_ota.o
    0x20000de0   0x00000004   Data   RW         6537    .data               lifegrd.o
    0x20000de4   0x00000008   Data   RW         7167    .data               timer.o
    0x20000dec   0x00000004   Data   RW         7354    .data               mqttpacket.o
    0x20000df0   0x00000004   Data   RW         7869    .data               mc_w.l(stdout.o)
    0x20000df4   0x00000048   Zero   RW          114    .bss                main.o
    0x20000e3c   0x00000038   Zero   RW          443    .bss                netconfig.o
    0x20000e74   0x00000014   Zero   RW          565    .bss                stm32f10x_it.o
    0x20000e88   0x000000ec   Zero   RW          777    .bss                app_flash.o
    0x20000f74   0x000000c8   Zero   RW         3711    .bss                tasks.o
    0x2000103c   0x00005000   Zero   RW         3903    .bss                heap_4.o
    0x2000603c   0x00002400   Zero   RW         4024    .bss                ethernetif.o
    0x2000843c   0x00000032   Zero   RW         4285    .bss                dhcp.o
    0x2000846e   0x00001414   Zero   RW         4483    .bss                mem.o
    0x20009882   0x00000002   PAD
    0x20009884   0x00002ae7   Zero   RW         4525    .bss                memp.o
    0x2000c36b   0x00000001   PAD
    0x2000c36c   0x00000014   Zero   RW         5068    .bss                tcp_in.o
    0x2000c380   0x000000c8   Zero   RW         6041    .bss                etharp.o
    0x2000c448   0x000000c0   Zero   RW         7166    .bss                timer.o
    0x2000c508   0x00000800   Zero   RW           17    STACK               startup_stm32f10x_cl.o


==============================================================================

Image component sizes


      Code (inc. data)   RO Data    RW Data    ZI Data      Debug   Object Name

      1076        408          0         88        236       3437   app_flash.o
      1074        166          0          8          0       6074   app_ntp.o
      1832        542          0        203          0      10396   app_plat.o
       126         34          0          0          0       1114   bsp.o
       234          8          0          0          0       1835   bsp_can.o
       256         16          0          0          0      18484   bsp_cpu_flash.o
       134          4          0          0          0       1236   bsp_key.o
       240         16          0          0          0       2183   bsp_led.o
      1360        428        550         16          0      20520   bsp_mqtt_ota.o
       294         22          0          0          0       3562   bsp_timer.o
       234         16          0          0          0       2728   bsp_usart.o
         0          0          0          0          0       4532   core_cm3.o
        16          0          0          0          0       2592   def.o
      3286         80          0          4         50      21820   dhcp.o
       110          6          0          0          0       2968   emcy.o
      1666         68         12          1        200      14652   etharp.o
       572         52          0          6       9216      17847   ethernetif.o
       368         24          0         24      20480       4219   heap_4.o
       360         10          0          0          0       3101   icmp.o
         0          0          0          0          0       3880   inet.o
       172          0          0          0          0       2837   inet_chksum.o
         0          0          0          0          0       1396   init.o
       624         24          0         20          0       7637   ip.o
       314          6          8          0          0       9202   ip_addr.o
      1128        112         73          4          0      12216   lifegrd.o
       136          0          0          0          0       4874   list.o
      1252        298          0         24         72     107897   main.o
       648         28          0         16       5140       5361   mem.o
       144         20         48          0      10983       3546   memp.o
       120         16          0          0          0      16727   misc.o
       496         18          0          0          0       3232   mqttconnectclient.o
       142          0          0          0          0       1578   mqttdeserializepublish.o
       432         22          0          4          0       9480   mqttpacket.o
       250          0          0          0          0       4029   mqttserializepublish.o
       186          0          0          0          0       2438   mqttsubscribeclient.o
       184         26          0         16         56       9614   netconfig.o
       298         18          0         12          0       7954   netif.o
       518         26          0          0          0      37405   netinit.o
        72          0          0          0          0       1800   nmtmaster.o
       192          0          0          0          0       1478   nmtslave.o
       504         28          0          0          0       5222   objacces.o
       868          0          0          0          0       8885   pbuf.o
      1896         16          0          0          0      11882   pdo.o
       376         52          0          4          0       7533   port.o
      1058          0          0          0          0       9741   queue.o
       116         12          0          4          0       1684   raw.o
      6398         64          0          0          0      34118   sdo.o
        36          8        336          0       2048        864   startup_stm32f10x_cl.o
       856         26         64          0          0       7286   states.o
      1556        164          0         16          0      17735   stm32_eth.o
       760         10          0          0          0      13356   stm32f10x_can.o
       156         14          0          0          0       4576   stm32f10x_exti.o
       240         36          0          0          0      12557   stm32f10x_flash.o
       324         16          0          0          0      14284   stm32f10x_gpio.o
       198         40          0          1         20       5130   stm32f10x_it.o
       452         84          0         20          0      24339   stm32f10x_rcc.o
       604        106          0          0          0      27836   stm32f10x_tim.o
       338          6          0          0          0      13235   stm32f10x_usart.o
       260         10          0          0          0       5468   sync.o
       136          0          0          0          0       2751   sys_arch.o
       304         40          0         20          0     288661   system_stm32f10x.o
      1680        150          0         56        200      17943   tasks.o
      2410         96        201         36          0      28160   tcp.o
      4406       1066        529          6          0      32525   tcp_client.o
      3114        126          0         28         20      16771   tcp_in.o
      2514         10          0          0          0      15863   tcp_out.o
       592         24        378       2743          0      19411   testmaster.o
       340         26          0          8        192       4114   timer.o
       200         36          0          8          0       2221   timers.o
       910         26          0          8          0      17509   udp.o

    ----------------------------------------------------------------------
     54250       4806       2248       3568      48916    1069541   Object Totals
         0          0         32          0          0          0   (incl. Generated)
       102          0         17        164          3          0   (incl. Padding)

    ----------------------------------------------------------------------

      Code (inc. data)   RO Data    RW Data    ZI Data      Debug   Library Member Name

        86          0          0          0          0          0   __dczerorl2.o
         0          0          0          0          0          0   entry.o
         0          0          0          0          0          0   entry10a.o
         0          0          0          0          0          0   entry11a.o
         8          4          0          0          0          0   entry2.o
         4          0          0          0          0          0   entry5.o
         0          0          0          0          0          0   entry7b.o
         0          0          0          0          0          0   entry8b.o
         8          4          0          0          0          0   entry9a.o
        30          0          0          0          0          0   handlers.o
        36          8          0          0          0         68   init.o
         0          0          0          0          0          0   iusefp.o
        30          0          0          0          0         68   llshl.o
        36          0          0          0          0         68   llsshr.o
        32          0          0          0          0         68   llushr.o
        26          0          0          0          0         80   memcmp.o
        36          0          0          0          0         68   memcpya.o
        36          0          0          0          0        108   memseta.o
      2374        100          0          0          0        752   printfa.o
         0          0          0          4          0          0   stdout.o
        18          0          0          0          0         68   strcpy.o
        14          0          0          0          0         68   strlen.o
        30          0          0          0          0         80   strncmp.o
        24          0          0          0          0         76   strncpy.o
        36          0          0          0          0         80   strstr.o
        44          0          0          0          0         80   uidiv.o
        98          0          0          0          0         92   uldiv.o
        48          0          0          0          0         68   cdrcmple.o
       334          0          0          0          0        148   dadd.o
       222          0          0          0          0        100   ddiv.o
       186          0          0          0          0        176   depilogue.o
        48          0          0          0          0         68   dfixul.o
       228          0          0          0          0         96   dmul.o

    ----------------------------------------------------------------------
      4074        116          0          4          0       2480   Library Totals
         2          0          0          0          0          0   (incl. Padding)

    ----------------------------------------------------------------------

      Code (inc. data)   RO Data    RW Data    ZI Data      Debug   Library Name

      3006        116          0          4          0       1824   mc_w.l
      1066          0          0          0          0        656   mf_w.l

    ----------------------------------------------------------------------
      4074        116          0          4          0       2480   Library Totals

    ----------------------------------------------------------------------

==============================================================================


      Code (inc. data)   RO Data    RW Data    ZI Data      Debug   

     58324       4922       2248       3572      48916    1045993   Grand Totals
     58324       4922       2248       1100      48916    1045993   ELF Image Totals (compressed)
     58324       4922       2248       1100          0          0   ROM Totals

==============================================================================

    Total RO  Size (Code + RO Data)                60572 (  59.15kB)
    Total RW  Size (RW Data + ZI Data)             52488 (  51.26kB)
    Total ROM Size (Code + RO Data + RW Data)      61672 (  60.23kB)

==============================================================================

